08-11 15:54:32.358 22530 22530 D [WeatherWidget(1434)]  : {[236FFFA4FE6D378EDABD8749C406D4B6230C51D0EE18850996C7395F72B13F63ED08461A816138AC3B57431D5932500FFD2BDB71BCDFFB44C94BB7690874631DBD8C9D99478A214C814CA97B13DC24ACCBFD065762E6FC9CDCD193C7BAF654F7]}
08-11 15:54:32.359 22530 22530 D [WeatherWidget(1434)]  : {[9163A4F90939E4214738A2BD62FBEB8F54B311C2E85755BF95BCCD4EA86637C91EF3B618AA9FFCA888A5DE6DCF2B3B32549F519F5FA9F7AA2EDF7FF524CEA602]}
08-11 15:54:32.359 22530 22530 D [WeatherWidget(1434)]  : {[F869D4CD991844C6775DCC227BF537C469A71AC0264BC8DF7C4ACBCDE7644651BDA66E4DECB9A0CBE5DFBD36C8180FCA]}
08-11 15:54:32.360 22530 22530 D [WeatherWidget(1434)]  : {[236FFFA4FE6D378EDABD8749C406D4B623A9033B6C82EC1F6350A42D68D2E0CC94B6985FBB6EC3E92BF375BC4CBB0183A926513A5FAFAD6FA35C0BB54CE136B6]}
08-11 15:54:32.362 22530 22530 D [WeatherWidget(1434)]  : {[236FFFA4FE6D378EDABD8749C406D4B6230C51D0EE18850996C7395F72B13F63ED08461A816138AC3B57431D5932500FFD2BDB71BCDFFB44C94BB7690874631DBD8C9D99478A214C814CA97B13DC24ACCBFD065762E6FC9CDCD193C7BAF654F7]}
08-11 15:54:32.364 22530 22530 D [WeatherWidget(1434)]  : {[EF27E126263288DD748956BD5C59CC936BA8065D14A9248A93D986B9D19F70D3788C7DF55F6D1E2D07894C5C84B55038]}
08-11 15:54:32.365 22530 22530 D [WeatherWidget(1434)]  : {[D00E10C2CECF092D4729C464111FCD9D583136907A75422877D6BC2301F6B4B291EED5055EF6E8C047C653BA7390006E]}
08-11 15:54:32.365 22530 22530 D [WeatherWidget(1434)]  : {[236FFFA4FE6D378EDABD8749C406D4B623A9033B6C82EC1F6350A42D68D2E0CC94B6985FBB6EC3E92BF375BC4CBB0183A926513A5FAFAD6FA35C0BB54CE136B6]}
08-11 15:54:32.367 22530 22530 D [WeatherWidget(1434)]  : {[236FFFA4FE6D378EDABD8749C406D4B6230C51D0EE18850996C7395F72B13F63ED08461A816138AC3B57431D5932500FFD2BDB71BCDFFB44C94BB7690874631DBD8C9D99478A214C814CA97B13DC24ACCBFD065762E6FC9CDCD193C7BAF654F7]}
08-11 15:54:32.372 22530 22530 D [WeatherWidget(1434)]  EasyWeatherAppWidget: {[48948B2BE5213A6D5B0C9B7747497512CAC38177609B2B6F1F16DB965D7D43410EDA2D444ACBA386E91E1FA6B3C38870128DD346C4D39F4B310AAEB16D5215E65B3E04A593E577F60D76D1932AD9EADD94EAF615C6107B1CB6BBC6925C276A50905BC4844BCE60A7227618CF993BA17DA830805EE8E3DA8C533D9DA98B1EDC70]}
08-11 15:54:32.373 22530 22530 D [WeatherWidget(1434)]  : {[0D8BACA2DC34BD7CF347D72E41AD550B8F508FACE331974132013F0895A10C7E34DFB14D885108181960F8CAEA0ED255]}
08-11 15:54:32.373 22530 22530 D [WeatherWidget(1434)]  : {[0D8BACA2DC34BD7CF347D72E41AD550B998055CF93AC405787FA0E75EE9900BEFE009D1DCC6FF016A0E1AF96BF35BB0E]}
08-11 15:54:32.373 22530 22530 D [WeatherWidget(1434)]  : {[0D8BACA2DC34BD7CF347D72E41AD550BF06C9E44D01865095B7DE6E7683639B6D4478FC80522F3350AB3F9C860C7E9FD]}
08-11 15:54:32.374 22530 22530 D [WeatherWidget(1434)]  : {[3A61777C9DC0BD9AE45898166BDB4D635E80B6EB63820FDAD3483FCE301D5CF8F8E771C122FA61F13569A45D6311BAA8]}
08-11 15:54:32.378 22530 22530 D [WeatherWidget(1434)]  : {[0D8BACA2DC34BD7CF347D72E41AD550B88E82FA25F3CAF473A99E4698D5FFC992D96668E9F06F45C801BED620EAACFC43E2166C7165E8F52329BDE1E3C726A952D000B99EDDD5C37BC4BE50C694B48D0]}
08-11 15:54:32.378 22530 22530 D [WeatherWidget(1434)]  : {[0D8BACA2DC34BD7CF347D72E41AD550B82C439FA815430A70D4D38A06DA49E58EED63CF6DB6B397FE4C47CF1B26C18F1]}
08-11 15:54:32.378 22530 22530 D [WeatherWidget(1434)]  : {[0D8BACA2DC34BD7CF347D72E41AD550B5A8A8B8D8D4B9C9286EE6FBF70B786169DEB8BA04E230F2DDBBF4A0681C96C74F54745DEF9166EFCD3956BB4C529B9D4]}
08-11 15:54:32.378 22530 22530 D [WeatherWidget(1434)]  : {[0D8BACA2DC34BD7CF347D72E41AD550B12B0BEDF2809907ECFBCD04063A3DC27160042A14ED845C94ECCC6A9A6DB041F095A73E214439DDB02055FD67D0D12F8]}
08-11 15:54:32.379 22530 22530 D [WeatherWidget(1434)]  : {[0D8BACA2DC34BD7CF347D72E41AD550B680B0EF1F0420966CFDF350172951094041BFB3B55FCE22DB165DA335449720F]}
08-11 15:54:32.379 22530 22530 D [WeatherWidget(1434)]  : {[0D8BACA2DC34BD7CF347D72E41AD550BF79E4937237EA1E7E2340E87594EFAD812B861504996257CD075834A463DB495DAC0BD9EC99204D82C2A3E5733355A249A416F11AE96620D2FEB93D0BE4BF137]}
08-11 15:54:32.379 22530 22530 D [WeatherWidget(1434)]  : {[0D8BACA2DC34BD7CF347D72E41AD550B763DD533AACF85E22066510C0D9555324FDA5EC00A21702CB823B5B6939DB45A]}
08-11 15:54:32.379 22530 22530 D [WeatherWidget(1434)]  : {[0D8BACA2DC34BD7CF347D72E41AD550B78126FFCB09065477AD7003DBE052F246EFFF7DDB3A888A4340816A7F87C4D88F3BD4A692CD2EE6748D7CB5C8062B6ADE7BFA47DE660DBC84971326B3C47F229]}
08-11 15:54:32.380 22530 22530 D [WeatherWidget(1434)]  : {[0D8BACA2DC34BD7CF347D72E41AD550B0F0F15A5E0F177E857AE197C47448DFB622B03926403556B10F70F5574565171EB6F302E43A832D30E7140ADDCF35BBF6A3086BE9890369C9D7B62F190A445D0]}
08-11 15:54:32.381 22530 22530 D [WeatherWidget(1434)]  : {[0D8BACA2DC34BD7CF347D72E41AD550B9C3E997611F2E20A777CFFA50A6993F490D6446CB429142618A7B88786400B9F21C7CF60AAD861E86A5288222898DD34]}
08-11 15:54:32.381 22530 22530 D [WeatherWidget(1434)]  : {[F869D4CD991844C6775DCC227BF537C469A71AC0264BC8DF7C4ACBCDE7644651BDA66E4DECB9A0CBE5DFBD36C8180FCA]}
08-11 15:54:32.382 22530 22530 D [WeatherWidget(1434)]  : {[0F83D955A1CC5AF1A30CB3BB1EBAA67EFDEDBCA5B35ECAB5D6E7D4DF52B67388DE0D894DE309BEC803F3B54BC4C7820CF7F2B22BF1C4BF5D3422CDC3BF7FCA7F0B30DEC5A27099049C615678E2C2E97EF66F819A6D6FB6933FDC3E3FFD4AD1B1E3A8C8C90F8E6E4251A811A59E5A9EBA]}
08-11 15:54:32.385 22530 22530 D [WeatherWidget(1434)]  : {[A1AF0F6A1A65A89C43D705938923D0FE9D5066B23A95A11461EAB6391D1C64E30F402D3FE6380358D56DB784A9A2432E]}
08-11 15:54:32.385 22530 22530 D [WeatherWidget(1434)]  DateTimeUtil: {[A1AF0F6A1A65A89C43D705938923D0FEFDF94E46D2804BEC0EFADBA73ED8BC5A5540C50A6CEEE3215DA28879B70D36FC1A554967F939FF9E23CAE63CE3613213C50E4BD33869DDF0BBA14DEF108C97D3AB0E7765743AF2A4E9E70B3FBFF35C94D0311164C05649FF544674538F300CB3]}
08-11 15:54:32.387 22530 22530 D [WeatherWidget(1434)]  : {[A1AF0F6A1A65A89C43D705938923D0FE9D5066B23A95A11461EAB6391D1C64E30F402D3FE6380358D56DB784A9A2432E]}
08-11 15:54:32.387 22530 22530 D [WeatherWidget(1434)]  DateTimeUtil: {[A1AF0F6A1A65A89C43D705938923D0FEFDF94E46D2804BEC0EFADBA73ED8BC5A5540C50A6CEEE3215DA28879B70D36FC1A554967F939FF9E23CAE63CE3613213C50E4BD33869DDF0BBA14DEF108C97D3AB0E7765743AF2A4E9E70B3FBFF35C94D0311164C05649FF544674538F300CB3]}
08-11 15:54:32.389 22530 22530 D [WeatherWidget(1434)]  : {[A1AF0F6A1A65A89C43D705938923D0FE9D5066B23A95A11461EAB6391D1C64E30F402D3FE6380358D56DB784A9A2432E]}
08-11 15:54:32.389 22530 22530 D [WeatherWidget(1434)]  DateTimeUtil: {[A1AF0F6A1A65A89C43D705938923D0FEFDF94E46D2804BEC0EFADBA73ED8BC5A5540C50A6CEEE3215DA28879B70D36FC1A554967F939FF9E23CAE63CE3613213C50E4BD33869DDF0BBA14DEF108C97D3AB0E7765743AF2A4E9E70B3FBFF35C94D0311164C05649FF544674538F300CB3]}
08-11 15:54:32.404  3827 18694 D WindowManager: addWindow: android.view.IWindow$Stub$Proxy@bcf4324 displayId=0
08-11 15:54:32.405  3827 18694 D InputTransport: Input channel constructed: fd=347
08-11 15:54:32.405  3827 18694 D InputTransport: Input channel constructed: fd=493
08-11 15:54:32.406  3827 18694 D InputTransport: Input channel destroyed: fd=493
08-11 15:54:32.406 22584 22584 D InputTransport: Input channel constructed: fd=63
08-11 15:54:32.407 22584 22584 D ViewRootImpl@ab5a2c3[MainActivity]: setView = DecorView@cbfe740[MainActivity] touchMode=true
08-11 15:54:32.408  3827  3839 D ActivityManager: post active user change for 0 fullscreen true isHomeActivity() false
08-11 15:54:32.408  3827  3839 D KnoxTimeoutHandler: postActiveUserChange [MsgParam] userId: 0 fullscreen is true showWhenlocked is false isMutiwindowRecord is false multiwindowstyle is 0
08-11 15:54:32.408  3827  3827 D KnoxTimeoutHandler: handleActiveUserChange [MsgParam] userId: 0 fullscreen is true showWhenlocked is false isMutiwindowRecord is false multiwindowstyle is 0
08-11 15:54:32.409  3827  3827 I KnoxTimeoutHandler: Shared devices show user statefalse
08-11 15:54:32.412  3827  3852 D LockSettingsStorage: mSKTLockState = 2
08-11 15:54:32.420  3827  4533 V WindowManager: Relayout Window{f0a4842d0 u0 com.yanzhenjie.album.sample/com.yanzhenjie.album.sample.MainActivity}: viewVisibility=0 req=1440x2464 WM.LayoutParams{(0,0)(fillxfill) sim=#120 ty=1 fl=#81810100 wanim=0x1030465 vsysui=0x600 needsMenuKey=2 naviIconColor=0}
08-11 15:54:32.422  3111  3111 I SurfaceFlinger: id=1908 createSurf (1440x2560),1 flag=404, NainActivit
08-11 15:54:32.423  3827 22602 D TspStateManagerInternal: update cmd=set_grip_data,1,40,10,10,0
08-11 15:54:32.424  3827  4533 D LockSettingsStorage: mSKTLockState = 2
08-11 15:54:32.425  3827  4586 D MdnieScenarioControlService:  packageName : com.yanzhenjie.album.sample    className : com.yanzhenjie.album.sample.MainActivity
08-11 15:54:32.426  3827  4533 D InputDispatcher: Focus entered window: 22584
08-11 15:54:32.431 22584 22600 I OpenGLRenderer: Initialized EGL, version 1.4
08-11 15:54:32.431 22584 22600 D OpenGLRenderer: Swap behavior 1
08-11 15:54:32.435 22584 22600 D libGLESv1: STS_GLApi : DTS is not allowed for Package : com.yanzhenjie.album.sample
08-11 15:54:32.439 22584 22600 D mali_winsys: EGLint new_window_surface(egl_winsys_display*, void*, EGLSurface, EGLConfig, egl_winsys_surface**, egl_color_buffer_format*, EGLBoolean) returns 0x3000,  [1440x2560]-format:1
08-11 15:54:32.446 22584 22584 D ViewRootImpl@ab5a2c3[MainActivity]: MSG_RESIZED_REPORT: ci=Rect(0, 96 - 0, 0) vi=Rect(0, 96 - 0, 0) or=1
08-11 15:54:32.507  3827  5819 D WindowManager: finishDrawingWindow: Window{f0a4842d0 u0 com.yanzhenjie.album.sample/com.yanzhenjie.album.sample.MainActivity} mDrawState=DRAW_PENDING
08-11 15:54:32.507 22584 22584 D ViewRootImpl@ab5a2c3[MainActivity]: MSG_WINDOW_FOCUS_CHANGED 1
08-11 15:54:32.508  3827  3852 D LockSettingsStorage: mSKTLockState = 2
08-11 15:54:32.508 22584 22584 V InputMethodManager: Starting input: tba=android.view.inputmethod.EditorInfo@de4397a nm : com.yanzhenjie.album.sample ic=null
08-11 15:54:32.508 22584 22584 I InputMethodManager: [IMM] startInputInner - mService.startInputOrWindowGainedFocus
08-11 15:54:32.509  3827  5815 D InputMethodManagerService: windowGainedFocus mCurrentFocusedUserId - 0 and mSecureKeypadEnabled-false
08-11 15:54:32.509  3827  3852 D LockSettingsStorage: mSKTLockState = 2
08-11 15:54:32.511  3827  5815 D InputMethodManagerService: mDesktopModeManager null!
08-11 15:54:32.511  3827  5815 D InputTransport: Input channel constructed: fd=493
08-11 15:54:32.511  3827  5815 D InputTransport: Input channel constructed: fd=495
08-11 15:54:32.511  3827  5815 D InputTransport: Input channel destroyed: fd=495
08-11 15:54:32.511  5639  5639 D InputTransport: Input channel destroyed: fd=81
08-11 15:54:32.511 21688 22480 D InputTransport: Input channel constructed: fd=59
08-11 15:54:32.512  3827  3852 D KnoxTimeoutHandler: notifyActivityDrawn [MsgParam] userId: 0 fullscreen is true showWhenlocked is false isMutiwindowRecord is false multiwindowstyle is 1
08-11 15:54:32.512  3827  3827 D KnoxTimeoutHandler: activityDrawn [MsgParam] userId: 0 fullscreen is true showWhenlocked is false isMutiwindowRecord is false multiwindowstyle is 1
08-11 15:54:32.513  3827  3827 I KnoxTimeoutHandler: SD activityfalse
08-11 15:54:32.513  3827  3827 I KnoxTimeoutHandler: Fullscreen and mCurrent is not KNOX user. Hence hide keyguard
08-11 15:54:32.513  3827  3852 I ActivityManager: Displayed com.yanzhenjie.album.sample/.MainActivity: +295ms (total +1h1m2s339ms)
08-11 15:54:32.513  3827  3852 D LockSettingsStorage: mSKTLockState = 2
08-11 15:54:32.514  3827  3852 D ViewRootImpl@56d4863[sample]: dispatchDetachedFromWindow
08-11 15:54:32.515  3827  3852 D LockSettingsStorage: mSKTLockState = 2
08-11 15:54:32.516  3827  3852 D InputTransport: Input channel destroyed: fd=486
08-11 15:54:32.516  3827  3852 D InputTransport: Input channel destroyed: fd=487
08-11 15:54:32.535  3827  3839 D InputTransport: Input channel constructed: fd=486
08-11 15:54:32.535  3827  3839 D InputTransport: Input channel destroyed: fd=486
08-11 15:54:32.535 22584 22597 D InputTransport: Input channel constructed: fd=71
08-11 15:54:32.536 22584 22584 V InputMethodManager: Starting input: tba=android.view.inputmethod.EditorInfo@20bd52b nm : com.yanzhenjie.album.sample ic=null
08-11 15:54:32.580  7060  7060 I Utils   : isCurrentUser current = 0, ownerId = 0
08-11 15:54:32.580  7060  7060 I TrayVisibilityController: getComputedTrayVisible : keyguardState = 1
08-11 15:54:32.580  7060  7060 I TrayVisibilityController: updateTrayVisible : State : 1 visible = 1 mCurrentVisible = 1
08-11 15:54:32.580  7060  7060 D TrayStateController: onNotifyUpdateTray: 0 to need to visible? true
08-11 15:54:32.659 17093 17093 I WearableService: Wearable Services stopping
08-11 15:54:32.709  3827  3852 I WindowManager: Destroying surface Surface(name=Starting com.yanzhenjie.album.sample) called by com.android.server.wm.WindowStateAnimator.destroySurface:2838 com.android.server.wm.WindowStateAnimator.destroySurfaceLocked:1069 com.android.server.wm.WindowState.destroyOrSaveSurface:2534 com.android.server.wm.AppWindowToken.destroySurfaces:412 com.android.server.wm.AppWindowToken.destroySurfaces:376 com.android.server.wm.WindowStateAnimator.finishExit:654 com.android.server.wm.WindowStateAnimator.stepAnimationLocked:564 com.android.server.wm.WindowAnimator.updateWindowsLocked:439 
08-11 15:54:32.709  3111  3118 I SurfaceFlinger: id=1907 Removed tample (4/10)
08-11 15:54:32.710  3827  3852 D LockSettingsStorage: mSKTLockState = 2
08-11 15:54:32.712  3111  3118 I SurfaceFlinger: id=1907 Removed tample (-2/10)
08-11 15:54:32.713  3827  3852 D LockSettingsStorage: mSKTLockState = 2
08-11 15:54:32.742  3827  3852 D CustomFrequencyManagerService: releaseDVFSLockLocked : Getting Lock type frm List : DVFS_MIN_LIMIT  frequency : 1768000  uid : 1000  pid : 3827  tag : AMS_RESUME@CPU_MIN@8
08-11 15:54:32.742  3827  3852 D ActivityManager: mActivityResumeBooster.release()
08-11 15:54:32.744  3827  3844 D ActivityTrigger: ActivityTrigger activityStopTrigger 
08-11 15:54:32.747  5639  5639 D EasyLauncher.Launcher: onSaveInstanceState:mEditMode : false
08-11 15:54:32.748  5639  5639 D EasyLauncher.Launcher: onStop
08-11 15:54:32.754  3827  3844 D ActivityManager: mActivityResumeBoosterTail.acquire()
08-11 15:54:32.758  3827  3844 D CustomFrequencyManagerService: acquireDVFSLockLocked : type : DVFS_MIN_LIMIT  frequency : 1768000  uid : 1000  pid : 3827  pkgName : AMS_RESUME_TAIL@CPU_MIN@14
08-11 15:54:32.760  3827  3852 D LockSettingsStorage: mSKTLockState = 2
08-11 15:54:32.761  3827  3852 D LockSettingsStorage: mSKTLockState = 2
08-11 15:54:32.761  4717  4717 V WallpaperService: Visibility change in com.android.systemui.ImageWallpaper$DrawableEngine@5383eb3: 0
08-11 15:54:32.762  4717  4717 V WallpaperService: onVisibilityChanged(false): com.android.systemui.ImageWallpaper$DrawableEngine@5383eb3
08-11 15:54:32.762  4717  4717 D ImageWallpaper: onVisibilityChanged: mVisible, visible=true, false
08-11 15:54:32.762  4717  4717 D ImageWallpaper: Visibility changed to visible=false
08-11 15:54:32.764  3827  3852 D KnoxTimeoutHandler: notifyActivityDrawn [MsgParam] userId: 0 fullscreen is true showWhenlocked is false isMutiwindowRecord is false multiwindowstyle is 1
08-11 15:54:32.765  3827  3827 D KnoxTimeoutHandler: activityDrawn [MsgParam] userId: 0 fullscreen is true showWhenlocked is false isMutiwindowRecord is false multiwindowstyle is 1
08-11 15:54:32.766  3827  3827 I KnoxTimeoutHandler: SD activityfalse
08-11 15:54:32.766  3827  3827 I KnoxTimeoutHandler: Fullscreen and mCurrent is not KNOX user. Hence hide keyguard
08-11 15:54:32.775  3827  3852 D LockSettingsStorage: mSKTLockState = 2
08-11 15:54:32.777  3827 18694 I WindowManager: Destroying surface Surface(name=com.sec.android.app.easylauncher/com.sec.android.app.easylauncher.Launcher) called by com.android.server.wm.WindowStateAnimator.destroySurface:2838 com.android.server.wm.WindowStateAnimator.destroySurfaceLocked:1069 com.android.server.wm.WindowState.destroyOrSaveSurface:2534 com.android.server.wm.AppWindowToken.destroySurfaces:412 com.android.server.wm.AppWindowToken.destroySurfaces:376 com.android.server.wm.AppWindowToken.notifyAppStopped:456 com.android.server.wm.WindowManagerService.notifyAppStopped:5185 com.android.server.am.ActivityStack.activityStoppedLocked:1571 
08-11 15:54:32.777  3111  8239 I SurfaceFlinger: id=1904 Removed Mauncher (1/9)
08-11 15:54:32.782  3111  3118 I SurfaceFlinger: id=1904 Removed Mauncher (-2/9)
08-11 15:54:32.784  5340  5351 D ForegroundUtils: could not check pending caller
08-11 15:54:32.863  3827  4948 D libgps  : OnGpsExtensionMessage: message_id(1), data(0x70620d8044), size(2728)
08-11 15:54:32.863  3827  4948 D libgps  : proxy__gnss_sv_status_cb: called. num_svs(0)
08-11 15:54:32.882 22622 22622 I FIPS_bssl: FIPS (v1.1) approved mode (1) | 22622 | ps
08-11 15:54:32.914  3827  4586 D MdnieScenarioControlService:  packageName : com.yanzhenjie.album.sample    className : com.yanzhenjie.album.sample.MainActivity
08-11 15:54:33.027  5639  5639 D EasyCapture: currentOrientation: 1 mMainHomeScreenshot: true mMainHomeScreenshotLand: true
08-11 15:54:33.027  5639  5639 D EasyCapture: getCaptureBitmap getWidth : 1440 getHeight : 2560
08-11 15:54:33.052  3827  4531 D WifiStateMachine: Current network is: "CMU-SECURE" , ID is: 0
08-11 15:54:33.052  3827  4531 D WifiStateMachine: 5GHz mQnsLowerRssiThreshold is recovered, currentRssi = -56
08-11 15:54:33.058  3827  3827 D CustomFrequencyManagerService: releaseDVFSLockLocked : Getting Lock type frm List : DVFS_MIN_LIMIT  frequency : 1768000  uid : 1000  pid : 3827  tag : AMS_RESUME_TAIL@CPU_MIN@14
08-11 15:54:33.143  5639  5639 D EasyCapture: saveMainHomeScreen start
08-11 15:54:33.866  3827  4948 D libgps  : OnGpsExtensionMessage: message_id(1), data(0x70620d8044), size(2728)
08-11 15:54:33.866  3827  4948 D libgps  : proxy__gnss_sv_status_cb: called. num_svs(0)
08-11 15:54:34.075 22665 22665 I FIPS_bssl: FIPS (v1.1) approved mode (1) | 22665 | ps
08-11 15:54:34.143  3827  5818 V WifiDisplayAdapter: getWifiDisplayStatusLocked: result=WifiDisplayStatus{featureState=2, scanState=0, activeDisplayState=0, activeDisplay=null, displays=[], sessionInfo=WifiDisplaySessionInfo: Client/Owner: Client GroupId:  Passphrase:  SessionId: 0 IP Address: , connectedState=-1, networkQoS=0}
08-11 15:54:34.209 22673 22673 I FIPS_bssl: FIPS (v1.1) approved mode (1) | 22673 | getprop
08-11 15:54:34.232  3827  4044 D SamsungAlarmManager: Expired : 4
08-11 15:54:34.232  3827  4044 I SamsungAlarmManager: setLocked to kernel - T:2 / 20170811T155443, SetElapsed=967823793, nowELAPSED=967814053
08-11 15:54:34.232  3827  4044 I SamsungAlarmManager: setLocked to kernel - T:3 / 20170811T155434, SetElapsed=967814709, nowELAPSED=967814053
08-11 15:54:34.233  3827  4044 V SamsungAlarmManager: Sending to uid : 10020 action=com.google.android.location.ALARM_WAKEUP_LOCATOR alarm=Alarm{b9036cb type 2 when 967814053 com.google.android.gms}
08-11 15:54:34.241  3827  4551 W CAE     : setCAProperty(ContextAwareService.java:580) - [setProperty 01] Mutex is locked for ANY_MOTION_DETECTOR_RUNNER
08-11 15:54:34.242  3827  4551 I CAE     : sendCmdToSensorHub(SensorHubCommManager.java:162) - -72, 58, 1, 0,
08-11 15:54:34.243  3827  4551 D SensorHubManager: SendSensorHubData: send data = -72, 58, 1, 0
08-11 15:54:34.243  3262  2292 D Sensorhubs: sendContextData: -72, 58, 1, 0
08-11 15:54:34.247  3827  4551 I CAE     : setCAProperty(ContextAwareService.java:585) - result : true
08-11 15:54:34.248  3827  4551 W CAE     : setCAProperty(ContextAwareService.java:586) - [setProperty 02] Mutex is unlocked for ANY_MOTION_DETECTOR_RUNNER
08-11 15:54:34.248  3827  4551 D SemContextService: requestToUpdate() : service = Any Motion Detector
08-11 15:54:34.248  3827  4551 D SemContextManager:   .requestToUpdate : listener = android.hardware.scontext.SContextManager$SContextListenerDelegate@c9d7b8, service=Any Motion Detector
08-11 15:54:34.249  3827 32596 V WifiDisplayAdapter: getWifiDisplayStatusLocked: result=WifiDisplayStatus{featureState=2, scanState=0, activeDisplayState=0, activeDisplay=null, displays=[], sessionInfo=WifiDisplaySessionInfo: Client/Owner: Client GroupId:  Passphrase:  SessionId: 0 IP Address: , connectedState=-1, networkQoS=0}
08-11 15:54:34.253  3827  9334 D SamsungAlarmManager: setExact Intent (T:2/F:1/AC:false) 20170811T155439 - CU:10020/CP:17093
08-11 15:54:34.254  3262  3322 D Sensorhubs: readContextData: 1, 1, 58, 0
08-11 15:54:34.254  3827  9334 I SamsungAlarmManager: setLocked to kernel - T:2 / 20170811T155439, SetElapsed=967819060, nowELAPSED=967814075
08-11 15:54:34.254  3827  4049 D SensorHubManager: onGetSensorHubDataLocked: library(4) = 1, 1, 58, 0
08-11 15:54:34.255  3827  4048 D CAE     : onGetSensorHubData(SensorHubParserProvider.java:92) - onGetSensorHubData Event [event buffer len :4], AP_WAKEUP
08-11 15:54:34.255  3827  4048 I CAE     : parse(SensorHubParserProvider.java:189) - buffer size = 4
08-11 15:54:34.256  3827  4048 I CAE     : parse(SensorHubParserProvider.java:200) - 1, 1, 58, 0,
08-11 15:54:34.256  3827  4048 D CAE     : display(ContextProvider.java:375) - ================= ANY_MOTION_DETECTOR_RUNNER =================
08-11 15:54:34.256  3827  4048 I CAE     : display(ContextProvider.java:391) - Action=[0]
08-11 15:54:34.259  3827  4051 D SemContextService: updateContext() : event = Any Motion Detector
08-11 15:54:34.259  3827  4538 D SemContextManager: onSemContextChanged() : event = Any Motion Detector
08-11 15:54:34.260  3827  4538 D SContextManager: onSContextChanged() : event = Any Motion Detector
08-11 15:54:34.335 22678 22678 I FIPS_bssl: FIPS (v1.1) approved mode (1) | 22678 | getprop
08-11 15:54:34.349  3827  4551 D WifiScanningService: time diff: 542383
08-11 15:54:34.355  5639  5639 D EasyCapture: saveMainHomeScreen compress : 369596
08-11 15:54:34.363  5639  5639 D EasyCapture: saveToFileCaptureScreen ret : false SCREENSHOT_FILE_PATH : /storage/emulated/0/Android/data/com.sec.android.app.easylauncher/cache/EasyhomescreenPreview.png
08-11 15:54:34.365  3827  4513 D SecContentProvider: query(), uri = 17 selection = isSettingsChangesAllowed
08-11 15:54:34.366  3827  4513 D SecContentProvider: called from android.uid.sec.activitywidget:10010
08-11 15:54:34.379  3827  7246 V WifiDisplayAdapter: getWifiDisplayStatusLocked: result=WifiDisplayStatus{featureState=2, scanState=0, activeDisplayState=0, activeDisplay=null, displays=[], sessionInfo=WifiDisplaySessionInfo: Client/Owner: Client GroupId:  Passphrase:  SessionId: 0 IP Address: , connectedState=-1, networkQoS=0}
08-11 15:54:34.395  4717  4717 V hong    : mid yDiff = 584
08-11 15:54:34.395  4717  4717 V hong    : mid yDiff = 584
08-11 15:54:34.460 22683 22683 I FIPS_bssl: FIPS (v1.1) approved mode (1) | 22683 | getprop
08-11 15:54:34.519 22685 22685 I FIPS_bssl: FIPS (v1.1) approved mode (1) | 22685 | getprop
08-11 15:54:34.570  3827  3848 V WallpaperManagerService: Wallpaper file change: evt=128 path=settings_system.xml.bak sys=false lock=false imagePending=false whichPending=0x0 written=true index=0
08-11 15:54:34.609  3827  3848 V WallpaperManagerService: Wallpaper file change: evt=8 path=settings_system.xml sys=false lock=false imagePending=false whichPending=0x0 written=true index=0
08-11 15:54:34.609  3827  3848 V WallpaperManagerService: Wallpaper file change: evt=512 path=settings_system.xml.bak sys=false lock=false imagePending=false whichPending=0x0 written=false index=0
08-11 15:54:34.867  3827  4948 D libgps  : OnGpsExtensionMessage: message_id(1), data(0x70620d8044), size(2728)
08-11 15:54:34.868  3827  4948 D libgps  : proxy__gnss_sv_status_cb: called. num_svs(0)
08-11 15:54:34.887 22687 22687 I FIPS_bssl: FIPS (v1.1) approved mode (1) | 22687 | app_process
08-11 15:54:34.887 22687 22687 D SecurityManagerNative: SecurityManagerNative v2.7.2.2 On 64bit PLATFORM With BORINGSSL
08-11 15:54:34.888  3827  4044 D SamsungAlarmManager: Expired : 8
08-11 15:54:34.889  3827  4044 I SamsungAlarmManager: setLocked to kernel - T:3 / 20170811T155434, SetElapsed=967814818, nowELAPSED=967814710
08-11 15:54:34.889  3827  4044 V SamsungAlarmManager: Sending to uid : 10020 listener=android.os.BinderProxy@681e5f5 alarm=Alarm{91b5ea8 type 3 when 967814709 com.google.android.gms}
08-11 15:54:34.893 22687 22687 E appproc : Enhanced Zygote ASLR: ro.knox.enhance.zygote.aslr != 1. Enhanced Zygote ASLR is DISABLED!
08-11 15:54:34.893 22687 22687 D AndroidRuntime: >>>>>> START com.android.internal.os.RuntimeInit uid 2000 <<<<<<
08-11 15:54:34.896 22687 22687 D AndroidRuntime: CheckJNI is OFF
08-11 15:54:34.896 22687 22687 D AndroidRuntime: addProductProperty: start
08-11 15:54:34.903 15796 15796 D Geolocation: {"bearing":0,"timestamp":1502481274892,"speed":0,"time_created":1502481274902,"lat_lon":{"lon":-79.9432286,"lat":40.4451929},"accuracy":899.999,"provider":"fused"}
08-11 15:54:34.908 17093 22120 W ctxmgr  : [AclManager]No 2 for (accnt=account#731186401#, com.google.android.gms(10020):UserLocationProducer, vrsn=11302000, 0, 3pPkg = null ,  3pMdlId = null ,  pid = 17093). Was: 2 for 1, account#731186401#
08-11 15:54:34.934 22687 22687 I [saiv 1.1]: saiv_OnLoadJNI.cpp(38): _init: Version 1.1 Build # 3532
08-11 15:54:34.934 22687 22687 I [saiv 1.1]: saiv_OnLoadJNI.cpp(43): _init: _init() was called
08-11 15:54:34.936  3827  5818 D SamsungAlarmManager: setExact Listener (T:3/F:1/AC:false) 20170811T155444 - CU:10020/CP:17093
08-11 15:54:34.947 17093 31044 I Places  : Converted 0 out of 154 WiFi scans
08-11 15:54:34.950 22687 22687 I MLDAP   :            libMLDAP/MLDAP.c:  53: ================================================
08-11 15:54:34.950 22687 22687 I MLDAP   :            libMLDAP/MLDAP.c:  53:  MLDAP_LIB v1.1.15
08-11 15:54:34.950 22687 22687 I MLDAP   :            libMLDAP/MLDAP.c:  53: ================================================
08-11 15:54:34.994 22687 22687 I TMSDISP : AcsAndroidVirtualDisplayIntfImpl
08-11 15:54:34.997  3827  4044 D SamsungAlarmManager: Expired : 8
08-11 15:54:34.997  3827  4044 I SamsungAlarmManager: setLocked to kernel - T:3 / 20170811T155435, SetElapsed=967814830, nowELAPSED=967814818
08-11 15:54:34.998  3827  4044 V SamsungAlarmManager: Sending to uid : 10020 listener=android.os.BinderProxy@f7e4fc4 alarm=Alarm{8e974a7 type 3 when 967814818 com.google.android.gms}
08-11 15:54:35.009 17093 22120 W ctxmgr  : [AclManager]No 2 for (accnt=account#731186401#, com.google.android.gms(10020):UserLocationProducer, vrsn=11302000, 0, 3pPkg = null ,  3pMdlId = null ,  pid = 17093). Was: 2 for 1, account#731186401#
08-11 15:54:35.009  3827  4044 D SamsungAlarmManager: Expired : 8
08-11 15:54:35.012 22687 22687 D ICU     : No timezone override file found: /data/misc/zoneinfo/current/icu/icu_tzdata.dat
08-11 15:54:35.015  3827  4533 D SamsungAlarmManager: setExact Listener (T:3/F:1/AC:false) 20170811T155445 - CU:10020/CP:17093
08-11 15:54:35.016  3827  4044 I SamsungAlarmManager: setLocked to kernel - T:3 / 20170811T155435, SetElapsed=967814840, nowELAPSED=967814836
08-11 15:54:35.016  3827  4044 V SamsungAlarmManager: Sending to uid : 10020 listener=android.os.BinderProxy@caeb5e2 alarm=Alarm{b4945f2 type 3 when 967814830 com.google.android.gms}
08-11 15:54:35.019  3827  4044 D SamsungAlarmManager: Expired : 8
08-11 15:54:35.020  3827  4044 I SamsungAlarmManager: setLocked to kernel - T:3 / 20170811T155435, SetElapsed=967814850, nowELAPSED=967814841
08-11 15:54:35.020  3827  4044 V SamsungAlarmManager: Sending to uid : 10020 listener=android.os.BinderProxy@df2a430 alarm=Alarm{caeb443 type 3 when 967814840 com.google.android.gms}
08-11 15:54:35.027 22687 22687 I Enhanced Zygote ASLR: DISABLED!
08-11 15:54:35.028 22687 22687 I Radio-JNI: register_android_hardware_Radio DONE
08-11 15:54:35.028 17093 16118 W ctxmgr  : [AclManager]No 2 for (accnt=account#731186401#, com.google.android.gms(10020):UserLocationProducer, vrsn=11302000, 0, 3pPkg = null ,  3pMdlId = null ,  pid = 17093). Was: 2 for 1, account#731186401#
08-11 15:54:35.029  3827  4044 D SamsungAlarmManager: Expired : 8
08-11 15:54:35.030 22687 22687 D ReflectionHelper: loadKlass() : caller=android.app.Activity.<clinit>:7525 <bottom of call stack> 
08-11 15:54:35.030 22687 22687 D ReflectionHelper: Reflecting method.....  class <onScreenChanged>
08-11 15:54:35.031 22687 22687 E SemAffinityControl: SemAffinityControl: registerfunction enter
08-11 15:54:35.031  3827  5815 D SamsungAlarmManager: setExact Listener (T:3/F:1/AC:false) 20170811T155445 - CU:10020/CP:17093
08-11 15:54:35.032  3827  4044 I SamsungAlarmManager: setLocked to kernel - T:3 / 20170811T155435, SetElapsed=967815002, nowELAPSED=967814853
08-11 15:54:35.032  3827  4044 V SamsungAlarmManager: Sending to uid : 10020 listener=android.os.BinderProxy@9864e2e alarm=Alarm{fa1cf3e type 3 when 967814850 com.google.android.gms}
08-11 15:54:35.039 22687 22687 D AndroidRuntime: Calling main entry com.android.commands.input.Input
08-11 15:54:35.043 22687 22687 I Input   : injectMotionEvent: MotionEvent { action=ACTION_DOWN, actionButton=0, id[0]=0, x[0]=1344.0, y[0]=208.0, toolType[0]=TOOL_TYPE_UNKNOWN, buttonState=0, metaState=0, flags=0x0, edgeFlags=0x0, pointerCount=1, historySize=0, eventTime=422150050, downTime=422150050, deviceId=4, source=0x1002 }
08-11 15:54:35.043  3827  9341 D InputDispatcher: Inject motion (22687): action=0x0, eventTime=422150050000000
08-11 15:54:35.043  3827  4065 I InputDispatcher: Delivering touch to (4717): action: 0x4, toolType: 0
08-11 15:54:35.044  3827  4065 I InputDispatcher: Delivering touch to (22584): action: 0x0, toolType: 0
08-11 15:54:35.044 22584 22584 D ViewRootImpl@ab5a2c3[MainActivity]: ViewPostImeInputStage processPointer 0
08-11 15:54:35.044  3827 18694 D SamsungAlarmManager: setExact Listener (T:3/F:1/AC:false) 20170811T155445 - CU:10020/CP:17093
08-11 15:54:35.045 22584 22584 W System  : ClassLoader referenced unknown path: /system/framework/QPerformance.jar
08-11 15:54:35.046 17093 16118 W ctxmgr  : [AclManager]No 2 for (accnt=account#731186401#, com.google.android.gms(10020):UserLocationProducer, vrsn=11302000, 0, 3pPkg = null ,  3pMdlId = null ,  pid = 17093). Was: 2 for 1, account#731186401#
08-11 15:54:35.047 22584 22584 E BoostFramework: BoostFramework() : Exception_1 = java.lang.ClassNotFoundException: Didn't find class "com.qualcomm.qti.Performance" on path: DexPathList[[],nativeLibraryDirectories=[/system/lib64, /vendor/lib64]]
08-11 15:54:35.047 22584 22584 V BoostFramework: BoostFramework() : mPerf = null
08-11 15:54:35.051 22687 22687 I Input   : injectMotionEvent: MotionEvent { action=ACTION_MOVE, actionButton=0, id[0]=0, x[0]=1344.0, y[0]=208.0, toolType[0]=TOOL_TYPE_UNKNOWN, buttonState=0, metaState=0, flags=0x0, edgeFlags=0x0, pointerCount=1, historySize=0, eventTime=422150050, downTime=422150050, deviceId=4, source=0x1002 }
08-11 15:54:35.053 17093 16118 W ctxmgr  : [AclManager]No 2 for (accnt=account#731186401#, com.google.android.gms(10020):UserLocationProducer, vrsn=11302000, 0, 3pPkg = null ,  3pMdlId = null ,  pid = 17093). Was: 2 for 1, account#731186401#
08-11 15:54:35.054  3827  5819 D SamsungAlarmManager: setExact Listener (T:3/F:1/AC:false) 20170811T155445 - CU:10020/CP:17093
08-11 15:54:35.061 22687 22687 I Input   : injectMotionEvent: MotionEvent { action=ACTION_MOVE, actionButton=0, id[0]=0, x[0]=1344.0, y[0]=208.0, toolType[0]=TOOL_TYPE_UNKNOWN, buttonState=0, metaState=0, flags=0x0, edgeFlags=0x0, pointerCount=1, historySize=0, eventTime=422150073, downTime=422150073, deviceId=4, source=0x1002 }
08-11 15:54:35.081 22687 22687 I Input   : injectMotionEvent: MotionEvent { action=ACTION_MOVE, actionButton=0, id[0]=0, x[0]=1344.0, y[0]=208.0, toolType[0]=TOOL_TYPE_UNKNOWN, buttonState=0, metaState=0, flags=0x0, edgeFlags=0x0, pointerCount=1, historySize=0, eventTime=422150092, downTime=422150092, deviceId=4, source=0x1002 }
08-11 15:54:35.095 22687 22687 I Input   : injectMotionEvent: MotionEvent { action=ACTION_MOVE, actionButton=0, id[0]=0, x[0]=1344.0, y[0]=208.0, toolType[0]=TOOL_TYPE_UNKNOWN, buttonState=0, metaState=0, flags=0x0, edgeFlags=0x0, pointerCount=1, historySize=0, eventTime=422150107, downTime=422150107, deviceId=4, source=0x1002 }
08-11 15:54:35.114 22687 22687 I Input   : injectMotionEvent: MotionEvent { action=ACTION_MOVE, actionButton=0, id[0]=0, x[0]=1344.0, y[0]=208.0, toolType[0]=TOOL_TYPE_UNKNOWN, buttonState=0, metaState=0, flags=0x0, edgeFlags=0x0, pointerCount=1, historySize=0, eventTime=422150125, downTime=422150125, deviceId=4, source=0x1002 }
08-11 15:54:35.129 22687 22687 I Input   : injectMotionEvent: MotionEvent { action=ACTION_MOVE, actionButton=0, id[0]=0, x[0]=1344.0, y[0]=208.0, toolType[0]=TOOL_TYPE_UNKNOWN, buttonState=0, metaState=0, flags=0x0, edgeFlags=0x0, pointerCount=1, historySize=0, eventTime=422150140, downTime=422150140, deviceId=4, source=0x1002 }
08-11 15:54:35.146 22687 22687 I Input   : injectMotionEvent: MotionEvent { action=ACTION_MOVE, actionButton=0, id[0]=0, x[0]=1344.0, y[0]=208.0, toolType[0]=TOOL_TYPE_UNKNOWN, buttonState=0, metaState=0, flags=0x0, edgeFlags=0x0, pointerCount=1, historySize=0, eventTime=422150157, downTime=422150157, deviceId=4, source=0x1002 }
08-11 15:54:35.164 22687 22687 I Input   : injectMotionEvent: MotionEvent { action=ACTION_MOVE, actionButton=0, id[0]=0, x[0]=1344.0, y[0]=208.0, toolType[0]=TOOL_TYPE_UNKNOWN, buttonState=0, metaState=0, flags=0x0, edgeFlags=0x0, pointerCount=1, historySize=0, eventTime=422150175, downTime=422150175, deviceId=4, source=0x1002 }
08-11 15:54:35.181  3827  4044 D SamsungAlarmManager: Expired : 8
08-11 15:54:35.182  3827  4044 V SamsungAlarmManager: Sending to uid : 10020 listener=android.os.BinderProxy@c15d35c alarm=Alarm{98068bb type 3 when 967815002 com.google.android.gms}
08-11 15:54:35.190 22687 22687 I Input   : injectMotionEvent: MotionEvent { action=ACTION_MOVE, actionButton=0, id[0]=0, x[0]=1344.0, y[0]=208.0, toolType[0]=TOOL_TYPE_UNKNOWN, buttonState=0, metaState=0, flags=0x0, edgeFlags=0x0, pointerCount=1, historySize=0, eventTime=422150201, downTime=422150201, deviceId=4, source=0x1002 }
08-11 15:54:35.207 22687 22687 I Input   : injectMotionEvent: MotionEvent { action=ACTION_MOVE, actionButton=0, id[0]=0, x[0]=1344.0, y[0]=208.0, toolType[0]=TOOL_TYPE_UNKNOWN, buttonState=0, metaState=0, flags=0x0, edgeFlags=0x0, pointerCount=1, historySize=0, eventTime=422150211, downTime=422150211, deviceId=4, source=0x1002 }
08-11 15:54:35.215  3827  5820 D SamsungAlarmManager: setExact Listener (T:3/F:1/AC:false) 20170811T155445 - CU:10020/CP:17093
08-11 15:54:35.236 17093 22120 W ctxmgr  : [AclManager]No 2 for (accnt=account#731186401#, com.google.android.gms(10020):UserLocationProducer, vrsn=11302000, 0, 3pPkg = null ,  3pMdlId = null ,  pid = 17093). Was: 2 for 1, account#731186401#
08-11 15:54:35.251  3827  9337 I SamsungAlarmManager: setLocked to kernel - T:2 / 20170811T155443, SetElapsed=967823793, nowELAPSED=967815072
08-11 15:54:35.251  3827  9337 I SamsungAlarmManager: setLocked to kernel - T:3 / 20170811T155440, SetElapsed=967820068, nowELAPSED=967815072
08-11 15:54:35.252 22687 22687 I Input   : injectMotionEvent: MotionEvent { action=ACTION_UP, actionButton=0, id[0]=0, x[0]=1344.0, y[0]=208.0, toolType[0]=TOOL_TYPE_UNKNOWN, buttonState=0, metaState=0, flags=0x0, edgeFlags=0x0, pointerCount=1, historySize=0, eventTime=422150263, downTime=422150263, deviceId=4, source=0x1002 }
08-11 15:54:35.253  3827 27488 D InputDispatcher: Inject motion (22687): action=0x1, eventTime=422150263000000
08-11 15:54:35.253  3827  4065 I InputDispatcher: Delivering touch to (22584): action: 0x1, toolType: 0
08-11 15:54:35.257  3827  9337 D SamsungAlarmManager: setInexact Intent (T:2/F:0/AC:false) 20170811T155444 - CU:10020/CP:17093
08-11 15:54:35.258  3827  9337 I SamsungAlarmManager: setLocked to kernel - T:2 / 20170811T155444, SetElapsed=967824060, nowELAPSED=967815079
08-11 15:54:35.266 22584 22584 D ViewRootImpl@ab5a2c3[MainActivity]: ViewPostImeInputStage processPointer 1
08-11 15:54:35.271 22687 22687 D AndroidRuntime: Shutting down VM
08-11 15:54:35.275  3827  5818 D SamsungAlarmManager: setExact Listener (T:3/F:1/AC:false) 20170811T155445 - CU:10020/CP:17093
08-11 15:54:35.276  3827  5095 D SamsungAlarmManager: Cancel Alarm calling from uid:10020 pid :17093 / listener:android.app.IAlarmListener$Stub$Proxy@a42d597
08-11 15:54:35.295  3827  9336 D SamsungAlarmManager: setExact Listener (T:3/F:1/AC:false) 20170811T155450 - CU:10020/CP:17093
08-11 15:54:35.306  3827  5094 I ActivityManager: START u0 {act=null typ=null flg=0x0 cmp=ComponentInfo{com.yanzhenjie.album.sample/com.yanzhenjie.album.AlbumActivity}} from uid 12109 on display 0
08-11 15:54:35.309  3827  5094 D ActivityManager: ActivityRecord() Constructor : multiScreenAttrs=MultiScreenAttrs{mDisplayId=0, mBaseDisplayId=0, mBaseActivity=false}
08-11 15:54:35.311  3827  5094 D CustomFrequencyManagerService: acquireDVFSLockLocked : type : DVFS_MIN_LIMIT  frequency : 1768000  uid : 1000  pid : 3827  pkgName : AMS_RESUME@CPU_MIN@8
08-11 15:54:35.314  3827  5094 D ActivityManager: mActivityResumeBooster.acquire()
08-11 15:54:35.315  3827  5094 D ActivityManager: moveToFront() : reason=sourceStackToFront isAttached=true null
08-11 15:54:35.318  3827  5094 I MultiWindowManagerService: setTaskDimensions: Task=TaskRecord{3662ae1d0 #11897 A=com.yanzhenjie.album.sample U=0 StackId=1 sz=1} minWidth=-1 minHeight=-1 maxWidth=-1 maxHeight=-1
08-11 15:54:35.320  3827  5094 D ActivityManager: moveToFront() : reason=startedActivity setFocusedActivity isAttached=true TaskRecord{3662ae1d0 #11897 A=com.yanzhenjie.album.sample U=0 StackId=1 sz=2}
08-11 15:54:35.321 22697 22697 I FIPS_bssl: FIPS (v1.1) approved mode (1) | 22697 | ps
08-11 15:54:35.322  3827  5094 D InputDispatcher: Focused application set to: xxxx
08-11 15:54:35.324  3827  5094 D InputDispatcher: Focus left window: 22584
08-11 15:54:35.325  3827  5094 D ActivityManager: resumeTopActivityInnerLocked() : #1 prevTask=TaskRecord{3662ae1d0 #11897 A=com.yanzhenjie.album.sample U=0 StackId=1 sz=2} next=ActivityRecord{7db0fa2d0 u0 com.yanzhenjie.album.sample/com.yanzhenjie.album.AlbumActivity t11897} mFocusedStack=ActivityStack{23361ad0 stackId=1, 4 tasks}
08-11 15:54:35.325  3827  5094 D ActivityTrigger: ActivityTrigger activityPauseTrigger 
08-11 15:54:35.325  3827  5094 D GameManagerService: sem_perfomance_mode: 0
08-11 15:54:35.326  7060  7072 I TrayUsageStatesWatcher: notePauseComponent : ComponentInfo{com.yanzhenjie.album.sample/com.yanzhenjie.album.sample.MainActivity}
08-11 15:54:35.327  3827  5094 D LockSettingsStorage: mSKTLockState = 2
08-11 15:54:35.334 22584 22584 D ViewRootImpl@ab5a2c3[MainActivity]: MSG_WINDOW_FOCUS_CHANGED 0
08-11 15:54:35.336  3827  5017 D ActivityManager: resumeTopActivityInnerLocked() : #1 prevTask=TaskRecord{3662ae1d0 #11897 A=com.yanzhenjie.album.sample U=0 StackId=1 sz=2} next=ActivityRecord{7db0fa2d0 u0 com.yanzhenjie.album.sample/com.yanzhenjie.album.AlbumActivity t11897} mFocusedStack=ActivityStack{23361ad0 stackId=1, 4 tasks}
08-11 15:54:35.339  3827  5017 D LockSettingsStorage: mSKTLockState = 2
08-11 15:54:35.339 22687 22687 I TMSDISP : AcsAndroidVirtualDisplayIntfImpl::~AcsAndroidVirtualDisplayIntfImpl - Enter
08-11 15:54:35.339 22687 22687 I TMSDISP : AcsAndroidVirtualDisplayIntfImpl::~AcsAndroidVirtualDisplayIntfImpl - Enter2
08-11 15:54:35.339 22687 22687 I TMSDISP : AcsAndroidVirtualDisplayIntfImpl::~AcsAndroidVirtualDisplayIntfImpl - mSource2
08-11 15:54:35.339 22687 22687 I TMSDISP : AcsAndroidVirtualDisplayIntfImpl::~AcsAndroidVirtualDisplayIntfImpl - Exit
08-11 15:54:35.344  3827  5017 I ActivityManager: KPU : put [com.sec.android.provider.badge] : 6764 K
08-11 15:54:35.344  3827  5017 I ActivityManager: Killing 16923:com.sec.android.provider.badge/u0a3 (adj 906): DHA:empty #33
08-11 15:54:35.347  3827  5017 D GameManagerService: sem_perfomance_mode: 0
08-11 15:54:35.347  3827  3827 D GameManagerService: NotifyRunnable. pkg: com.yanzhenjie.album.sample, type: 4, isMinimized: false, isTunableApp: false
08-11 15:54:35.347  3827  3827 D GameManagerService: unexpected mPrevNotiType: -1
08-11 15:54:35.348  7060 21594 I TrayUsageStatesWatcher: noteResumeComponent : ComponentInfo{com.yanzhenjie.album.sample/com.yanzhenjie.album.AlbumActivity}
08-11 15:54:35.350  3827  5017 D LockSettingsStorage: mSKTLockState = 2
08-11 15:54:35.374  3827  9338 D ActivityManager: cleanUpApplicationRecord -- 16923
08-11 15:54:35.375  5340  5356 D ForegroundUtils: could not check pending caller
08-11 15:54:35.388  4717  5032 D NetworkController.MobileSignalController(0/-2): onSignalStrengthsChanged signalStrength=SignalStrength: 1 99 -1 -200 -1 -200 -1 99 2147483647 2147483647 2147483647 2147483647 2147483647 0x1 gsm|lte level=1
08-11 15:54:35.388  4717  5032 D NetworkController.MobileSignalController(0/-2): getMobileIconGroup(): 0
08-11 15:54:35.395  3827  5017 D WindowManager: addWindow: android.view.IWindow$Stub$Proxy@27e83ee displayId=0
08-11 15:54:35.396  3827  5017 D InputTransport: Input channel constructed: fd=486
08-11 15:54:35.396  3827  5017 D InputTransport: Input channel constructed: fd=487
08-11 15:54:35.397  3827  3845 D WindowManager: set systemUiVisibility of statusbar : vis= 0x8
08-11 15:54:35.398  3827  5017 D InputDispatcher: Focus entered window: 22584
08-11 15:54:35.398  3827  5017 D InputTransport: Input channel destroyed: fd=487
08-11 15:54:35.399 22584 22584 D InputTransport: Input channel constructed: fd=74
08-11 15:54:35.400 22584 22584 D ViewRootImpl@59f26e7[AlbumActivity]: setView = DecorView@482294[] touchMode=true
08-11 15:54:35.401  3827  9341 D WindowManager: adjustSystemUiVisibilityLw : vis= 0x8
08-11 15:54:35.403 22584 22701 D PrivacyStreams: Trying to evaluate query {ImageStorageProvider[] --> PerItemMapper[FieldSetter[albumImage, []]] --> ByFieldGrouper[bucket_id] --> PerItemMapper[FieldSetter[albumFolder, []]] --> MStreamCollector[StreamFieldListCollector[albumFolder], []]}. Purpose {Utility: Album}
08-11 15:54:35.403 22584 22701 D PrivacyStreams: Required Permissions: [android.permission.READ_EXTERNAL_STORAGE]
08-11 15:54:35.404 22584 22701 D PrivacyStreams: Permission granted, evaluating...
08-11 15:54:35.406 22584 22701 D PrivacyStreams: Evaluated.
08-11 15:54:35.411  3827 32597 D WindowManager: addWindow: android.view.IWindow$Stub$Proxy@d98f6ab displayId=0
08-11 15:54:35.412  3827 32597 D InputTransport: Input channel constructed: fd=487
08-11 15:54:35.412  3827 32597 D InputTransport: Input channel constructed: fd=489
08-11 15:54:35.412  3827 32597 D InputTransport: Input channel destroyed: fd=489
08-11 15:54:35.412 22584 22584 D InputTransport: Input channel constructed: fd=75
08-11 15:54:35.415 22584 22584 D ViewRootImpl@461eb56[AlbumActivity]: setView = DecorView@358c4[AlbumActivity] touchMode=true
08-11 15:54:35.415  3827  4978 D ActivityManager: post active user change for 0 fullscreen true isHomeActivity() false
08-11 15:54:35.415  3827  4978 D KnoxTimeoutHandler: postActiveUserChange [MsgParam] userId: 0 fullscreen is true showWhenlocked is false isMutiwindowRecord is false multiwindowstyle is 0
08-11 15:54:35.416  3827  3827 D KnoxTimeoutHandler: handleActiveUserChange [MsgParam] userId: 0 fullscreen is true showWhenlocked is false isMutiwindowRecord is false multiwindowstyle is 0
08-11 15:54:35.417  3827  3827 I KnoxTimeoutHandler: Shared devices show user statefalse
08-11 15:54:35.420  3827  4533 V WindowManager: Relayout Window{e903725d0 u0 com.yanzhenjie.album.sample/com.yanzhenjie.album.AlbumActivity}: viewVisibility=0 req=766x400 WM.LayoutParams{(0,0)(wrapxwrap) gr=#11 sim=#122 ty=2 fl=#1800002 fmt=-2 wanim=0x1030002 surfaceInsets=Rect(128, 128 - 128, 128) needsMenuKey=2 naviIconColor=0}
08-11 15:54:35.421  3111  3111 I SurfaceFlinger: id=1909 createSurf (257x257),1 flag=4, BlbumActivi
08-11 15:54:35.424  3827  4533 D LockSettingsStorage: mSKTLockState = 2
08-11 15:54:35.429  3827  4533 D LockSettingsStorage: mSKTLockState = 2
08-11 15:54:35.438 22584 22600 D mali_winsys: EGLint new_window_surface(egl_winsys_display*, void*, EGLSurface, EGLConfig, egl_winsys_surface**, egl_color_buffer_format*, EGLBoolean) returns 0x3000,  [1022x656]-format:1
08-11 15:54:35.443  3827  5002 V WindowManager: Relayout Window{acf22c6d0 u0 com.yanzhenjie.album.sample/com.yanzhenjie.album.AlbumActivity}: viewVisibility=0 req=1440x2464 WM.LayoutParams{(0,0)(fillxfill) sim=#123 ty=1 fl=#81810100 wanim=0x1030465 vsysui=0x600 needsMenuKey=2 naviIconColor=0}
08-11 15:54:35.443  3111  3111 I SurfaceFlinger: id=1910 createSurf (1440x2560),1 flag=404, BlbumActivi
08-11 15:54:35.446  3827  5002 D LockSettingsStorage: mSKTLockState = 2
08-11 15:54:35.462 22584 22600 D mali_winsys: EGLint new_window_surface(egl_winsys_display*, void*, EGLSurface, EGLConfig, egl_winsys_surface**, egl_color_buffer_format*, EGLBoolean) returns 0x3000,  [1440x2560]-format:1
08-11 15:54:35.463 22584 22584 D ViewRootImpl@59f26e7[AlbumActivity]: MSG_WINDOW_FOCUS_CHANGED 1
08-11 15:54:35.463 22584 22584 V InputMethodManager: Starting input: tba=android.view.inputmethod.EditorInfo@dd07af4 nm : com.yanzhenjie.album.sample ic=null
08-11 15:54:35.463 22584 22584 I InputMethodManager: [IMM] startInputInner - mService.startInputOrWindowGainedFocus
08-11 15:54:35.464  3827  9336 D InputMethodManagerService: windowGainedFocus mCurrentFocusedUserId - 0 and mSecureKeypadEnabled-false
08-11 15:54:35.464  3827  9336 D InputMethodManagerService: mDesktopModeManager null!
08-11 15:54:35.464  3827  9336 D InputTransport: Input channel constructed: fd=489
08-11 15:54:35.464  3827  9336 D InputTransport: Input channel destroyed: fd=489
08-11 15:54:35.464  3827 22704 D TspStateManagerInternal: update cmd=set_grip_data,1,40,10,10,768
08-11 15:54:35.465 22584 22584 D InputTransport: Input channel constructed: fd=77
08-11 15:54:35.465 22584 22584 D InputTransport: Input channel destroyed: fd=71
08-11 15:54:35.475  3827  3838 D WindowManager: finishDrawingWindow: Window{e903725d0 u0 com.yanzhenjie.album.sample/com.yanzhenjie.album.AlbumActivity} mDrawState=DRAW_PENDING
08-11 15:54:35.475  3827  3852 D LockSettingsStorage: mSKTLockState = 2
08-11 15:54:35.495  3827  4533 D WindowManager: finishDrawingWindow: Window{acf22c6d0 u0 com.yanzhenjie.album.sample/com.yanzhenjie.album.AlbumActivity} mDrawState=DRAW_PENDING
08-11 15:54:35.495 22584 22584 D ViewRootImpl@59f26e7[AlbumActivity]: MSG_RESIZED_REPORT: ci=Rect(0, 0 - 0, 0) vi=Rect(0, 0 - 0, 0) or=1
08-11 15:54:35.496  3827  3852 D LockSettingsStorage: mSKTLockState = 2
08-11 15:54:35.500  3827  3852 D LockSettingsStorage: mSKTLockState = 2
08-11 15:54:35.502  3827  3852 D KnoxTimeoutHandler: notifyActivityDrawn [MsgParam] userId: 0 fullscreen is true showWhenlocked is false isMutiwindowRecord is false multiwindowstyle is 1
08-11 15:54:35.502  3827  3827 D KnoxTimeoutHandler: activityDrawn [MsgParam] userId: 0 fullscreen is true showWhenlocked is false isMutiwindowRecord is false multiwindowstyle is 1
08-11 15:54:35.502  3827  3852 I ActivityManager: Displayed com.yanzhenjie.album.sample/com.yanzhenjie.album.AlbumActivity: +165ms
08-11 15:54:35.503  3827  3827 I KnoxTimeoutHandler: SD activityfalse
08-11 15:54:35.503  3827  3827 I KnoxTimeoutHandler: Fullscreen and mCurrent is not KNOX user. Hence hide keyguard
08-11 15:54:35.511  3111  3111 I SurfaceFlinger: id=1911 createSurf (1440x2560),-1 flag=20004, BlbumActivi
08-11 15:54:35.514  3827  3852 D LockSettingsStorage: mSKTLockState = 2
08-11 15:54:35.515 22584 22584 D ViewRootImpl@59f26e7[AlbumActivity]: dispatchDetachedFromWindow
08-11 15:54:35.516  3827 22705 D TspStateManagerInternal: update cmd=set_grip_data,1,40,10,10,0
08-11 15:54:35.517  3827  3845 D WindowManager: set systemUiVisibility of statusbar : vis= 0x608
08-11 15:54:35.519  3827  7246 D LockSettingsStorage: mSKTLockState = 2
08-11 15:54:35.520  3827  7246 D InputDispatcher: Focus left window: 22584
08-11 15:54:35.520  3827  7246 D InputDispatcher: Focus entered window: 22584
08-11 15:54:35.520  3827  7246 D InputTransport: Input channel destroyed: fd=486
08-11 15:54:35.520  3827  9340 D WindowManager: adjustSystemUiVisibilityLw : vis= 0x608
08-11 15:54:35.520 22584 22584 D InputTransport: Input channel destroyed: fd=74
08-11 15:54:35.522 22584 22584 D ViewRootImpl@461eb56[AlbumActivity]: MSG_RESIZED_REPORT: ci=Rect(0, 96 - 0, 0) vi=Rect(0, 96 - 0, 0) or=1
08-11 15:54:35.522 22584 22584 E ViewRootImpl: sendUserActionEvent() mView == null
08-11 15:54:35.528  3827  5002 D WindowManager: finishDrawingWindow: Window{acf22c6d0 u0 com.yanzhenjie.album.sample/com.yanzhenjie.album.AlbumActivity} mDrawState=HAS_DRAWN
08-11 15:54:35.528 22584 22584 D ViewRootImpl@461eb56[AlbumActivity]: MSG_WINDOW_FOCUS_CHANGED 1
08-11 15:54:35.529 22584 22584 V InputMethodManager: Starting input: tba=android.view.inputmethod.EditorInfo@eda4663 nm : com.yanzhenjie.album.sample ic=null
08-11 15:54:35.529 22584 22584 I InputMethodManager: [IMM] startInputInner - mService.startInputOrWindowGainedFocus
08-11 15:54:35.530  3827 27488 D InputMethodManagerService: windowGainedFocus mCurrentFocusedUserId - 0 and mSecureKeypadEnabled-false
08-11 15:54:35.530  3827 27488 D InputMethodManagerService: mDesktopModeManager null!
08-11 15:54:35.530  3827 27488 D InputTransport: Input channel constructed: fd=486
08-11 15:54:35.530  3827 27488 D InputTransport: Input channel destroyed: fd=486
08-11 15:54:35.531 22584 22584 D InputTransport: Input channel constructed: fd=79
08-11 15:54:35.531 22584 22584 D InputTransport: Input channel destroyed: fd=77
08-11 15:54:35.531 22584 22584 E ViewRootImpl: sendUserActionEvent() mView == null
08-11 15:54:35.532  3827 22707 D TspStateManagerInternal: update cmd=set_grip_data,1,40,10,10,768
08-11 15:54:35.566 22584 22600 D OpenGLRenderer: endAllActiveAnimators on 0x707f1f6c00 (RippleDrawable) with handle 0x706e9c1b00
08-11 15:54:35.567  3827  3838 V WindowManager: Relayout Window{f0a4842d0 u0 com.yanzhenjie.album.sample/com.yanzhenjie.album.sample.MainActivity}: viewVisibility=8 req=1440x2560 WM.LayoutParams{(0,0)(fillxfill) sim=#120 ty=1 fl=#81810100 wanim=0x1030465 vsysui=0x600 needsMenuKey=2 naviIconColor=0}
