08-11 15:54:22.086 22009 22009 I fb-UnpackingSoSource: dso store is up-to-date: /data/user/0/com.facebook.katana/lib-xzs
08-11 15:54:22.087 22009 22009 V fb-UnpackingSoSource: releasing dso store lock for /data/user/0/com.facebook.katana/lib-xzs
08-11 15:54:22.159 21995 21995 D ContextRelationMgrBrdg: loadKlass() : caller=com.samsung.android.bridge.multiscreen.common.ContextRelationManagerBridge.<clinit>:28 android.app.LoadedApk.makeApplication:840 
08-11 15:54:22.161 22009 22009 D DexLibLoader: IsArt = true context = null dvmVerifyClassNop = false
08-11 15:54:22.162 22009 22009 E libart_fake: Linking to and calling into libart.so internal functions is not supported. This call to 'SuspendVM' is being ignored.
08-11 15:54:22.162 22009 22009 V dalvik-internals: Hooking function _ZN3art12FaultManager35EnsureArtActionInFrontOfSignalChainEv
08-11 15:54:22.162 22009 22009 V dalvik-internals: hooked _ZN3art12FaultManager35EnsureArtActionInFrontOfSignalChainEv using jump ()
08-11 15:54:22.162 22009 22009 E libart_fake: Linking to and calling into libart.so internal functions is not supported. This call to 'ResumeVM' is being ignored.
08-11 15:54:22.162 22009 22009 V dalvik-internals: hooked signal using trap ()
08-11 15:54:22.162 22009 22009 V dalvik-internals: hooked sysv_signal using trap ()
08-11 15:54:22.162 22009 22009 V dalvik-internals: hooked bsd_signal using trap ()
08-11 15:54:22.163 22009 22009 V dalvik-internals: hooked sigaction using trap ()
08-11 15:54:22.165 22009 22009 W FacebookApplication: error enabling jvm stream
08-11 15:54:22.165 22009 22009 W FacebookApplication: java.lang.UnsatisfiedLinkError: JNI_ERR returned from JNI_OnLoad in "/data/app/com.facebook.katana-1/lib/arm/libcpp_helper.so"
08-11 15:54:22.165 22009 22009 W FacebookApplication: 	at X.00B.a(:1605)
08-11 15:54:22.165 22009 22009 W FacebookApplication: 	at X.007.b(:1420)
08-11 15:54:22.165 22009 22009 W FacebookApplication: 	at X.007.a(:1226)
08-11 15:54:22.165 22009 22009 W FacebookApplication: 	at X.007.a(:1218)
08-11 15:54:22.165 22009 22009 W FacebookApplication: 	at com.facebook.common.dextricks.DalvikInternals.setJvmStreamEnabled(:7294)
08-11 15:54:22.165 22009 22009 W FacebookApplication: 	at com.facebook.katana.app.FacebookApplication.b(:194)
08-11 15:54:22.165 22009 22009 W FacebookApplication: 	at com.facebook.katana.app.FacebookApplication.b(:66)
08-11 15:54:22.165 22009 22009 W FacebookApplication: 	at X.001.c(:1002)
08-11 15:54:22.165 22009 22009 W FacebookApplication: 	at X.000.d(:547)
08-11 15:54:22.165 22009 22009 W FacebookApplication: 	at X.001.attachBaseContext(:997)
08-11 15:54:22.165 22009 22009 W FacebookApplication: 	at android.app.Application.attach(Application.java:213)
08-11 15:54:22.165 22009 22009 W FacebookApplication: 	at android.app.Instrumentation.newApplication(Instrumentation.java:1016)
08-11 15:54:22.165 22009 22009 W FacebookApplication: 	at android.app.Instrumentation.newApplication(Instrumentation.java:1000)
08-11 15:54:22.165 22009 22009 W FacebookApplication: 	at android.app.LoadedApk.makeApplication(LoadedApk.java:835)
08-11 15:54:22.165 22009 22009 W FacebookApplication: 	at android.app.ActivityThread.handleBindApplication(ActivityThread.java:5859)
08-11 15:54:22.165 22009 22009 W FacebookApplication: 	at android.app.ActivityThread.-wrap3(ActivityThread.java)
08-11 15:54:22.165 22009 22009 W FacebookApplication: 	at android.app.ActivityThread$H.handleMessage(ActivityThread.java:1703)
08-11 15:54:22.165 22009 22009 W FacebookApplication: 	at android.os.Handler.dispatchMessage(Handler.java:102)
08-11 15:54:22.165 22009 22009 W FacebookApplication: 	at android.os.Looper.loop(Looper.java:154)
08-11 15:54:22.165 22009 22009 W FacebookApplication: 	at android.app.ActivityThread.main(ActivityThread.java:6692)
08-11 15:54:22.165 22009 22009 W FacebookApplication: 	at java.lang.reflect.Method.invoke(Native Method)
08-11 15:54:22.165 22009 22009 W FacebookApplication: 	at com.android.internal.os.ZygoteInit$MethodAndArgsCaller.run(ZygoteInit.java:1468)
08-11 15:54:22.165 22009 22009 W FacebookApplication: 	at com.android.internal.os.ZygoteInit.main(ZygoteInit.java:1358)
08-11 15:54:22.170 22009 22009 V appstatelogger: Registered App State Logger stream with Breakpad
08-11 15:54:22.170 22009 22009 I dalvik-internals: installed sigmux crash handler for crash log
08-11 15:54:22.170 22009 22009 D ClassFailureStapler: not installing class failure stapler: ART in use
08-11 15:54:22.170 22009 22009 D ContextRelationMgrBrdg: loadKlass() : caller=com.samsung.android.bridge.multiscreen.common.ContextRelationManagerBridge.<clinit>:28 android.app.LoadedApk.makeApplication:840 
08-11 15:54:22.180 21995 21995 I BNRClientProivder, VERSION : 1.7.8: register - started.
08-11 15:54:22.181 21995 21995 I BNRClientProivder, VERSION : 1.7.8: register - xml6 quick_backup : SVOICESETTING, bLEmzxKOex, com.samsung.voiceserviceplatform.SCloudBackUp
08-11 15:54:22.183 21995 21995 I QBNRClientHelper: init SyncClientHelper : SVOICESETTING
08-11 15:54:22.187 21995 21995 I VoiceServicePlatformApp:main:  : VSP::SvoiceApp Oncreate()
08-11 15:54:22.196 21995 21995 I AppSessionManager:main:  : VSP::init() Update from sharedpref
08-11 15:54:22.196 21995 21995 I AppSessionManager:main:  : VSP::init() Update from sharedpref
08-11 15:54:22.212 21995 21995 I PLMUtils:main:  : VSP::isAllTOSAccepted inside non korean device 
08-11 15:54:22.212 21995 21995 I PLMUtils:main:  : VSP::Current TOS accepted state is -1
08-11 15:54:22.214  3827  9338 D MountService: getExternalStorageMountMode : 3
08-11 15:54:22.215  3827  9338 D MountService: getExternalStorageMountMode : 3
08-11 15:54:22.215  3827  9338 D MountService: getExternalStorageMountMode : final mountMode=3, uid : 10042, packageName : com.samsung.svoice.sync
08-11 15:54:22.232 22043 22043 E Zygote  : v2
08-11 15:54:22.232 22043 22043 I libpersona: KNOX_SDCARD checking this for 10042
08-11 15:54:22.232 22043 22043 I libpersona: KNOX_SDCARD not a persona
08-11 15:54:22.232 22043 22043 E Zygote  : accessInfo : 0
08-11 15:54:22.234  3827  9338 I ActivityManager: Start proc 22043:com.samsung.svoice.sync/u0a42 for content provider com.samsung.svoice.sync/com.svoice.upload.database.PLMProvider
08-11 15:54:22.236 22043 22043 W SELinux : SELinux selinux_android_compute_policy_index : Policy Index[1],  Con:u:r:zygote:s0 SPD:SEPF_SECMOBILE_7.0_0006 RAM:SEPF_SECMOBILE_7.0_0005, [-1 -1 0 1 0 1]
08-11 15:54:22.237 22043 22043 I SELinux : SELinux: seapp_context_lookup: seinfo=samsung, level=s0:c512,c768, pkgname=com.samsung.svoice.sync 
08-11 15:54:22.259  3827  5815 D SamsungAlarmManager: Cancel Alarm calling from uid:10104 pid :22009 / op:PendingIntent{fa6de3c: PendingIntentRecord{805096f com.facebook.katana broadcastIntent}}
08-11 15:54:22.262 22043 22043 D TimaKeyStoreProvider: TimaSignature is unavailable
08-11 15:54:22.262 22043 22043 D ActivityThread: Added TimaKeyStore provider
08-11 15:54:22.264  3827  4642 I ActivityManager: DSS on for com.samsung.svoice.sync and scale is 1.0
08-11 15:54:22.276  3827  9340 D SamsungAlarmManager: setExact Intent (T:2/F:0/AC:false) 20170811T160623 - CU:10104/CP:22009
08-11 15:54:22.280 22043 22043 I art     : Starting a blocking GC AddRemoveAppImageSpace
08-11 15:54:22.285  3827  7246 D SamsungAlarmManager: setExact Intent (T:2/F:1/AC:false) 20170811T160942 - CU:10104/CP:22009
08-11 15:54:22.288 22043 22043 D ContextRelationMgrBrdg: loadKlass() : caller=com.samsung.android.bridge.multiscreen.common.ContextRelationManagerBridge.<clinit>:28 android.app.LoadedApk.makeApplication:840 
08-11 15:54:22.301 22043 22043 E SQLiteLog: (5) statement aborts at 2: [PRAGMA journal_mode=PERSIST] 
08-11 15:54:22.301 22043 22043 W SQLiteConnection: Could not change the database journal mode of '/data/user/0/com.samsung.svoice.sync/databases/svoicelocal.db' from 'wal' to 'PERSIST' because the database is locked.  This usually means that there are other open connections to the database which prevents the database from enabling or disabling write-ahead logging mode.  Proceeding without changing the journal mode.
08-11 15:54:22.304 22043 22061 D PLMProvider: match for uri : content://com.samsung.svoice.sync/tos_accepted is : 8
08-11 15:54:22.310 22009 22067 D NetworkSecurityConfig: No Network Security Config specified, using platform default
08-11 15:54:22.310  3300  3790 D EnterpriseController: netId is 0
08-11 15:54:22.310  3300  3790 D Netd    : getNetworkForDns: using netid 504 for uid 10104
08-11 15:54:22.310  3300  3790 D DnsProxyListener: DNSDBG::dns addrinfo af 0
08-11 15:54:22.316 21995 21995 I PLMUtils:main:  : VSP::getTOSAccepted 0
08-11 15:54:22.323 21995 21995 I SVFSettings:main:  : VSP::inside updateAppLocale() en_US
08-11 15:54:22.333 21995 21995 I SVFSettings:main:  : VSP::Current locale string in updateAppLocale method en-US
08-11 15:54:22.334 21995 21995 I SVFSettings:main:  : VSP::After updateing N66_ComamndHandler current locale is en-US
08-11 15:54:22.337 21995 21995 D DeviceInfo: DeviceInfo
08-11 15:54:22.342 21995 21995 D DeviceInfo: getLocale =  en-US
08-11 15:54:22.343 21995 21995 I N66_CommonHandler:main:  : VSP:: locale info at present in updateServerBasedOnlanguage : en-US
08-11 15:54:22.343 21995 21995 I N66_CommonHandler:main:  : VSP::Current configured server is interaction-us2.samsung-svoice.com
08-11 15:54:22.343 21995 21995 I N66_CommonHandler:main:  : VSP::Current configured server port is 443
08-11 15:54:22.348  5200  5200 D io_stats: !@   8,0 r 397506 20167740 w 1251364 25098844 d 81104 8660512 f 440599 440568 iot 919650 706955 th 324048 0 0 pt 0 inp 0 0 422137.359
08-11 15:54:22.350 21995 21995 D SettingsValueDB:main:  : VSP:: match for uri : content://com.samsung.voiceserviceplatform.database.SettingsValueDB/SettingsvalueTb is : -1
08-11 15:54:22.350 21995 21995 D SettingsValueDB:main:  : VSP::URI didnt match
08-11 15:54:22.355 21995 21995 D SettingsValueDB:main:  : VSP:: match for uri : content://com.samsung.voiceserviceplatform.database.SettingsValueDB/SettingsvalueTb is : -1
08-11 15:54:22.355 21995 21995 D SettingsValueDB:main:  : VSP::URI didnt match
08-11 15:54:22.360 21995 21995 D SettingsValueDB:main:  : VSP:: match for uri : content://com.samsung.voiceserviceplatform.database.SettingsValueDB/language is : 3
08-11 15:54:22.360 21995 21995 D SettingsValueDB:main:  : VSP::lang from content values is  en_US
08-11 15:54:22.360 21995 21995 I skwskw:main:  : VSP::############################122 value : en_US
08-11 15:54:22.361 21995 21995 I PLMUtils:main:  : VSP::isAllTOSAccepted inside non korean device 
08-11 15:54:22.361 21995 21995 I PLMUtils:main:  : VSP::Current TOS accepted state is 0
08-11 15:54:22.361 21995 21995 I PLMUtils:main:  : VSP::getTOSAccepted 0
08-11 15:54:22.361 21995 21995 I N66_CommonHandler:main:  : VSP:: rowUpdated : 1
08-11 15:54:22.362 21995 21995 D SVFSettings: updateServerBasedOnLang() connect to server US_PROD2_SERVER_HOST_IP
08-11 15:54:22.411  3827  9336 D MountService: getExternalStorageMountMode : 1
08-11 15:54:22.411  3827  9336 D MountService: getExternalStorageMountMode : 3
08-11 15:54:22.411  3827  9336 D MountService: getExternalStorageMountMode : final mountMode=1, uid : 1000, packageName : com.samsung.SMT
08-11 15:54:22.430 22074 22074 E Zygote  : v2
08-11 15:54:22.430 22074 22074 I libpersona: KNOX_SDCARD checking this for 1000
08-11 15:54:22.430 22074 22074 I libpersona: KNOX_SDCARD not a persona
08-11 15:54:22.431 22074 22074 E Zygote  : accessInfo : 0
08-11 15:54:22.437 22074 22074 W SELinux : SELinux selinux_android_compute_policy_index : Policy Index[1],  Con:u:r:zygote:s0 SPD:SEPF_SECMOBILE_7.0_0006 RAM:SEPF_SECMOBILE_7.0_0005, [-1 -1 0 1 0 1]
08-11 15:54:22.439 22074 22074 I SELinux : SELinux: seapp_context_lookup: seinfo=platform, pkgname=com.samsung.SMT 
08-11 15:54:22.442  3827  9336 I ActivityManager: Start proc 22074:com.samsung.SMT/1000 for service com.samsung.SMT/.SamsungTTSService
08-11 15:54:22.443 21995 21995 I TextToSpeech: Sucessfully bound to com.samsung.SMT
08-11 15:54:22.443 21995 21995 D SV_TTSPlayer: Creating TTS instance!
08-11 15:54:22.445 21995 21995 D Kabra   : initVSF called : {Thread[FinalizerDaemon,5,system]=[Ljava.lang.StackTraceElement;@c509c31, Thread[HeapTaskDaemon,5,system]=[Ljava.lang.StackTraceElement;@ccf9f16, Thread[pool-1-thread-1,5,main]=[Ljava.lang.StackTraceElement;@7e3a097, Thread[ReferenceQueueDaemon,5,system]=[Ljava.lang.StackTraceElement;@2a39284, Thread[FinalizerWatchdogDaemon,5,system]=[Ljava.lang.StackTraceElement;@c61ca6d}
08-11 15:54:22.463 21995 21995 I SamsungHTTPClient:main:  : VSP::MY THREAD ID UI : 1
08-11 15:54:22.466 22074 22074 D TimaKeyStoreProvider: TimaSignature is unavailable
08-11 15:54:22.467 22074 22074 D ActivityThread: Added TimaKeyStore provider
08-11 15:54:22.469  3827  4642 I ActivityManager: DSS on for com.samsung.SMT and scale is 1.0
08-11 15:54:22.480 21995 21995 I sessionThread: create instance for svoice client
08-11 15:54:22.488 22043 22061 D PLMProvider: match for uri : content://com.samsung.svoice.sync/device_id is : 1
08-11 15:54:22.492 22074 22074 W System  : ClassLoader referenced unknown path: /system/app/SamsungTTS/lib/arm64
08-11 15:54:22.498 21995 21995 I svoiceapi_jar: RELEASE_DATE 2017 Jan 31
08-11 15:54:22.498 21995 21995 I svoiceapi_jar: RELEASE_VER  1.01_TCP_Prepare2_TTS_NLG
08-11 15:54:22.498 21995 21995 I svoiceapi_jar: Loading svoice dll
08-11 15:54:22.502 21995 21995 I svoiceapi_jar: Loading success
08-11 15:54:22.505 21995 21995 I svoiceapi: SVoiceSession Release Date : 2017 Jan 31
08-11 15:54:22.505 21995 21995 I svoiceapi: Library Ver : 1.01_TCP_Prepare2_TTS_NLG
08-11 15:54:22.505 21995 21995 I svoiceapi: SVoiceSession::SVoiceSession, Default loglevel = 5
08-11 15:54:22.505 21995 21995 I svoiceapi: create handle : 0xe7139840
08-11 15:54:22.506 21995 21995 I svoiceapi: Sentinel registered : -635074128
08-11 15:54:22.508 21995 21995 D ClientSDKManager : initNLUResponseList
08-11 15:54:22.509 21995 21995 I SV_TTSPlayer: inside TTSDownloadReceiver
08-11 15:54:22.510 21995 22095 I sessionThread: DEBUG : SDK : Session Thread run got called : 
08-11 15:54:22.510 22074 22074 D ContextRelationMgrBrdg: loadKlass() : caller=com.samsung.android.bridge.multiscreen.common.ContextRelationManagerBridge.<clinit>:28 android.app.LoadedApk.makeApplication:840 
08-11 15:54:22.510 21995 22095 I sessionThread:SessionThread:  : VSP::Inside processTask while loop; task is empty so sleeping : 
08-11 15:54:22.516 21995 21995 I VoiceFrameworkService:main:  : VSP::Oncreate() of Service
08-11 15:54:22.518 21995 21995 I VoiceFrameworkServiceHandler:main:  : VSP::VoiceFrameworkServiceHandler() Start
08-11 15:54:22.519 21995 21995 I VoiceFrameworkServiceHandler:main:  : VSP::MyHandlerThread
08-11 15:54:22.519 21995 21995 I VoiceFrameworkServiceHandler:main:  : VSP::VoiceFrameworkServiceHandler() end
08-11 15:54:22.519 21995 22096 I VoiceFrameworkServiceHandler:VoiceFrameworkServiceHandler MyHandlerThread:  : VSP::MyHandlerThread run
08-11 15:54:22.525 21995 21995 I VoiceFrameworkServiceHandler:main:  : VSP::sendMessagetoHandler Rcvd msgCode = 0
08-11 15:54:22.525 21995 21995 I VoiceFrameworkServiceHandler:main:  : VSP::sendMessagetoHandler mHandler = Handler (com.samsung.vsf.core.framework.VoiceFrameworkServiceHandler$MyHandlerThread$1) {952f0}
08-11 15:54:22.525 21995 21995 I VoiceFrameworkServiceHandler:main:  : VSP:: sendMessagetoHandler() VSF Thread isAlive : true
08-11 15:54:22.525 21995 21995 I VoiceFrameworkServiceHandler:main:  : VSP::mHandler is not null msgCode =0
08-11 15:54:22.525 21995 22096 I VoiceFrameworkServiceHandler:VoiceFrameworkServiceHandler MyHandlerThread:  : VSP::MSG_VSF_INIT Rcvd
08-11 15:54:22.525 21995 22096 I VoiceFrameworkServiceHandler:VoiceFrameworkServiceHandler MyHandlerThread:  : VSP::VSFInit()
08-11 15:54:22.525 21995 22096 I VoiceServicePlatformSdk:VoiceFrameworkServiceHandler MyHandlerThread:  : VSP::Oncreate()
08-11 15:54:22.527  3827 27488 D MountService: getExternalStorageMountMode : 1
08-11 15:54:22.528  3827 27488 D MountService: getExternalStorageMountMode : 3
08-11 15:54:22.528  3827 27488 D MountService: getExternalStorageMountMode : final mountMode=1, uid : 10140, packageName : com.sec.android.app.sbrowser
08-11 15:54:22.529 21995 22096 I VoiceServicePlatformSdk:VoiceFrameworkServiceHandler MyHandlerThread:  : VSP::updateNetworkStates networkState
08-11 15:54:22.533 21995 22096 I SessionRuntime:VoiceFrameworkServiceHandler MyHandlerThread:  : VSP::updateNetworkStates networkState = 2
08-11 15:54:22.533 21995 21995 I PLMUtils:main:  : VSP::isAllTOSAccepted inside non korean device 
08-11 15:54:22.533 21995 21995 I PLMUtils:main:  : VSP::Current TOS accepted state is 0
08-11 15:54:22.533 21995 21995 I PLMUtils:main:  : VSP::getTOSAccepted 0
08-11 15:54:22.547 21995 22096 I System.out: SVoiceProfiling : time taken to finish oncreate : 21
08-11 15:54:22.551 22100 22100 E Zygote  : v2
08-11 15:54:22.551 22100 22100 I libpersona: KNOX_SDCARD checking this for 10140
08-11 15:54:22.551 22100 22100 I libpersona: KNOX_SDCARD not a persona
08-11 15:54:22.551 22100 22100 E Zygote  : isSdpEnabledProcess - SDP enabled
08-11 15:54:22.552  3827 27488 I ActivityManager: Start proc 22100:com.sec.android.app.sbrowser/u0a140 for broadcast com.sec.android.app.sbrowser/.content_block.ContentBlockerReceiver
08-11 15:54:22.552 22100 22100 E Zygote  : accessInfo : 64
08-11 15:54:22.552 22100 22100 E Zygote  : isSdpEnabledProcess - SDP enabled
08-11 15:54:22.552 22100 22100 E Zygote  : setSDPgroupsIntarray[pid]: 0 / [gid]: 10140 / [uid]: 10140
08-11 15:54:22.559 22100 22100 W SELinux : SELinux selinux_android_compute_policy_index : Policy Index[1],  Con:u:r:zygote:s0 SPD:SEPF_SECMOBILE_7.0_0006 RAM:SEPF_SECMOBILE_7.0_0005, [-1 -1 0 1 0 1]
08-11 15:54:22.560 22100 22100 I SELinux : SELinux: seapp_context_lookup: seinfo=platform, level=s0:c512,c768, pkgname=com.sec.android.app.sbrowser 
08-11 15:54:22.562 21995 21995 I SessionRuntime:main:  : VSP::updateNetworkStates networkState CONNECTIVITY_CHANGE
08-11 15:54:22.562 21995 21995 I SessionRuntime:main:  : VSP::checkandUpdateNetworkState start
08-11 15:54:22.567  3827 18694 D LocationManagerService: request 9516d72 fused Request[ACCURACY_BLOCK fused requested=+30m0s0ms fastest=+30m0s0ms] from com.samsung.voiceserviceplatform(10042)
08-11 15:54:22.568  3827 18694 D LocationManagerService: provider request: fused ProviderRequest[ON interval=+30m0s0ms]
08-11 15:54:22.570  4931  4931 D FusedRequestManager_FLP: manageLocationRequest, new fused request from com.samsung.voiceserviceplatform with 9516d72 , interval = 1800000 through LocationManagerService
08-11 15:54:22.573 17093 17226 E LocationClientHelper: exception when setting module id
08-11 15:54:22.573 17093 17226 E LocationClientHelper: java.lang.IllegalStateException: Unable to get current module info in ModuleManager created with non-module Context
08-11 15:54:22.573 17093 17226 E LocationClientHelper: 	at com.google.android.chimera.config.ModuleManager.getCurrentModule(:com.google.android.gms:1)
08-11 15:54:22.573 17093 17226 E LocationClientHelper: 	at vbv.a(:com.google.android.gms:17)
08-11 15:54:22.573 17093 17226 E LocationClientHelper: 	at vbz.b(:com.google.android.gms:13)
08-11 15:54:22.573 17093 17226 E LocationClientHelper: 	at vaw.a(:com.google.android.gms:4)
08-11 15:54:22.573 17093 17226 E LocationClientHelper: 	at lhn.b(:com.google.android.gms:3)
08-11 15:54:22.573 17093 17226 E LocationClientHelper: 	at lip.b(:com.google.android.gms:14)
08-11 15:54:22.573 17093 17226 E LocationClientHelper: 	at ljm.b(:com.google.android.gms:7)
08-11 15:54:22.573 17093 17226 E LocationClientHelper: 	at lje.b(:com.google.android.gms:38)
08-11 15:54:22.573 17093 17226 E LocationClientHelper: 	at vka.a(:com.google.android.gms:6)
08-11 15:54:22.573 17093 17226 E LocationClientHelper: 	at vjz.b(:com.google.android.gms:1)
08-11 15:54:22.573 17093 17226 E LocationClientHelper: 	at vjz.a(:com.google.android.gms:1)
08-11 15:54:22.573 17093 17226 E LocationClientHelper: 	at vjz.a(:com.google.android.gms:15)
08-11 15:54:22.573 17093 17226 E LocationClientHelper: 	at vkj.a(:com.google.android.gms:8)
08-11 15:54:22.573 17093 17226 E LocationClientHelper: 	at alwf.handleMessage(:com.google.android.gms:21)
08-11 15:54:22.573 17093 17226 E LocationClientHelper: 	at android.os.Handler.dispatchMessage(Handler.java:102)
08-11 15:54:22.573 17093 17226 E LocationClientHelper: 	at amxw.dispatchMessage(:com.google.android.gms:7)
08-11 15:54:22.573 17093 17226 E LocationClientHelper: 	at android.os.Looper.loop(Looper.java:154)
08-11 15:54:22.573 17093 17226 E LocationClientHelper: 	at android.os.HandlerThread.run(HandlerThread.java:61)
08-11 15:54:22.573  3246  3246 E audit   : type=1320 audit(1502481262.563:7676): 
08-11 15:54:22.574  4931  4931 D FusedNSData_FLP: addToRequestList, The size of allRequestList is larger than MAX so remove first object
08-11 15:54:22.590  3246  3246 E audit   : type=1320 audit(1502481262.583:7677): 
08-11 15:54:22.594 22100 22100 D TimaKeyStoreProvider: TimaSignature is unavailable
08-11 15:54:22.595 22100 22100 D ActivityThread: Added TimaKeyStore provider
08-11 15:54:22.597  3827  4642 I ActivityManager: DSS on for com.sec.android.app.sbrowser and scale is 1.0
08-11 15:54:22.600 21995 22096 I RecognitionManager:VoiceFrameworkServiceHandler MyHandlerThread:  : VSP::created RecognitionManager
08-11 15:54:22.600 21995 22096 I SV_SpeechDetector:VoiceFrameworkServiceHandler MyHandlerThread:  : VSP:: getInstance
08-11 15:54:22.601 21995 22096 I SV_SpeechDetector:VoiceFrameworkServiceHandler MyHandlerThread:  : VSP:: Constructor
08-11 15:54:22.603 21995 22096 I RecognitionManager:VoiceFrameworkServiceHandler MyHandlerThread:  : VSP::init
08-11 15:54:22.603 21995 22096 I RecognitionManager:VoiceFrameworkServiceHandler MyHandlerThread:  : VSP::registerRecognitionEngine
08-11 15:54:22.603 21995 22096 I RecognitionManager:VoiceFrameworkServiceHandler MyHandlerThread:  : VSP::registerRecognitionEngine com.samsung.vsf.core.framework.SpotterEngine
08-11 15:54:22.604 21995 22096 I RecognitionManager:VoiceFrameworkServiceHandler MyHandlerThread:  : VSP::registerRecognitionEngine
08-11 15:54:22.604 21995 22096 I RecognitionManager:VoiceFrameworkServiceHandler MyHandlerThread:  : VSP::registerRecognitionEngine com.samsung.vsf.core.framework.ListeningEngine
08-11 15:54:22.604 21995 22096 I RecognitionManager:VoiceFrameworkServiceHandler MyHandlerThread:  : VSP::registerRecognitionEngine
08-11 15:54:22.604 21995 22096 I RecognitionManager:VoiceFrameworkServiceHandler MyHandlerThread:  : VSP::registerRecognitionEngine com.samsung.vsf.core.framework.AudioFileStreamerEngine
08-11 15:54:22.604 21995 22096 D SystemState: Updated by sessionRumTime : init
08-11 15:54:22.604 21995 22096 I StateManager:VoiceFrameworkServiceHandler MyHandlerThread:  : VSP::Current System State is same as previous, so ignoring
08-11 15:54:22.610  3827  5017 D SamsungAlarmManager: Cancel Alarm calling from uid:10104 pid :22009 / op:PendingIntent{25a7c35: PendingIntentRecord{3805cfe com.facebook.katana broadcastIntent}}
08-11 15:54:22.611  3827  7246 D SamsungAlarmManager: Cancel Alarm calling from uid:10104 pid :22009 / op:PendingIntent{85d38ca: PendingIntentRecord{5540e68 com.facebook.katana broadcastIntent}}
08-11 15:54:22.624 21995 22096 I EmbeddedFrameworkManager:VoiceFrameworkServiceHandler MyHandlerThread:  : VSP::N66 locale is en_US
08-11 15:54:22.625 21995 22096 I EmbeddedFrameworkManager:VoiceFrameworkServiceHandler MyHandlerThread:  : VSP::SHL init():
08-11 15:54:22.625 21995 22096 I EmbeddedFrameworkManager:VoiceFrameworkServiceHandler MyHandlerThread: SHL Config:
08-11 15:54:22.625 21995 22096 I EmbeddedFrameworkManager:VoiceFrameworkServiceHandler MyHandlerThread: Locale: en_US
08-11 15:54:22.625 21995 22096 I EmbeddedFrameworkManager:VoiceFrameworkServiceHandler MyHandlerThread: Recognition Path: EMBEDDED
08-11 15:54:22.625 21995 22096 I EmbeddedFrameworkManager:VoiceFrameworkServiceHandler MyHandlerThread: Audio buffer format: PCM_NS
08-11 15:54:22.625 21995 22096 I EmbeddedFrameworkManager:VoiceFrameworkServiceHandler MyHandlerThread: Use internal recorder: false
08-11 15:54:22.625 21995 22096 I EmbeddedFrameworkManager:VoiceFrameworkServiceHandler MyHandlerThread: Use internal EPD: false
08-11 15:54:22.640 21995 22096 I SHL:VoiceFrameworkServiceHandler MyHandlerThread:  : VSP::SHL Initialize
08-11 15:54:22.646 21995 22096 I etickcount:VoiceFrameworkServiceHandler MyHandlerThread:  : VSP::PocketSphinxEngine:Trying to load libEmbeddedAsr.so
08-11 15:54:22.650 21995 22096 I etickcount:VoiceFrameworkServiceHandler MyHandlerThread:  : VSP::PocketSphinxEngine:loading libEmbeddedAsr.so done
08-11 15:54:22.681 21995 22096 I etickcount:VoiceFrameworkServiceHandler MyHandlerThread:  : VSP::State changed to NULL
08-11 15:54:22.681 21995 22096 I etickcount:VoiceFrameworkServiceHandler MyHandlerThread:  : VSP::Creating engines for en_US
08-11 15:54:22.682  3246  3246 E audit   : type=1320 audit(1502481262.673:7678): 
08-11 15:54:22.685 21995 22096 D CMDTest : VoiceFrameworkServiceHandler MyHandlerThread : posted CreateCmd
08-11 15:54:22.685 21995 22096 I etickcount:VoiceFrameworkServiceHandler MyHandlerThread:  : VSP::RecognitionManager loading..
08-11 15:54:22.690 21995 22119 D etickcount:PocketSphinx Recognition Engine:  : VSP::CreateCmd execution latency: 5ms
08-11 15:54:22.690 21995 22119 I etickcount:PocketSphinx Recognition Engine:  : VSP::PocketSphinxEngine:create()
08-11 15:54:22.690 21995 22119 I etickcount:PocketSphinx Recognition Engine:  : VSP::State changed to INIT
08-11 15:54:22.693 21995 22096 D CMDTest : VoiceFrameworkServiceHandler MyHandlerThread : posted ConfigureCmd
08-11 15:54:22.694 21995 22096 I etickcount:VoiceFrameworkServiceHandler MyHandlerThread:  : VSP::State changed to INIT
08-11 15:54:22.694  3827  4533 D SamsungAlarmManager: setExact Intent (T:2/F:1/AC:false) 20170811T160942 - CU:10104/CP:22009
08-11 15:54:22.695  3246  3246 E audit   : type=1320 audit(1502481262.683:7679): 
08-11 15:54:22.703 21995 22119 D etickcount:PocketSphinx Recognition Engine:  : VSP::ConfigureCmd execution latency: 10ms
08-11 15:54:22.703 21995 22119 I etickcount:PocketSphinx Recognition Engine:  : VSP::PocketSphinxEngine:configure() in state INIT
08-11 15:54:22.707 21995 22119 W System  : ClassLoader referenced unknown path: 
08-11 15:54:22.709 21995 21995 I SessionRuntime:main:  : VSP::updateNetworkStates networkState = 2
08-11 15:54:22.709 21995 21995 I SessionRuntime:main:  : VSP::Current Network State is same as previous, so ignoring
08-11 15:54:22.710 21995 21995 I SessionRuntime:main:  : VSP::checkandUpdateNetworkState end
08-11 15:54:22.712 21995 22096 I etickcount:VoiceFrameworkServiceHandler MyHandlerThread:  : VSP::setSpeechRecognitionListener: com.samsung.vsf.core.framework.embedded.EmbeddedFrameworkManager@48bf9c6
08-11 15:54:22.712 21995 22096 I VoiceFrameworkServiceHandler:VoiceFrameworkServiceHandler MyHandlerThread:  : VSP::VSFInit() requestSync, TOS logic for PDS registration has been removed
08-11 15:54:22.712 21995 22096 I PLMUtils:VoiceFrameworkServiceHandler MyHandlerThread:  : VSP::isAllTOSAccepted inside non korean device 
08-11 15:54:22.712 21995 22096 I PLMUtils:VoiceFrameworkServiceHandler MyHandlerThread:  : VSP::Current TOS accepted state is 0
08-11 15:54:22.712 21995 22096 I PLMUtils:VoiceFrameworkServiceHandler MyHandlerThread:  : VSP::getTOSAccepted 0
08-11 15:54:22.712 21995 22096 I PLMUtils: Sorry!!...Your request to start PLM service cannot be processed as you don't have enough power to do so!!...
08-11 15:54:22.725 21995 22119 I etickcount:PocketSphinx Recognition Engine:  : VSP::MD5 Files From Assets : en_US.zip.MD5
08-11 15:54:22.727 21995 22119 I etickcount:PocketSphinx Recognition Engine:  : VSP:: Time Taken LoadMD5FromPackage:  0.002 seconds.
08-11 15:54:22.729 21995 22119 I etickcount:PocketSphinx Recognition Engine:  : VSP:: Time Taken LoadMD5FromAssets:  0.001 seconds.
08-11 15:54:22.729 21995 22119 I etickcount:PocketSphinx Recognition Engine:  : VSP:: MD5 Checked in :  0.005 seconds.
08-11 15:54:22.729 21995 22119 I etickcount:PocketSphinx Recognition Engine:  : VSP::No Update 0
08-11 15:54:22.729 21995 22119 I etickcount:PocketSphinx Recognition Engine:  : VSP:: #### No Update in The Models #####
08-11 15:54:22.729 21995 22119 D etickcount:PocketSphinx Recognition Engine:  : VSP::TimeTaken for unpacking 25ms
08-11 15:54:22.729 21995 22119 D etickcount: Lang is en_US
08-11 15:54:22.736 21995 22119 I etickcount:BuildCmd: disabled OWC Model Generation along with SVoice
08-11 15:54:22.746 21995 22119 I PLMGenManager: Version  : V_300816
08-11 15:54:22.746 21995 22119 D Flag    : configFalg value : 0
08-11 15:54:22.747 21995 22119 D PLMGenManager: Is JSON file found ? false
08-11 15:54:22.747 21995 22119 D PLMGenManager: Config flag is : 0
08-11 15:54:22.752 22074 22074 I SamsungTTS: Success to load EMBEDDED engine.
08-11 15:54:22.761 22074 22074 E SMTCodec: Fail to load libsmtcodec.so
08-11 15:54:22.761 22074 22074 E SMTCodec: [VoiceCodec] Can use only PCM mode. 
08-11 15:54:22.776 22100 22100 D ContextRelationMgrBrdg: loadKlass() : caller=com.samsung.android.bridge.multiscreen.common.ContextRelationManagerBridge.<clinit>:28 android.app.LoadedApk.makeApplication:840 
08-11 15:54:22.781 22100 22100 D AppBannerProvider: onCreate()
08-11 15:54:22.782 22074 22074 W SFloatingFeature: java.lang.ClassNotFoundException: com.samsung.android.feature.FloatingFeature
08-11 15:54:22.783 21995 22119 I PLM     : App title : Gallery & activity name : com.sec.android.gallery3d.app.GalleryOpaqueActivity_com.sec.android.gallery3d
08-11 15:54:22.789 22100 22100 D [MM]MHDataBaseProvider: onCreate()
08-11 15:54:22.790 22074 22074 I SamsungTTS: Interface v201503070 / Engine v321611211
08-11 15:54:22.792 22100 22100 D ReflectField: Cannot load field: SDL_INT
08-11 15:54:22.792 22100 22100 E ReflectField: Incorrect type : Fallback exception
08-11 15:54:22.792 22100 22100 D ReflectField: Cannot load field: KEYCODE_EMAIL
08-11 15:54:22.792 22100 22100 E ReflectField: Incorrect type : Fallback exception
08-11 15:54:22.796 22100 22100 E ReflectMethod: Cannot load method: getEnableStatus [class java.lang.String]
08-11 15:54:22.796 22100 22100 E ReflectMethod: Cannot load method: getEnableStatus [class java.lang.String, boolean]
08-11 15:54:22.797 22100 22100 E ReflectMethod: Cannot load method: getEnableStatus [class java.lang.String]
08-11 15:54:22.797 22100 22100 D SBrowserFlags: initialize : loadCscFeatureValue() succeed! 
08-11 15:54:22.799 21995 22119 I PLM     : App title : Chrome & activity name : com.google.android.apps.chrome.Main_com.android.chrome
08-11 15:54:22.800 21995 21995 I TextToSpeech: Connected to ComponentInfo{com.samsung.SMT/com.samsung.SMT.SamsungTTSService}
08-11 15:54:22.801 22100 22100 W KnoxPolicy: getValueFromSecContentProvider() can't get the main context
08-11 15:54:22.802 22100 22100 D SBrowserProxyHandler: getMDMProxy() : MDM proxy[null]
08-11 15:54:22.809 22074 22088 I SamsungTTS: onIsLanguageAvailable() : [eng-USA-null]  LANG_COUNTRY_AVAILABLE
08-11 15:54:22.810 21995 22126 I TextToSpeech: Set up connection to ComponentInfo{com.samsung.SMT/com.samsung.SMT.SamsungTTSService}
08-11 15:54:22.811 21995 21995 I SV_TTSPlayer:main:  : VSP::locale is: en
08-11 15:54:22.818 22074 22088 I SamsungTTS: onIsLanguageAvailable() : [eng-null-null]  LANG_AVAILABLE
08-11 15:54:22.820 22074 22088 I SamsungTTS: onIsLanguageAvailable() : [eng-null-null]  LANG_AVAILABLE
08-11 15:54:22.829 22074 22088 I SamsungTTS: onIsLanguageAvailable() : [eng-null-null]  LANG_AVAILABLE
08-11 15:54:22.843 22074 22097 I SamsungTTS: onIsLanguageAvailable() : [eng-USA-f00]  LANG_COUNTRY_VAR_AVAILABLE
08-11 15:54:22.844 22074 22097 I SamsungTTS: onLoadLanguage() : eng-USA-f00
08-11 15:54:22.864 21995 21995 D SV_TTSPlayer: TTS initialized! & queue size is : 0
08-11 15:54:22.866  3827  4948 D libgps  : OnGpsExtensionMessage: message_id(1), data(0x70620d8044), size(2728)
08-11 15:54:22.866  3827  4948 D libgps  : proxy__gnss_sv_status_cb: called. num_svs(0)
08-11 15:54:22.879 22127 22127 I FIPS_bssl: FIPS (v1.1) approved mode (1) | 22127 | getprop
08-11 15:54:22.936 22129 22129 I FIPS_bssl: FIPS (v1.1) approved mode (1) | 22129 | getprop
08-11 15:54:22.942  3827  5815 W NetworkIdentity: Active mobile network without subscriber!
08-11 15:54:22.943 22100 22100 D SBrowserProxyHandler: Custom Proxy [null]
08-11 15:54:22.944 22100 22100 I SBrowserProvider: deActivated
08-11 15:54:22.962 22100 22100 D SProviderUtility :SBrowserSync: enableSyncClientProivder
08-11 15:54:22.964 22100 22100 I SProviderUtility: enableScloudSync is called!
08-11 15:54:22.973 22100 22100 D MostVisitedSitesProvider: onCreate
08-11 15:54:22.981 21995 22119 I PLM     : App title : Settings & activity name : com.android.settings.Settings_com.android.settings
08-11 15:54:22.987 22131 22131 I FIPS_bssl: FIPS (v1.1) approved mode (1) | 22131 | getprop
08-11 15:54:22.999 22100 22100 I cr_ApplicationStatus: initialize application : com.sec.android.app.sbrowser.SBrowserApplication@c61ca6d
08-11 15:54:23.001 22074 22097 W ContextImpl: Calling a method in the system process without a qualified user: android.app.ContextImpl.sendBroadcast:906 android.content.ContextWrapper.sendBroadcast:452 android.speech.tts.TextToSpeechService$SynthThread.broadcastTtsQueueProcessingCompleted:452 android.speech.tts.TextToSpeechService$SynthThread.queueIdle:444 android.os.MessageQueue.next:392 
08-11 15:54:23.015  3827  4533 D MountService: getExternalStorageMountMode : 3
08-11 15:54:23.015  3827  4533 D MountService: getExternalStorageMountMode : 3
08-11 15:54:23.015  3827  4533 D MountService: getExternalStorageMountMode : final mountMode=3, uid : 10038, packageName : com.sec.android.app.shealth
08-11 15:54:23.034  3827  5001 V WifiDisplayAdapter: getWifiDisplayStatusLocked: result=WifiDisplayStatus{featureState=2, scanState=0, activeDisplayState=0, activeDisplay=null, displays=[], sessionInfo=WifiDisplaySessionInfo: Client/Owner: Client GroupId:  Passphrase:  SessionId: 0 IP Address: , connectedState=-1, networkQoS=0}
08-11 15:54:23.044 22139 22139 E Zygote  : v2
08-11 15:54:23.044 22139 22139 I libpersona: KNOX_SDCARD checking this for 10038
08-11 15:54:23.044 22139 22139 I libpersona: KNOX_SDCARD not a persona
08-11 15:54:23.045 22139 22139 E Zygote  : accessInfo : 0
08-11 15:54:23.045  3827  4533 I ActivityManager: Start proc 22139:com.sec.android.app.shealth:remote/u0a38 for broadcast com.sec.android.app.shealth/com.samsung.android.sdk.healthdata.privileged.status.PackageDelegateReceiver
08-11 15:54:23.051 22139 22139 W SELinux : SELinux selinux_android_compute_policy_index : Policy Index[1],  Con:u:r:zygote:s0 SPD:SEPF_SECMOBILE_7.0_0006 RAM:SEPF_SECMOBILE_7.0_0005, [-1 -1 0 1 0 1]
08-11 15:54:23.052 22139 22139 I SELinux : SELinux: seapp_context_lookup: seinfo=release, level=s0:c512,c768, pkgname=com.sec.android.app.shealth:remote 
08-11 15:54:23.053  3827  4533 I ActivityManager: KPU : put [com.samsung.android.scloud:autobackupmgr] : 14928 K
08-11 15:54:23.053  3827  4533 I ActivityManager: Killing 20331:com.samsung.android.scloud:autobackupmgr/5009 (adj 906): DHA:SPC_empty #33
08-11 15:54:23.070  3246  3246 E audit   : type=1320 audit(1502481263.063:7680): 
08-11 15:54:23.078 21995 22119 I PLM     : App title : Play_Store & activity name : com.android.vending.AssetBrowserActivity_com.android.vending
08-11 15:54:23.085  3246  3246 E audit   : type=1320 audit(1502481263.073:7681): 
08-11 15:54:23.099  3827  9338 D ActivityManager: cleanUpApplicationRecord -- 20331
08-11 15:54:23.100  3827  9338 W ActivityManager: Scheduling restart of crashed service com.samsung.android.scloud/.backup.auto.AutoBackupManagerService in 38688ms
08-11 15:54:23.102  5340  5356 D ForegroundUtils: could not check pending caller
08-11 15:54:23.103 22139 22139 D TimaKeyStoreProvider: TimaSignature is unavailable
08-11 15:54:23.104 22139 22139 D ActivityThread: Added TimaKeyStore provider
08-11 15:54:23.104  3246  3246 E audit   : type=1320 audit(1502481263.093:7682): 
08-11 15:54:23.107  3827  4642 I ActivityManager: DSS on for com.sec.android.app.shealth and scale is 1.0
08-11 15:54:23.116 21995 22119 I PLM     : App title : Drive & activity name : com.google.android.apps.docs.app.NewMainProxyActivity_com.google.android.apps.docs
08-11 15:54:23.122 22152 22152 I FIPS_bssl: FIPS (v1.1) approved mode (1) | 22152 | getprop
08-11 15:54:23.130  3246  3246 E audit   : type=1320 audit(1502481263.123:7683): 
08-11 15:54:23.133 21995 22119 I PLM     : App title : Maps & activity name : com.google.android.maps.MapsActivity_com.google.android.apps.maps
08-11 15:54:23.148 21995 22119 I PLM     : App title : Photos & activity name : com.google.android.apps.photos.home.HomeActivity_com.google.android.apps.photos
08-11 15:54:23.171 22139 22139 I MultiDex: VM with version 2.1.0 has multidex support
08-11 15:54:23.171 22139 22139 I MultiDex: install
08-11 15:54:23.171 22139 22139 I MultiDex: VM has multidex support, MultiDex support library is disabled.
08-11 15:54:23.171 22139 22139 I MultiDex: install
08-11 15:54:23.171 22139 22139 I MultiDex: VM has multidex support, MultiDex support library is disabled.
08-11 15:54:23.172 22139 22139 D ContextRelationMgrBrdg: loadKlass() : caller=com.samsung.android.bridge.multiscreen.common.ContextRelationManagerBridge.<clinit>:28 android.app.LoadedApk.makeApplication:840 
08-11 15:54:23.174 17093 17093 I WearableService: Wearable Services stopping
08-11 15:54:23.176 22158 22158 I FIPS_bssl: FIPS (v1.1) approved mode (1) | 22158 | ps
08-11 15:54:23.182 22139 22139 D S HEALTH - SHealthApplication: [PERF] oncreate - start
08-11 15:54:23.183 21995 22119 I PLM     : App title : Gmail & activity name : com.google.android.gm.ConversationListActivityGmail_com.google.android.gm
08-11 15:54:23.198 21995 22119 I PLM     : App title : Play_Music & activity name : com.android.music.activitymanagement.TopLevelActivity_com.google.android.music
08-11 15:54:23.202  3827  5818 I ActivityManager: KPU : put [com.sec.bcservice] : 6584 K
08-11 15:54:23.202  3827  5818 I ActivityManager: Killing 20356:com.sec.bcservice/1000 (adj 906): DHA:SPC_empty #33
08-11 15:54:23.219 21995 22119 I PLM     : App title : Hangouts & activity name : com.google.android.talk.SigningInActivity_com.google.android.talk
08-11 15:54:23.224  3827  5002 D PackageManager: setEnabledSetting : userId = 0 packageName = com.sec.android.app.shealth cmp = com.sec.android.app.shealth.widget.WalkMateAppWidget newState = 1 callingPackage = 10038
08-11 15:54:23.227  3827  3839 D MountService: getExternalStorageMountMode : 3
08-11 15:54:23.227  3827  3839 D MountService: getExternalStorageMountMode : 3
08-11 15:54:23.227  3827  3839 D MountService: getExternalStorageMountMode : final mountMode=3, uid : 10038, packageName : com.sec.android.app.shealth
08-11 15:54:23.230  3827 18694 D PackageManager: setEnabledSetting : userId = 0 packageName = com.sec.android.app.shealth cmp = com.sec.android.app.shealth.widget.WalkMatePlainAppWidget newState = 1 callingPackage = 10038
08-11 15:54:23.236  3827  4642 D PackageManager: setEnabledSetting : userId = 0 packageName = com.sec.android.app.shealth cmp = com.sec.android.app.shealth.widget.WalkMateAppEasyWidget newState = 1 callingPackage = 10038
08-11 15:54:23.249 22167 22167 E Zygote  : v2
08-11 15:54:23.250 22167 22167 I libpersona: KNOX_SDCARD checking this for 10038
08-11 15:54:23.250 22167 22167 I libpersona: KNOX_SDCARD not a persona
08-11 15:54:23.250 22167 22167 E Zygote  : accessInfo : 0
08-11 15:54:23.251  3827  3839 I ActivityManager: Start proc 22167:com.sec.android.app.shealth/u0a38 for content provider com.sec.android.app.shealth/com.samsung.android.app.shealth.home.provider.MultiprocessSharedPreferencesProviderForSDK
08-11 15:54:23.253  3827  4513 D ActivityManager: cleanUpApplicationRecord -- 20356
08-11 15:54:23.256 22167 22167 W SELinux : SELinux selinux_android_compute_policy_index : Policy Index[1],  Con:u:r:zygote:s0 SPD:SEPF_SECMOBILE_7.0_0006 RAM:SEPF_SECMOBILE_7.0_0005, [-1 -1 0 1 0 1]
08-11 15:54:23.257 22167 22167 I SELinux : SELinux: seapp_context_lookup: seinfo=release, level=s0:c512,c768, pkgname=com.sec.android.app.shealth 
08-11 15:54:23.259  3827  4513 W ActivityManager: Scheduling restart of crashed service com.sec.bcservice/.BroadcastService in 48529ms
08-11 15:54:23.261 21995 22119 I PLM     : App title : Play_Movies_&_TV & activity name : com.google.android.youtube.videos.EntryPoint_com.google.android.videos
08-11 15:54:23.269 22139 22139 D S HEALTH - SHealthApplication: [PERF] oncreate - end
08-11 15:54:23.276  5340  5351 D ForegroundUtils: could not check pending caller
08-11 15:54:23.278 22167 22167 D TimaKeyStoreProvider: TimaSignature is unavailable
08-11 15:54:23.279 22167 22167 D ActivityThread: Added TimaKeyStore provider
08-11 15:54:23.280  3827  4533 D MountService: getExternalStorageMountMode : 1
08-11 15:54:23.280  3827  4533 D MountService: getExternalStorageMountMode : 3
08-11 15:54:23.280  3827  4533 D MountService: getExternalStorageMountMode : final mountMode=1, uid : 10110, packageName : com.sec.android.widgetapp.samsungapps
08-11 15:54:23.285 21995 22119 I PLM     : App title : YouTube & activity name : com.google.android.youtube.app.honeycomb.Shell$HomeActivity_com.google.android.youtube
08-11 15:54:23.294 22139 22139 D NetworkSecurityConfig: No Network Security Config specified, using platform default
08-11 15:54:23.297 22180 22180 E Zygote  : v2
08-11 15:54:23.297 22180 22180 I libpersona: KNOX_SDCARD checking this for 10110
08-11 15:54:23.297 22180 22180 I libpersona: KNOX_SDCARD not a persona
08-11 15:54:23.297 22180 22180 E Zygote  : accessInfo : 0
08-11 15:54:23.301 22180 22180 W SELinux : SELinux selinux_android_compute_policy_index : Policy Index[1],  Con:u:r:zygote:s0 SPD:SEPF_SECMOBILE_7.0_0006 RAM:SEPF_SECMOBILE_7.0_0005, [-1 -1 0 1 0 1]
08-11 15:54:23.301  3827  4533 I ActivityManager: Start proc 22180:com.sec.android.widgetapp.samsungapps/u0a110 for broadcast com.sec.android.widgetapp.samsungapps/.PackageChangeReceiver
08-11 15:54:23.301  3827  5096 I ActivityManager: DSS on for com.sec.android.app.shealth and scale is 1.0
08-11 15:54:23.302 22180 22180 I SELinux : SELinux: seapp_context_lookup: seinfo=samsung, level=s0:c512,c768, pkgname=com.sec.android.widgetapp.samsungapps 
08-11 15:54:23.306 22139 22139 I Health.HealthService: HealthService: onCreate() start (22139)
08-11 15:54:23.309 21995 22119 I PLM     : App title : Calendar & activity name : com.android.calendar.AllInOneActivity_com.samsung.android.calendar
08-11 15:54:23.318 22180 22180 D TimaKeyStoreProvider: TimaSignature is unavailable
08-11 15:54:23.318 22180 22180 D ActivityThread: Added TimaKeyStore provider
08-11 15:54:23.320  3827  5820 I ActivityManager: DSS on for com.sec.android.widgetapp.samsungapps and scale is 1.0
08-11 15:54:23.325 21995 22119 I PLM     : App title : Contacts & activity name : com.android.contacts.activities.PeopleActivity_com.samsung.android.contacts
08-11 15:54:23.333 21995 22119 I PLM     : App title : Phone & activity name : com.android.dialer.DialtactsActivity_com.samsung.android.contacts
08-11 15:54:23.338 22139 22139 D HealthDataStore: Service for HealthDataStore is connected
08-11 15:54:23.340 22139 22139 D HealthDataStore: HealthConnectionErrorResult code : 9
08-11 15:54:23.343 22180 22180 I art     : Starting a blocking GC AddRemoveAppImageSpace
08-11 15:54:23.344 22180 22180 W System  : ClassLoader referenced unknown path: /system/priv-app/GalaxyAppsWidget_Phone_Hero/lib/arm64
08-11 15:54:23.345 22139 22139 D HealthConsole: Service for HealthDataConsole is connected
08-11 15:54:23.347 21995 22119 I PLM     : App title : Email & activity name : com.samsung.android.email.ui.activity.MessageListXL_com.samsung.android.email.provider
08-11 15:54:23.347 22139 22139 D HealthDataStore: Trying to connect with Health Service fails (error code: 9)
08-11 15:54:23.348 22139 22139 E HealthDataStore: disconnectService: Context instance is invalid
08-11 15:54:23.352  3827  5017 I ActivityManager: KPU : put [com.qihoo.browser:pushbrowser] : 9084 K
08-11 15:54:23.353  3827  5017 I ActivityManager: Killing 20394:com.qihoo.browser:pushbrowser/u0a60 (adj 906): DHA:SPC_empty #33
08-11 15:54:23.353  3827  5017 I ActivityManager: KPU : put [com.samsung.android.authfw] : 7008 K
08-11 15:54:23.353  3827  5017 I ActivityManager: Killing 20380:com.samsung.android.authfw/1201 (adj 906): DHA:SPC_empty #33
08-11 15:54:23.359 22180 22180 D ContextRelationMgrBrdg: loadKlass() : caller=com.samsung.android.bridge.multiscreen.common.ContextRelationManagerBridge.<clinit>:28 android.app.LoadedApk.makeApplication:840 
08-11 15:54:23.363 21995 22119 I PLM     : App alias title : sms & activity name : com.android.mms.ui.ConversationComposer_com.samsung.android.messaging
08-11 15:54:23.363 21995 22119 I PLM     : App title : Messages & activity name : com.android.mms.ui.ConversationComposer_com.samsung.android.messaging
08-11 15:54:23.374 22180 22180 D b       : WidgetDataManager
08-11 15:54:23.374 22180 22180 D b       : addWidgetData() 18
08-11 15:54:23.375 21995 22119 I PLM     : App title : Camera & activity name : com.sec.android.app.camera.Camera_com.sec.android.app.camera
08-11 15:54:23.376 22180 22180 D PacakageChanageReceiver: Action: android.intent.action.PACKAGE_ADDED
08-11 15:54:23.377 22180 22180 D PacakageChanageReceiver: The DATA: package:io.github.ylimit.droidbotapp
08-11 15:54:23.377 22180 22180 D PacakageChanageReceiver: Parsed package name : io.github.ylimit.droidbotapp
08-11 15:54:23.377 22180 22180 I [SAW]   : reloadWidgetData4x1forZero
08-11 15:54:23.377 22180 22180 D a       : widget type : 1
08-11 15:54:23.389 21995 22119 I PLM     : App title : Internet & activity name : com.sec.android.app.sbrowser.SBrowserMainActivity_com.sec.android.app.sbrowser
08-11 15:54:23.398 22167 22167 I MultiDex: VM with version 2.1.0 has multidex support
08-11 15:54:23.398 22167 22167 I MultiDex: install
08-11 15:54:23.398 22167 22167 I MultiDex: VM has multidex support, MultiDex support library is disabled.
08-11 15:54:23.398 22167 22167 I MultiDex: install
08-11 15:54:23.398 22167 22167 I MultiDex: VM has multidex support, MultiDex support library is disabled.
08-11 15:54:23.399 22167 22167 D ContextRelationMgrBrdg: loadKlass() : caller=com.samsung.android.bridge.multiscreen.common.ContextRelationManagerBridge.<clinit>:28 android.app.LoadedApk.makeApplication:840 
08-11 15:54:23.407 21995 22119 I PLM     : App title : Samsung_Health & activity name : com.samsung.android.app.shealth.home.HomeMainActivity_com.sec.android.app.shealth
08-11 15:54:23.409  3827  5095 D MountService: getExternalStorageMountMode : 1
08-11 15:54:23.409  3827  5095 D MountService: getExternalStorageMountMode : 3
08-11 15:54:23.409  3827  5095 D MountService: getExternalStorageMountMode : final mountMode=1, uid : 1000, packageName : com.wssnps
08-11 15:54:23.418  3110  3110 I ServiceManager: service 'com.samsung.android.pass.IPassService' died
08-11 15:54:23.419 21995 22119 I PLM     : App title : Juno & activity name : net.juno.rd.mvvm.Main$Activity_com.gojuno.rider
08-11 15:54:23.427 22201 22201 E Zygote  : v2
08-11 15:54:23.427 22201 22201 I libpersona: KNOX_SDCARD checking this for 1000
08-11 15:54:23.427 22201 22201 I libpersona: KNOX_SDCARD not a persona
08-11 15:54:23.429 22201 22201 E Zygote  : accessInfo : 0
08-11 15:54:23.431  3827  5095 I ActivityManager: Start proc 22201:com.wssnps/1000 for broadcast com.wssnps/.stubdownload.smlNpsPackageReceiver
08-11 15:54:23.431  3827  9333 D ActivityManager: cleanUpApplicationRecord -- 20380
08-11 15:54:23.432  3827  9333 W ActivityManager: Scheduling restart of crashed service com.samsung.android.authfw/.pass.PassService in 58356ms
08-11 15:54:23.432 22167 22167 D S HEALTH - MultiprocessSharedPreferencesProviderForSDK: onCreate() - ContextHolder.getContext() is Null
08-11 15:54:23.432 22201 22201 W SELinux : SELinux selinux_android_compute_policy_index : Policy Index[1],  Con:u:r:zygote:s0 SPD:SEPF_SECMOBILE_7.0_0006 RAM:SEPF_SECMOBILE_7.0_0005, [-1 -1 0 1 0 1]
08-11 15:54:23.433 22201 22201 I SELinux : SELinux: seapp_context_lookup: seinfo=platform, pkgname=com.wssnps 
08-11 15:54:23.438  5340  5351 D ForegroundUtils: could not check pending caller
08-11 15:54:23.438  3827  9333 I ActivityManager: KPU : put [com.qihoo.browser:loader0] : 8536 K
08-11 15:54:23.438  3827  9333 I ActivityManager: Killing 20429:com.qihoo.browser:loader0/u0a60 (adj 906): DHA:SPC_empty #33
08-11 15:54:23.445 21995 22119 I PLM     : App title : 360 & activity name : com.qihoo.browser.activity.SplashActivity_com.qihoo.browser
08-11 15:54:23.448 22201 22201 D TimaKeyStoreProvider: TimaSignature is unavailable
08-11 15:54:23.448 22201 22201 D ActivityThread: Added TimaKeyStore provider
08-11 15:54:23.454  3827  9336 D ActivityManager: cleanUpApplicationRecord -- 20394
08-11 15:54:23.455  3827  9336 W ActivityManager: Scheduling restart of crashed service com.qihoo.browser/.pushmanager.PushBrowserService in 68333ms
08-11 15:54:23.457  3827 18694 I ActivityManager: DSS on for com.wssnps and scale is 1.0
08-11 15:54:23.457  5340  9090 D ForegroundUtils: could not check pending caller
08-11 15:54:23.472 22201 22201 W System  : ClassLoader referenced unknown path: /system/priv-app/wssyncmlnps2/lib/arm64
08-11 15:54:23.482 22201 22201 D ContextRelationMgrBrdg: loadKlass() : caller=com.samsung.android.bridge.multiscreen.common.ContextRelationManagerBridge.<clinit>:28 android.app.LoadedApk.makeApplication:840 
08-11 15:54:23.487  3827  5002 D ActivityManager: cleanUpApplicationRecord -- 20429
08-11 15:54:23.489 21995 22119 I PLM     : App title : Facebook & activity name : com.facebook.katana.LoginActivity_com.facebook.katana
