08-11 15:54:24.991 21995 22119 I etickcount:PocketSphinx Recognition Engine:  : VSP::##Rejection
08-11 15:54:24.991 21995 22119 I etickcount:PocketSphinx Recognition Engine:  : VSP::-reject_list	lm/reject.hyp
08-11 15:54:24.991 21995 22119 W etickcount:PocketSphinx Recognition Engine:  : VSP::Entered to default case....i.e. a miss happened for : 
08-11 15:54:24.991 21995 22119 I etickcount:PocketSphinx Recognition Engine:  : VSP::
08-11 15:54:24.991 21995 22119 W etickcount:PocketSphinx Recognition Engine:  : VSP::Entered to default case....i.e. a miss happened for : ##Android related
08-11 15:54:24.991 21995 22119 I etickcount:PocketSphinx Recognition Engine:  : VSP::##Android related
08-11 15:54:24.991 21995 22119 I etickcount:PocketSphinx Recognition Engine:  : VSP::-conf_thresh	49
08-11 15:54:24.992 21995 22119 D etickcount:PocketSphinx Recognition Engine:  : VSP::Previous state : INIT
08-11 15:54:24.993 21995 22119 I eN66    : JNI Enter Function Java_com_asr_pocketsphinx_pocketsphinxJNI_new_1Decoder_1_1SWIG_11
08-11 15:54:24.993 21995 22119 I eN66    : ps_reinit start
08-11 15:54:24.993 21995 22119 I eN66    : configured dir of hmm /data/user/0/com.sec.svoice.lang.en_US/files/en_US/am
08-11 15:54:24.993 21995 22119 I eN66    : ps_init_defaults end
08-11 15:54:24.997 22313 22313 I art     : System.exit called, status: 0
08-11 15:54:24.997 22313 22313 I AndroidRuntime: VM exiting with result code 0.
08-11 15:54:24.997 22313 22313 I TMSDISP : AcsAndroidVirtualDisplayIntfImpl::~AcsAndroidVirtualDisplayIntfImpl - Enter
08-11 15:54:24.997 22313 22313 I TMSDISP : AcsAndroidVirtualDisplayIntfImpl::~AcsAndroidVirtualDisplayIntfImpl - Enter2
08-11 15:54:24.997 22313 22313 I TMSDISP : AcsAndroidVirtualDisplayIntfImpl::~AcsAndroidVirtualDisplayIntfImpl - mSource2
08-11 15:54:24.997 22313 22313 I TMSDISP : AcsAndroidVirtualDisplayIntfImpl::~AcsAndroidVirtualDisplayIntfImpl - Exit
08-11 15:54:25.002  3827  5095 D SamsungAlarmManager: setExact Listener (T:3/F:1/AC:false) 20170811T155434 - CU:10020/CP:17093
08-11 15:54:25.014  3827  5818 D SamsungAlarmManager: setExact Listener (T:3/F:1/AC:false) 20170811T155435 - CU:10020/CP:17093
08-11 15:54:25.014 17093 16118 W ctxmgr  : [AclManager]No 2 for (accnt=account#731186401#, com.google.android.gms(10020):UserLocationProducer, vrsn=11302000, 0, 3pPkg = null ,  3pMdlId = null ,  pid = 17093). Was: 2 for 1, account#731186401#
08-11 15:54:25.021 17093 16118 W ctxmgr  : [AclManager]No 2 for (accnt=account#731186401#, com.google.android.gms(10020):UserLocationProducer, vrsn=11302000, 0, 3pPkg = null ,  3pMdlId = null ,  pid = 17093). Was: 2 for 1, account#731186401#
08-11 15:54:25.023  3827 32597 D SamsungAlarmManager: setExact Listener (T:3/F:1/AC:false) 20170811T155435 - CU:10020/CP:17093
08-11 15:54:25.025 17093 16118 W ctxmgr  : [AclManager]No 2 for (accnt=account#731186401#, com.google.android.gms(10020):UserLocationProducer, vrsn=11302000, 0, 3pPkg = null ,  3pMdlId = null ,  pid = 17093). Was: 2 for 1, account#731186401#
08-11 15:54:25.032  3827  9336 D SamsungAlarmManager: setExact Listener (T:3/F:1/AC:false) 20170811T155435 - CU:10020/CP:17093
08-11 15:54:25.039 17093 16118 W ctxmgr  : [AclManager]No 2 for (accnt=account#731186401#, com.google.android.gms(10020):UserLocationProducer, vrsn=11302000, 0, 3pPkg = null ,  3pMdlId = null ,  pid = 17093). Was: 2 for 1, account#731186401#
08-11 15:54:25.051  3827  5096 D SamsungAlarmManager: setExact Listener (T:3/F:1/AC:false) 20170811T155435 - CU:10020/CP:17093
08-11 15:54:25.053 17093 16118 W ctxmgr  : [AclManager]No 2 for (accnt=account#731186401#, com.google.android.gms(10020):UserLocationProducer, vrsn=11302000, 0, 3pPkg = null ,  3pMdlId = null ,  pid = 17093). Was: 2 for 1, account#731186401#
08-11 15:54:25.066  3827  5002 D PackageInstaller:  installation of android.content.pm.PackageInstaller$SessionParams@d93665 for non-container user 0
08-11 15:54:25.071  3281  3281 I         : free_cache(2355543) avail 20845805568
08-11 15:54:25.104 21995 22119 I eN66    : 
08-11 15:54:25.104 21995 22119 I eN66    : FSG model <n66_cmd_eng> is loaded
08-11 15:54:25.150 21995 22119 I eN66    : 
08-11 15:54:25.150 21995 22119 I eN66    : ps_reinit : Secondary FSG model <n66_cmd_eng> is loaded
08-11 15:54:25.150 21995 22119 I eN66    : 
08-11 15:54:25.150 21995 22119 I eN66    : ps_reinit : Current active FSG model is <n66_cmd_eng>
08-11 15:54:25.150 21995 22119 I eN66    : Decoder initialization is complete
08-11 15:54:25.150 21995 22119 I eN66    : JNI Exit Function Java_com_asr_pocketsphinx_pocketsphinxJNI_new_1Decoder_1_1SWIG_11 Instance -439898752
08-11 15:54:25.151 21995 22119 I etickcount:PocketSphinx Recognition Engine:  : VSP::State changed to READY
08-11 15:54:25.151 21995 22119 D etickcount:PocketSphinx Recognition Engine:  : VSP::TimeTaken for Decoder init 175ms
08-11 15:54:25.151 21995 22119 D etickcount:PocketSphinx Recognition Engine:  : VSP::Total Load time 2447ms
08-11 15:54:25.188  3827  5820 I SamsungAlarmManager: setLocked to kernel - T:2 / 20170811T155443, SetElapsed=967823793, nowELAPSED=967805009
08-11 15:54:25.189  3827  5820 I SamsungAlarmManager: setLocked to kernel - T:3 / 20170811T155429, SetElapsed=967809763, nowELAPSED=967805010
08-11 15:54:25.193  3827  5820 D SamsungAlarmManager: setInexact Intent (T:2/F:0/AC:false) 20170811T155434 - CU:10020/CP:17093
08-11 15:54:25.193  3827  5820 I SamsungAlarmManager: setLocked to kernel - T:2 / 20170811T155434, SetElapsed=967814053, nowELAPSED=967805014
08-11 15:54:25.198  3827  4642 D SamsungAlarmManager: setExact Listener (T:3/F:1/AC:false) 20170811T155435 - CU:10020/CP:17093
08-11 15:54:25.200  3827  9333 D SamsungAlarmManager: Cancel Alarm calling from uid:10020 pid :17093 / listener:android.app.IAlarmListener$Stub$Proxy@d9627eb
08-11 15:54:25.206  3827  9336 D SamsungAlarmManager: setExact Listener (T:3/F:1/AC:false) 20170811T155440 - CU:10020/CP:17093
08-11 15:54:25.279  3827  4031 D PackageManager: START_PACKAGE_INSTALL: observer{85829987}
08-11 15:54:25.279  3827  4031 D PackageManager:           stagedDir{/data/app/vmdl1471086209.tmp}
08-11 15:54:25.279  3827  4031 D PackageManager:           stagedCid{null}
08-11 15:54:25.279  3827  4031 D PackageManager:           Request from{null}
08-11 15:54:25.279  3827  4031 D PackageManager:           VerificationInfo{,originatingUid=-1,installerUid=2000}
08-11 15:54:25.298  3827  3860 I PackageManager: EAS IT Policy AllowList = 
08-11 15:54:25.298  3827  3860 I PackageManager: isAppBlockedByDPM?? = false
08-11 15:54:25.302  5639  5639 D EasyCapture: currentOrientation: 1 mMainHomeScreenshot: true mMainHomeScreenshotLand: true
08-11 15:54:25.302  5639  5639 D EasyCapture: getCaptureBitmap getWidth : 1440 getHeight : 2560
08-11 15:54:25.305  3827  3860 D PackageManager: [VERIFY] getRequiredButNotReallyRequiredVerifierLPr: 2 verifiers
08-11 15:54:25.305  3827  3860 D PackageManager: [VERIFY]     com.android.vending(10034)
08-11 15:54:25.305  3827  3860 D PackageManager: [VERIFY]     com.samsung.android.sm.devicesecurity(5012)
08-11 15:54:25.305  3827  3860 D PersonaManagerService: needVerificationForPackage  
08-11 15:54:25.305  3827  3860 D PersonaManagerService: needVerificationForPackage com.yanzhenjie.album.sample
08-11 15:54:25.305  3827  3860 D PersonaManagerService: needVerificationForPackage return true for  at the end com.yanzhenjie.album.sample
08-11 15:54:25.306  3827  3860 D PackageManager: [VERIFY] sendOrderedBroadcastToPendingVerifier:
08-11 15:54:25.306  3827  3860 D PackageManager: PackageVerificationState{
08-11 15:54:25.306  3827  3860 D PackageManager:     verifier packages=com.android.vending(10034),com.samsung.android.sm.devicesecurity(5012),
08-11 15:54:25.306  3827  3860 D PackageManager:     intent=Intent { act=android.intent.action.PACKAGE_NEEDS_VERIFICATION dat=file:///data/app/vmdl1471086209.tmp typ=application/vnd.android.package-archive flg=0x10000001 launchParam=MultiScreenLaunchParams { mDisplayId=0 mFlags=0 } (has extras) }
08-11 15:54:25.306  3827  3860 D PackageManager:     others=157, false, false, false, false, false
08-11 15:54:25.306  3827  3860 D PackageManager: }
08-11 15:54:25.308  3827  3860 I HarmonyEASService: Updating for all 1
08-11 15:54:25.315 16330 16330 I Finsky  : [1] com.google.android.finsky.verifier.impl.PackageVerificationReceiver.onReceive(14): Verification requested, id = 157
08-11 15:54:25.323  3827  3827 D PackageManager: [VERIFY] onReceive for RequiredVerifier id=157
08-11 15:54:25.323  3827  3827 D PackageManager: [VERIFY] sendMessageDelayed(CHECK_PENDING_VERIFICATION, 157, 10000)
08-11 15:54:25.336 16330 22336 W PackageParser: Unknown element under <manifest>: meta-data at /data/app/vmdl1471086209.tmp/base.apk Binary XML file line #31
08-11 15:54:25.358 22329 22329 I FIPS_bssl: FIPS (v1.1) approved mode (1) | 22329 | app_process
08-11 15:54:25.358 22329 22329 D SecurityManagerNative: SecurityManagerNative v2.7.2.2 On 64bit PLATFORM With BORINGSSL
08-11 15:54:25.363 22329 22329 E appproc : Enhanced Zygote ASLR: ro.knox.enhance.zygote.aslr != 1. Enhanced Zygote ASLR is DISABLED!
08-11 15:54:25.363 22329 22329 D AndroidRuntime: >>>>>> START com.android.internal.os.RuntimeInit uid 2000 <<<<<<
08-11 15:54:25.365 22329 22329 D AndroidRuntime: CheckJNI is OFF
08-11 15:54:25.366 22329 22329 D AndroidRuntime: addProductProperty: start
08-11 15:54:25.373  5639  5639 D EasyCapture: saveMainHomeScreen start
08-11 15:54:25.406 22329 22329 I [saiv 1.1]: saiv_OnLoadJNI.cpp(38): _init: Version 1.1 Build # 3532
08-11 15:54:25.406 22329 22329 I [saiv 1.1]: saiv_OnLoadJNI.cpp(43): _init: _init() was called
08-11 15:54:25.423 22329 22329 I MLDAP   :            libMLDAP/MLDAP.c:  53: ================================================
08-11 15:54:25.423 22329 22329 I MLDAP   :            libMLDAP/MLDAP.c:  53:  MLDAP_LIB v1.1.15
08-11 15:54:25.423 22329 22329 I MLDAP   :            libMLDAP/MLDAP.c:  53: ================================================
08-11 15:54:25.444  3300  3790 D EnterpriseController: netId is 0
08-11 15:54:25.444  3300  3790 D Netd    : getNetworkForDns: using netid 504 for uid 10034
08-11 15:54:25.444  3300  3790 D DnsProxyListener: DNSDBG::dns addrinfo af 0
08-11 15:54:25.450 16330 22336 I Finsky  : [24530] com.google.android.finsky.foregroundcoordinator.ForegroundCoordinator.a(9): Task 7 requested foreground
08-11 15:54:25.452 16330 22336 I Finsky  : [24530] com.google.android.finsky.foregroundcoordinator.ForegroundCoordinator.a(34): Not entering foreground
08-11 15:54:25.475 22329 22329 I TMSDISP : AcsAndroidVirtualDisplayIntfImpl
08-11 15:54:25.496 22329 22329 D ICU     : No timezone override file found: /data/misc/zoneinfo/current/icu/icu_tzdata.dat
08-11 15:54:25.518 22329 22329 I Enhanced Zygote ASLR: DISABLED!
08-11 15:54:25.519 22329 22329 I Radio-JNI: register_android_hardware_Radio DONE
08-11 15:54:25.522 22329 22329 D ReflectionHelper: loadKlass() : caller=android.app.Activity.<clinit>:7525 <bottom of call stack> 
08-11 15:54:25.522 22329 22329 D ReflectionHelper: Reflecting method.....  class <onScreenChanged>
08-11 15:54:25.522 22329 22329 E SemAffinityControl: SemAffinityControl: registerfunction enter
08-11 15:54:25.530 22329 22329 D AndroidRuntime: Calling main entry com.android.commands.pm.Pm
08-11 15:54:25.623 16330 16330 I Finsky  : [1] com.google.android.finsky.verifier.impl.bm.b(6): Verification id=157 response=0
08-11 15:54:25.633 22348 22348 I FIPS_bssl: FIPS (v1.1) approved mode (1) | 22348 | ps
08-11 15:54:25.635 16330 16330 I Finsky  : [1] com.google.android.finsky.verifier.impl.cb.c(97): Verifying id=157, result=1
08-11 15:54:25.680  3827  8237 D SSRM:k  : SIOP:: AP = 410, PST = 330 (W:6), CP = 287, CUR = -51, LCD = 105
08-11 15:54:25.707  3827  9341 D PackageManager: [VERIFY] verifyPendingInstall(157, ALLOW), uid=10034
08-11 15:54:25.710 22329 22329 I art     : System.exit called, status: 0
08-11 15:54:25.710 22329 22329 I AndroidRuntime: VM exiting with result code 0.
08-11 15:54:25.710 16330 16330 I Finsky  : [1] com.google.android.finsky.verifier.impl.cb.c(110): Verification complete: id=157, package_name=com.yanzhenjie.album.sample
08-11 15:54:25.710 22329 22329 I TMSDISP : AcsAndroidVirtualDisplayIntfImpl::~AcsAndroidVirtualDisplayIntfImpl - Enter
08-11 15:54:25.710 22329 22329 I TMSDISP : AcsAndroidVirtualDisplayIntfImpl::~AcsAndroidVirtualDisplayIntfImpl - Enter2
08-11 15:54:25.710 22329 22329 I TMSDISP : AcsAndroidVirtualDisplayIntfImpl::~AcsAndroidVirtualDisplayIntfImpl - mSource2
08-11 15:54:25.710 22329 22329 I TMSDISP : AcsAndroidVirtualDisplayIntfImpl::~AcsAndroidVirtualDisplayIntfImpl - Exit
08-11 15:54:25.716  3827  3860 D PackageManager: [VERIFY] PACKAGE_VERIFIED: 
08-11 15:54:25.716  3827  3860 D PackageManager: PackageVerificationState{
08-11 15:54:25.716  3827  3860 D PackageManager:     verifier packages=com.android.vending(10034),com.samsung.android.sm.devicesecurity(5012),
08-11 15:54:25.716  3827  3860 D PackageManager:     intent=Intent { act=android.intent.action.PACKAGE_NEEDS_VERIFICATION dat=file:///data/app/vmdl1471086209.tmp typ=application/vnd.android.package-archive flg=0x10000001 cmp=com.android.vending/com.google.android.finsky.verifier.impl.PackageVerificationReceiver launchParam=MultiScreenLaunchParams { mDisplayId=0 mFlags=0 } (has extras) }
08-11 15:54:25.716  3827  3860 D PackageManager:     others=157, false, false, false, false, false
08-11 15:54:25.716  3827  3860 D PackageManager: }
08-11 15:54:25.716  3827  3860 D PackageManager: [VERIFY] setVerifierResponse {verificationID=157, uid=10034, code=1}
08-11 15:54:25.716  3827  3860 D PackageManager: [VERIFY] sendOrderedBroadcastToPendingVerifier:
08-11 15:54:25.716  3827  3860 D PackageManager: PackageVerificationState{
08-11 15:54:25.716  3827  3860 D PackageManager:     verifier packages=com.samsung.android.sm.devicesecurity(5012),
08-11 15:54:25.716  3827  3860 D PackageManager:     intent=Intent { act=android.intent.action.PACKAGE_NEEDS_VERIFICATION dat=file:///data/app/vmdl1471086209.tmp typ=application/vnd.android.package-archive flg=0x10000001 cmp=com.android.vending/com.google.android.finsky.verifier.impl.PackageVerificationReceiver launchParam=MultiScreenLaunchParams { mDisplayId=0 mFlags=0 } (has extras) }
08-11 15:54:25.716  3827  3860 D PackageManager:     others=157, false, false, false, false, false
08-11 15:54:25.716  3827  3860 D PackageManager: }
08-11 15:54:25.738  3827 32580 D PackageManager: [VERIFY] verifyPendingInstall(157, ALLOW), uid=5012
08-11 15:54:25.739  3827  3860 D PackageManager: [VERIFY] PACKAGE_VERIFIED: 
08-11 15:54:25.739  3827  3860 D PackageManager: PackageVerificationState{
08-11 15:54:25.739  3827  3860 D PackageManager:     verifier packages=com.samsung.android.sm.devicesecurity(5012),
08-11 15:54:25.739  3827  3860 D PackageManager:     intent=Intent { act=android.intent.action.PACKAGE_NEEDS_VERIFICATION dat=file:///data/app/vmdl1471086209.tmp typ=application/vnd.android.package-archive flg=0x10000001 cmp=com.samsung.android.sm.devicesecurity/.AppVerificationReceiver launchParam=MultiScreenLaunchParams { mDisplayId=0 mFlags=0 } (has extras) }
08-11 15:54:25.739  3827  3860 D PackageManager:     others=157, false, false, false, false, false
08-11 15:54:25.739  3827  3860 D PackageManager: }
08-11 15:54:25.739  3827  3860 D PackageManager: [VERIFY] setVerifierResponse {verificationID=157, uid=5012, code=1}
08-11 15:54:25.739  3827  3827 D PackageManager: [VERIFY] onReceive for RequiredVerifier id=157
08-11 15:54:25.740  3827  3860 D PackageManager: [VERIFY] packageVerificationCompletion: completed id=157
08-11 15:54:25.752  3827 22351 W ProcessCpuTracker: Skipping unknown process pid 22348
08-11 15:54:25.764  3827  3860 W PackageParser: Unknown element under <manifest>: meta-data at /data/app/vmdl1471086209.tmp/base.apk Binary XML file line #31
08-11 15:54:25.766  3827  3860 W PackageManager: verifying app can be installed or not
08-11 15:54:25.766  3827  3860 D ApplicationPolicy: isApplicationInstallationEnabled
08-11 15:54:25.766  3827  3860 D ApplicationPolicy: isApplicationInstallationEnabled :  Checking PKG WL - false
08-11 15:54:25.766  3827  3860 D ApplicationPolicy: isApplicationInstallationEnabled :  Checking PKG BL - true
08-11 15:54:25.767  3827  3860 D ApplicationPolicy: isApplicationInstallationEnabled :  Checking PERM BL - true
08-11 15:54:25.767  3827  3860 D ApplicationPolicy: isApplicationInstallationEnabled :  Checking SIG BL - true
08-11 15:54:25.767  3827  3860 D ApplicationPolicy: isApplicationInstallationEnabled :  Checking PKG WL - false
08-11 15:54:25.767  3827  3860 D ApplicationPolicy: isApplicationInstallationEnabled :  Checking PKG BL - true
08-11 15:54:25.767  3827  3860 D ApplicationPolicy: isApplicationInstallationEnabled :  Checking PERM BL - true
08-11 15:54:25.767  3827  3860 D ApplicationPolicy: isApplicationInstallationEnabled :  Checking SIG BL - true
08-11 15:54:25.767  3827  3860 D ApplicationPolicy: isApplicationInstallationEnabled :  enabled true
08-11 15:54:25.768  3827  3860 E AASAASKS: mASKSfirstBooting : true
08-11 15:54:25.768  3827  3860 E AASAASKS: Install needed apks once First Booting Process
08-11 15:54:25.768  3827  3860 I MSTG    :  com.yanzhenjie.album.sample is installing..
08-11 15:54:25.768  3827  3860 I AASAInstall: mAASAFirstWoring is changed into FALSE!!!!
08-11 15:54:25.769  3827  3860 I AASAInstall: ship device
08-11 15:54:25.792  3827  3860 I PackageManager.DexOptimizer: Running dexopt (dex2oat) on: /data/app/vmdl1471086209.tmp/base.apk pkg=com.yanzhenjie.album.sample isa=arm64 vmSafeMode=false debuggable=true target-filter=interpret-only oatDir = /data/app/vmdl1471086209.tmp/oat sharedLibraries=null
08-11 15:54:25.841 22353 22353 I dex2oat : /system/bin/dex2oat --compiler-filter=interpret-only --debuggable
08-11 15:54:25.852  5639  5639 D EasyCapture: saveMainHomeScreen compress : 369596
08-11 15:54:25.859  5639  5639 D EasyCapture: saveToFileCaptureScreen ret : false SCREENSHOT_FILE_PATH : /storage/emulated/0/Android/data/com.sec.android.app.easylauncher/cache/EasyhomescreenPreview.png
08-11 15:54:25.860  3827  9334 D SecContentProvider: query(), uri = 17 selection = isSettingsChangesAllowed
08-11 15:54:25.861  3827  9334 D SecContentProvider: called from android.uid.sec.activitywidget:10010
08-11 15:54:25.871  3827  4948 D libgps  : OnGpsExtensionMessage: message_id(1), data(0x70620d8044), size(2728)
08-11 15:54:25.871  3827  4948 D libgps  : proxy__gnss_sv_status_cb: called. num_svs(0)
08-11 15:54:25.913  4717  4717 V hong    : mid yDiff = 584
08-11 15:54:25.915  4717  4717 V hong    : mid yDiff = 584
08-11 15:54:26.043 22353 22353 W dex2oat : Before Android 4.1, method android.graphics.PorterDuffColorFilter android.support.graphics.drawable.VectorDrawableCompat.updateTintFilter(android.graphics.PorterDuffColorFilter, android.content.res.ColorStateList, android.graphics.PorterDuff$Mode) would have incorrectly overridden the package-private method in android.graphics.drawable.Drawable
08-11 15:54:26.063  3827  3848 V WallpaperManagerService: Wallpaper file change: evt=128 path=settings_system.xml.bak sys=false lock=false imagePending=false whichPending=0x0 written=true index=0
08-11 15:54:26.072  3827  3848 V WallpaperManagerService: Wallpaper file change: evt=8 path=settings_system.xml sys=false lock=false imagePending=false whichPending=0x0 written=true index=0
08-11 15:54:26.073  3827  3848 V WallpaperManagerService: Wallpaper file change: evt=512 path=settings_system.xml.bak sys=false lock=false imagePending=false whichPending=0x0 written=false index=0
08-11 15:54:26.081 22353 22359 W dex2oat : Before Android 4.1, method int android.support.v7.widget.ListViewCompat.lookForSelectablePosition(int, boolean) would have incorrectly overridden the package-private method in android.widget.ListView
08-11 15:54:26.106  3827  5017 D BatteryService: !@BatteryListener : batteryPropertiesChanged!
08-11 15:54:26.107  3827  5017 D BatteryService: level:93, scale:100, status:2, health:2, present:true, voltage: 4158, temperature: 304, technology: Li-ion, AC powered:false, USB powered:true, POGO powered:false, Wireless powered:false, icon:17303682, invalid charger:0, maxChargingCurrent:0, maxChargingVoltage:0, chargeCounter:0
08-11 15:54:26.107  3827  5017 D BatteryService: online:4, current avg:-67, charge type:1, power sharing:false, high voltage charger:false, capacity:280000, batterySWSelfDischarging:false, misc_event:0, current_now:-318
08-11 15:54:26.107  3827  3827 D BatteryService: Sending ACTION_BATTERY_CHANGED.
08-11 15:54:26.111  3827  3827 V UiModeManager: updateLocked: null action, mDockState=0, category=null
08-11 15:54:26.111  3827  3827 D UiModeManager: updateConfigurationLocked: mDockState=0; mCarMode=false; mNightMode=1; uiMode=17
08-11 15:54:26.113  3827  3827 D GameManagerService: new battery level: 93
08-11 15:54:26.115  4717  4717 D KeyguardUpdateMonitor: received broadcast android.intent.action.BATTERY_CHANGED
08-11 15:54:26.115  4717  4717 D KeyguardUpdateMonitor: handleBatteryUpdate
08-11 15:54:26.121  4717  4717 D PowerUI : priorPlugType = 2 mPlugType =  2
08-11 15:54:26.122  4717  4717 D PowerUI.Notification: showChargingNotice oldChargingType : 1 currentChargingType : 1 oldChargingTime : 1734000 mChargingTime : 1734000
08-11 15:54:26.122  4717  4717 D PowerUI.Notification: There is no change about charging status, so return!
08-11 15:54:26.126  4672  4672 V HeadsetService: HeadsetService - Received Intent.ACTION_BATTERY_CHANGED
08-11 15:54:26.127  4672  5176 D HeadsetStateMachine: Disconnected process message: 10, size: 0
08-11 15:54:26.128  4717  4717 D BatteryMeterDrawable: isSomethingChanged - false
08-11 15:54:26.128  4717  4717 D BatteryMeterDrawable: isSomethingChanged - false
08-11 15:54:26.142  4717  4717 D Tile.FlashlightTile: ACTION_BATTERY_CHANGED - Level :: 93, emEnabled :: false
08-11 15:54:26.486 22353 22353 I dex2oat : ----------------------------------------------------
08-11 15:54:26.486 22353 22353 I dex2oat : <SS>: S T A R T I N G . . .
08-11 15:54:26.486 22353 22353 D dex2oat : <SS>: apk not found at 
08-11 15:54:26.486 22353 22353 D dex2oat : <SS>: trying at /data/app/vmdl1471086209.tmp/base.apk
08-11 15:54:26.486 22353 22353 I dex2oat : <SS>: going to process manifest for 64-bit.../data/app/vmdl1471086209.tmp/base.apk
08-11 15:54:26.486 22353 22353 I         : SS_ART_lib [I]: permission is absent: /data/app/vmdl1471086209.tmp/base.apk
08-11 15:54:26.486 22353 22353 I         : SS_ART_lib [I]: access to SS denied
08-11 15:54:26.486 22353 22353 I dex2oat : Finish SS_ART_lib()
08-11 15:54:26.486 22353 22353 I dex2oat : dex2oat took 646.341ms (threads: 8) arena alloc=16KB (16896B) java alloc=7MB (7841520B) native alloc=6MB (6850896B) free=2MB (2717360B)
08-11 15:54:26.498  3827  3860 W SELinux : SELinux: set fc_digest(/data/app/com.yanzhenjie.album.sample-1)
08-11 15:54:26.500  3827  3848 V WallpaperManagerService: Wallpaper file change: evt=128 path=package-restrictions-backup.xml sys=false lock=false imagePending=false whichPending=0x0 written=true index=0
08-11 15:54:26.507  3827  3848 V WallpaperManagerService: Wallpaper file change: evt=8 path=package-restrictions.xml sys=false lock=false imagePending=false whichPending=0x0 written=true index=0
08-11 15:54:26.507  3827  3848 V WallpaperManagerService: Wallpaper file change: evt=512 path=package-restrictions-backup.xml sys=false lock=false imagePending=false whichPending=0x0 written=false index=0
08-11 15:54:26.507  3827  3860 W SELinuxMMAC:  assignseinfovalue, <package name > = com.yanzhenjie.album.sample<seinfo> = untrusted<bbcseinfo> = untrusted<category> = 1023
08-11 15:54:26.508  3827  3860 D PackageManager: Resolved nativeLibraryRoot for com.yanzhenjie.album.sample to root=/data/app/com.yanzhenjie.album.sample-1/lib, isa=true
08-11 15:54:26.508  3827  3860 D PackageManager: Abis for package[com.yanzhenjie.album.sample] are primary=null secondary=null
08-11 15:54:26.516  3827  3860 D PackageManager: EAS IT Policy destCodeFile /data/app/com.yanzhenjie.album.sample-1
08-11 15:54:26.633  3827 22366 I HarmonyEASService: Updating for all 1
08-11 15:54:26.635  3827  3848 V WallpaperManagerService: Wallpaper file change: evt=128 path=package-restrictions-backup.xml sys=false lock=false imagePending=false whichPending=0x0 written=true index=0
08-11 15:54:26.642  3827  3848 V WallpaperManagerService: Wallpaper file change: evt=8 path=package-restrictions.xml sys=false lock=false imagePending=false whichPending=0x0 written=true index=0
08-11 15:54:26.642  3827  3848 V WallpaperManagerService: Wallpaper file change: evt=512 path=package-restrictions-backup.xml sys=false lock=false imagePending=false whichPending=0x0 written=false index=0
08-11 15:54:26.642  3827  3860 D AASAinstall: there is not AASApackages.xml file
08-11 15:54:26.642  3827  3860 W PackageManager: Not granting permission android.permission.MOUNT_UNMOUNT_FILESYSTEMS to package com.yanzhenjie.album.sample (protectionLevel=18 flags=0x38083e46)
08-11 15:54:26.711  3827  3848 V WallpaperManagerService: Wallpaper file change: evt=128 path=package-restrictions-backup.xml sys=false lock=false imagePending=false whichPending=0x0 written=true index=0
08-11 15:54:26.715  3827  3860 I PackageManager: enforceEDMPermissionLI
08-11 15:54:26.715  3827  3848 V WallpaperManagerService: Wallpaper file change: evt=8 path=package-restrictions.xml sys=false lock=false imagePending=false whichPending=0x0 written=true index=0
08-11 15:54:26.716  3827  3848 V WallpaperManagerService: Wallpaper file change: evt=512 path=package-restrictions-backup.xml sys=false lock=false imagePending=false whichPending=0x0 written=false index=0
08-11 15:54:26.716  3281  3281 I SELinux : SELinux: seapp_context_lookup: seinfo=untrusted, level=s0:c512,c768, pkgname=com.yanzhenjie.album.sample 
08-11 15:54:26.718  3281  3281 I SELinux : SELinux: seapp_context_lookup: seinfo=untrusted, level=s0:c512,c768, pkgname=com.yanzhenjie.album.sample 
08-11 15:54:26.721  3281  3281 W SELinux : SELINUX: pkgdir_selabel_lookup, reloading seapp_contexts only once, pathname:/data/data/com.yanzhenjie.album.sample, uid:12109
08-11 15:54:26.721  3281  3281 W SELinux :  
08-11 15:54:26.721  3281  3281 I SELinux : SELinux: seapp_context_lookup: seinfo=untrusted, level=s0:c512,c768, pkgname=com.yanzhenjie.album.sample 
08-11 15:54:26.722  3281  3281 W SELinux : SELINUX: pkgdir_selabel_lookup, reloading seapp_contexts only once, pathname:/data/user_de/0/com.yanzhenjie.album.sample, uid:12109
08-11 15:54:26.722  3281  3281 W SELinux :  
08-11 15:54:26.723  3281  3281 I SELinux : SELinux: seapp_context_lookup: seinfo=untrusted, level=s0:c512,c768, pkgname=com.yanzhenjie.album.sample 
08-11 15:54:26.724  3827  3860 D SecureStorageService: Called signDexFileInsideZip primaryAbi=arm64
08-11 15:54:26.724  3827  3860 D SecureStorageService: apk path=/data/app/com.yanzhenjie.album.sample-1/base.apk
08-11 15:54:26.724  3827  3860 D SecureStorageService: uid=12109
08-11 15:54:26.724  3827  3860 D SecureStorageService: abi=64
08-11 15:54:26.724  3827  3860 D SecureStorageService: type=dex
08-11 15:54:26.806 22368 22368 I FIPS_bssl: FIPS (v1.1) approved mode (1) | 22368 | ps
08-11 15:54:26.820 22367 22367 I         : SS_ART_lib [I]: permission is absent: /data/app/com.yanzhenjie.album.sample-1/base.apk
08-11 15:54:26.820 22367 22367 I         : SS_ART_lib [I]: access to SS denied
08-11 15:54:26.822  3827  3860 E SecureStorageService: Process failed status=0x0200
08-11 15:54:26.822  3827  3860 W PackageManager: Can't sign the dex file!
08-11 15:54:26.823  3827  3860 D MountService: onExternalStoragePolicyChanged : uid=12109, packageName=com.yanzhenjie.album.sample
08-11 15:54:26.823  3827  3860 D MountService: getExternalStorageMountMode : 2
08-11 15:54:26.823  3827  3860 D MountService: getExternalStorageMountMode : 3
08-11 15:54:26.823  3827  3860 D MountService: getExternalStorageMountMode : final mountMode=2, uid : 12109, packageName : com.yanzhenjie.album.sample
08-11 15:54:26.823  3827  3860 D VoldConnector: SND -> {21 volume remount_uid 12109 read}
08-11 15:54:26.824  3827  3827 D LocationManagerService: provider request: passive ProviderRequest[ON interval=0]
08-11 15:54:26.824  3827  3827 D LocationManagerService: provider request: gps ProviderRequest[ON interval=+10s0ms]
08-11 15:54:26.824  3095  3165 D VoldCmdListener: CommandListener::runCommand() cmd:remount_uid
08-11 15:54:26.825  3095  3165 D vold    : Remounting 12109 as mode read
08-11 15:54:26.825  3827  3827 I GnssLocationProvider: WakeLock acquired by sendMessage(3, 0, com.android.server.location.GnssLocationProvider$GpsRequest@306cd42)
08-11 15:54:26.828  3827  3843 D GnssLocationProvider: setRequest ProviderRequest[ON interval=+10s0ms]
08-11 15:54:26.829  3827  3843 I GnssLocationProvider: WakeLock released by handleMessage(3, 0, com.android.server.location.GnssLocationProvider$GpsRequest@306cd42)
08-11 15:54:26.830  3827  3827 D LocationManagerService: provider request: network ProviderRequest[ON interval=+1d0h0m0s0ms]
08-11 15:54:26.831  3827  3827 D LocationManagerService: provider request: fused ProviderRequest[ON interval=+30m0s0ms]
08-11 15:54:26.835  3827 32580 I ActivityManager: KPU : put [com.instagram.android] : 17852 K
08-11 15:54:26.835  3827 32580 I ActivityManager: Killing 20798:com.instagram.android/u0a103 (adj 906): DHA:empty #33
08-11 15:54:26.842  3827  3827 D LocationManagerService: provider request: passive ProviderRequest[ON interval=0]
08-11 15:54:26.842  3827  3827 D LocationManagerService: provider request: gps ProviderRequest[ON interval=+10s0ms]
08-11 15:54:26.843  3827  3827 I GnssLocationProvider: WakeLock acquired by sendMessage(3, 0, com.android.server.location.GnssLocationProvider$GpsRequest@f7bb153)
08-11 15:54:26.843  3827  3843 D GnssLocationProvider: setRequest ProviderRequest[ON interval=+10s0ms]
08-11 15:54:26.843  3827  3827 D LocationManagerService: provider request: network ProviderRequest[ON interval=+1d0h0m0s0ms]
08-11 15:54:26.844  3827  3843 I GnssLocationProvider: WakeLock released by handleMessage(3, 0, com.android.server.location.GnssLocationProvider$GpsRequest@f7bb153)
08-11 15:54:26.844  3827  3827 D LocationManagerService: provider request: fused ProviderRequest[ON interval=+30m0s0ms]
08-11 15:54:26.856  3827  4072 D VoldConnector: RCV <- {200 21 Command succeeded}
08-11 15:54:26.857  3827  3860 D MountService: onExternalStoragePolicyChanged : uid=12109, packageName=com.yanzhenjie.album.sample
08-11 15:54:26.857  3827  3860 D MountService: getExternalStorageMountMode : 3
08-11 15:54:26.857  3827  3860 D MountService: getExternalStorageMountMode : 3
08-11 15:54:26.857  3827  3860 D MountService: getExternalStorageMountMode : final mountMode=3, uid : 12109, packageName : com.yanzhenjie.album.sample
08-11 15:54:26.857  3827  3860 D VoldConnector: SND -> {22 volume remount_uid 12109 write}
08-11 15:54:26.858  3827  3827 D LocationManagerService: provider request: passive ProviderRequest[ON interval=0]
08-11 15:54:26.859  3827  3827 D LocationManagerService: provider request: gps ProviderRequest[ON interval=+10s0ms]
08-11 15:54:26.859  3095  3165 D VoldCmdListener: CommandListener::runCommand() cmd:remount_uid
08-11 15:54:26.860  3095  3165 D vold    : Remounting 12109 as mode write
08-11 15:54:26.868  3827  3827 I GnssLocationProvider: WakeLock acquired by sendMessage(3, 0, com.android.server.location.GnssLocationProvider$GpsRequest@e3fa90)
08-11 15:54:26.868  3827  3827 D LocationManagerService: provider request: network ProviderRequest[ON interval=+1d0h0m0s0ms]
08-11 15:54:26.868  3827  3843 D GnssLocationProvider: setRequest ProviderRequest[ON interval=+10s0ms]
08-11 15:54:26.868  3827  3843 I GnssLocationProvider: WakeLock released by handleMessage(3, 0, com.android.server.location.GnssLocationProvider$GpsRequest@e3fa90)
08-11 15:54:26.869  3827  3827 D LocationManagerService: provider request: fused ProviderRequest[ON interval=+30m0s0ms]
08-11 15:54:26.873  3827  4072 D VoldConnector: RCV <- {200 22 Command succeeded}
08-11 15:54:26.874  3827  4948 D libgps  : OnGpsExtensionMessage: message_id(1), data(0x70620d8044), size(2728)
08-11 15:54:26.874  3827  4948 D libgps  : proxy__gnss_sv_status_cb: called. num_svs(0)
08-11 15:54:26.893 21995 22003 I eN66    : JNI Enter Function Java_com_asr_pocketsphinx_pocketsphinxJNI_delete_1Config
08-11 15:54:26.893 21995 22003 I eN66    : JNI Exit Function Java_com_asr_pocketsphinx_pocketsphinxJNI_delete_1Config delete_Config -635057408
08-11 15:54:26.912  3827  3839 D ActivityManager: cleanUpApplicationRecord -- 20798
08-11 15:54:26.925  3827  3860 I art     : Waiting for a blocking GC Explicit
08-11 15:54:26.928  5340  5356 D ForegroundUtils: could not check pending caller
08-11 15:54:26.947  3827  3860 I art     : WaitForGcToComplete blocked for 21.893ms for cause Explicit
08-11 15:54:26.947  3827  3860 I art     : Starting a blocking GC Explicit
08-11 15:54:27.015  3827  4531 D WifiStateMachine: Current network is: "CMU-SECURE" , ID is: 0
08-11 15:54:27.015  3827  4531 D WifiStateMachine: 5GHz mQnsLowerRssiThreshold is recovered, currentRssi = -53
08-11 15:54:27.061  3827  3848 V WallpaperManagerService: Wallpaper file change: evt=128 path=runtime-permissions.xml.bak sys=false lock=false imagePending=false whichPending=0x0 written=true index=0
08-11 15:54:27.071  3827  3848 V WallpaperManagerService: Wallpaper file change: evt=8 path=runtime-permissions.xml sys=false lock=false imagePending=false whichPending=0x0 written=true index=0
08-11 15:54:27.072  3827  3848 V WallpaperManagerService: Wallpaper file change: evt=512 path=runtime-permissions.xml.bak sys=false lock=false imagePending=false whichPending=0x0 written=false index=0
08-11 15:54:27.116  3827  3860 I art     : Explicit concurrent mark sweep GC freed 27509(1655KB) AllocSpace objects, 5(116KB) LOS objects, 20% free, 61MB/77MB, paused 1.549ms total 168.970ms
08-11 15:54:27.117  3827  3860 D PackageManager: result of install: 1{85829987}
08-11 15:54:27.117  3281  3281 E         : Couldn't opendir /data/app/vmdl1471086209.tmp: No such file or directory
08-11 15:54:27.121  3827  3827 D KnoxMUMContainerPolicy: mPackageReceiver : action - android.intent.action.PACKAGE_ADDED
08-11 15:54:27.121  3827  3827 D KnoxMUMContainerPolicy: packageInstalledForExternalStorage com.yanzhenjie.album.sample
08-11 15:54:27.163  5470  5470 I CatchNotificationsService: mPackageChangedReceiver : onReceive action = android.intent.action.PACKAGE_ADDED
08-11 15:54:27.167  5470  5470 D CatchNotificationsSupportedAppsDBHelper: Adding new supported packag
08-11 15:54:27.167  5470  5470 W CatchNotificationsSupportedAppsDBHelper: Package is not disabled, cannot enable
08-11 15:54:27.168  5576  5576 V OMA_SmartcardService: TerminalStateChanged.
08-11 15:54:27.168  5576  5576 V OMA_SmartcardService: TerminalStateChanged/action:android.intent.action.PACKAGE_ADDED, pkgName:com.yanzhenjie.album.sample
08-11 15:54:27.168  5576  5576 V OMA_SmartcardService: updateTerminals/action:android.intent.action.PACKAGE_ADDED, pkgName:com.yanzhenjie.album.sample
08-11 15:54:27.170  5639  5639 D EasyLauncher.EasyController: removePackage : false
08-11 15:54:27.170  5639  5639 I EasyLauncher.EasyController: android.intent.action.PACKAGE_ADDED has been called for com.yanzhenjie.album.sample
08-11 15:54:27.170  5576  5576 I OMA_SmartcardService: Terminal list cnt : 2
08-11 15:54:27.170  5479  5479 I PeoplePackageManager: onReceive:android.intent.action.PACKAGE_ADDED
08-11 15:54:27.173  5576  5576 I OMA_SmartcardService: TERMINAL_DISCOVERY pkg name : org.simalliance.openmobileapi.service/ name : eSE
08-11 15:54:27.174  5576  5576 I OMA_SmartcardService: TERMINAL_DISCOVERY pkg name : org.simalliance.openmobileapi.service/ name : SIM
08-11 15:54:27.177  3827  4066 I InputReader: Reconfiguring input devices.  changes=0x00000010
08-11 15:54:27.177 10239 10239 W BeaconManager: AppControlManager.mPackageReceiver - Intent { act=android.intent.action.PACKAGE_ADDED dat=package:com.yanzhenjie.album.sample flg=0x4000010 launchParam=MultiScreenLaunchParams { mDisplayId=0 mFlags=0 } bqHint=1 (has extras) }
08-11 15:54:27.177 10239 10239 I BeaconManager: AppControlManager.mAppControlHandler - handleMessage msg what :2
08-11 15:54:27.177 10239 10239 W BeaconManager: AppControlManager.handleAddRemovePackage - Intent { act=android.intent.action.PACKAGE_ADDED dat=package:com.yanzhenjie.album.sample flg=0x4000010 launchParam=MultiScreenLaunchParams { mDisplayId=0 mFlags=0 } bqHint=1 (has extras) }
08-11 15:54:27.177 10239 10239 D BeaconManager: AppControlManager.handleAddRemovePackage - not handled add/remove package
08-11 15:54:27.178 10758 10758 V oneconnect[1.0.00-41][100000041] : AppPackageUtil.mPackageReceiver - action:android.intent.action.PACKAGE_ADDED, package:com.yanzhenjie.album.sample
08-11 15:54:27.180  5639  5639 D Easylauncher.Lib: getEasyAppsToShow invisiblePackages : 17
08-11 15:54:27.192  3827  3843 E CustomizedTextParser: getCustomizedText Rule is empty. mRuleMap={}
08-11 15:54:27.193  4656  4656 D CarrierSvcBindHelper: No carrier app for: 0
08-11 15:54:27.194  4656  4656 D CarrierSvcBindHelper: No carrier app for: 1
08-11 15:54:27.195  4656  4656 D CarrierConfigLoader: mHandler: 9 phoneId: 0
08-11 15:54:27.196  5340  5340 D RegisteredServicesCache: invalidateCache
08-11 15:54:27.198  3827  3843 D AccessibilityManagerService: readMagniferWindowEnabledSettingLocked() magniferWindowEnabled = false/ userState.mIsMagniferWindowEnabled = false
08-11 15:54:27.199  3827  5095 D MountService: getExternalStorageMountMode : 1
08-11 15:54:27.199  3827  5095 D MountService: getExternalStorageMountMode : 3
08-11 15:54:27.199  3827  5095 D MountService: getExternalStorageMountMode : final mountMode=1, uid : 1000, packageName : com.samsung.aasaservice
08-11 15:54:27.199  5639  5639 W System.err: java.lang.NullPointerException: Attempt to invoke virtual method 'android.content.ComponentName android.content.Intent.getComponent()' on a null object reference
08-11 15:54:27.199  5639  5639 W System.err: 	at android.content.pm.LauncherApps.resolveActivity(LauncherApps.java:340)
08-11 15:54:27.199  5639  5639 W System.err: 	at com.sec.android.app.easylauncher.lib.AppInfo.updateAppIconTray(AppInfo.java:196)
08-11 15:54:27.199  5639  5639 W System.err: 	at com.sec.android.app.easylauncher.lib.AppInfo.setAppIcon(AppInfo.java:170)
08-11 15:54:27.199  5639  5639 W System.err: 	at com.sec.android.app.easylauncher.lib.Lib.getEasyAppsToShow(Lib.java:109)
08-11 15:54:27.199  5639  5639 W System.err: 	at com.sec.android.app.easylauncher.lib.Lib.getApplicationsWithClass(Lib.java:156)
08-11 15:54:27.199  5639  5639 W System.err: 	at com.sec.android.app.easylauncher.EasyController$1.onReceive(EasyController.java:333)
08-11 15:54:27.199  5639  5639 W System.err: 	at android.app.LoadedApk$ReceiverDispatcher$Args.run(LoadedApk.java:1185)
08-11 15:54:27.199  5639  5639 W System.err: 	at android.os.Handler.handleCallback(Handler.java:751)
08-11 15:54:27.199  5639  5639 W System.err: 	at android.os.Handler.dispatchMessage(Handler.java:95)
08-11 15:54:27.199  5639  5639 W System.err: 	at android.os.Looper.loop(Looper.java:154)
08-11 15:54:27.199  5639  5639 W System.err: 	at android.app.ActivityThread.main(ActivityThread.java:6692)
08-11 15:54:27.199  5639  5639 W System.err: 	at java.lang.reflect.Method.invoke(Native Method)
08-11 15:54:27.199  5639  5639 W System.err: 	at com.android.internal.os.ZygoteInit$MethodAndArgsCaller.run(ZygoteInit.java:1468)
08-11 15:54:27.199  5639  5639 W System.err: 	at com.android.internal.os.ZygoteInit.main(ZygoteInit.java:1358)
08-11 15:54:27.205  4717  4717 D RecentsAppListViewAdapter: onBusEvent(NotifyDataLoadEvent)
08-11 15:54:27.205  4717  4717 D RecentsAppListLoader: getFrequentlyUsedAppCount - count=0
08-11 15:54:27.216  5639  5639 W System.err: java.lang.NullPointerException: Attempt to invoke virtual method 'android.content.ComponentName android.content.Intent.getComponent()' on a null object reference
08-11 15:54:27.216  5639  5639 W System.err: 	at android.content.pm.LauncherApps.resolveActivity(LauncherApps.java:340)
08-11 15:54:27.216  5639  5639 W System.err: 	at com.sec.android.app.easylauncher.lib.AppInfo.updateAppIconTray(AppInfo.java:196)
08-11 15:54:27.216  5639  5639 W System.err: 	at com.sec.android.app.easylauncher.lib.AppInfo.setAppIcon(AppInfo.java:170)
08-11 15:54:27.216  5639  5639 W System.err: 	at com.sec.android.app.easylauncher.lib.Lib.getEasyAppsToShow(Lib.java:109)
08-11 15:54:27.216  5639  5639 W System.err: 	at com.sec.android.app.easylauncher.lib.Lib.getApplicationsWithClass(Lib.java:156)
08-11 15:54:27.217  5639  5639 W System.err: 	at com.sec.android.app.easylauncher.EasyController$1.onReceive(EasyController.java:333)
08-11 15:54:27.217  5639  5639 W System.err: 	at android.app.LoadedApk$ReceiverDispatcher$Args.run(LoadedApk.java:1185)
08-11 15:54:27.217  5639  5639 W System.err: 	at android.os.Handler.handleCallback(Handler.java:751)
08-11 15:54:27.217  5639  5639 W System.err: 	at android.os.Handler.dispatchMessage(Handler.java:95)
08-11 15:54:27.217  5639  5639 W System.err: 	at android.os.Looper.loop(Looper.java:154)
08-11 15:54:27.217  5639  5639 W System.err: 	at android.app.ActivityThread.main(ActivityThread.java:6692)
08-11 15:54:27.217  5639  5639 W System.err: 	at java.lang.reflect.Method.invoke(Native Method)
08-11 15:54:27.217  5639  5639 W System.err: 	at com.android.internal.os.ZygoteInit$MethodAndArgsCaller.run(ZygoteInit.java:1468)
08-11 15:54:27.217  5639  5639 W System.err: 	at com.android.internal.os.ZygoteInit.main(ZygoteInit.java:1358)
08-11 15:54:27.220 22371 22371 E Zygote  : v2
08-11 15:54:27.220 22371 22371 I libpersona: KNOX_SDCARD checking this for 1000
08-11 15:54:27.220 22371 22371 I libpersona: KNOX_SDCARD not a persona
08-11 15:54:27.220 22371 22371 E Zygote  : accessInfo : 0
08-11 15:54:27.222  3827  5095 I ActivityManager: Start proc 22371:com.samsung.aasaservice/1000 for broadcast com.samsung.aasaservice/.AASAUpdateReceiver
08-11 15:54:27.222  3827  3843 I AccessibilityManagerService: semIsAccessibilityServiceEnabled()
08-11 15:54:27.225 22371 22371 W SELinux : SELinux selinux_android_compute_policy_index : Policy Index[1],  Con:u:r:zygote:s0 SPD:SEPF_SECMOBILE_7.0_0006 RAM:SEPF_SECMOBILE_7.0_0005, [-1 -1 0 1 0 1]
08-11 15:54:27.226 22371 22371 I SELinux : SELinux: seapp_context_lookup: seinfo=platform, pkgname=com.samsung.aasaservice 
08-11 15:54:27.226  5340  5340 D RegisteredOthersCache: start invalidate
08-11 15:54:27.226  5340  5340 D RegisteredPoliciesCache: invalidate
08-11 15:54:27.226  5340  5340 D RegisteredAidCache: onServicePolicyUpdated
08-11 15:54:27.226  5340  5340 D RegisteredAidCache: generateAidPolicyMapLocked
08-11 15:54:27.226  5340  5340 D AidPolicyManager: print policy
08-11 15:54:27.226  5340  5340 D AidPolicyManager: table size : 0
08-11 15:54:27.226  3827  3843 D EnterpriseDeviceManagerService: Package has changed for user 0
08-11 15:54:27.226  3827  3843 D EnterpriseDeviceManagerService: Admin package name: com.google.android.gms
08-11 15:54:27.229  5340  5340 D AidRoutingManager: Override power table is not changed
08-11 15:54:27.231  5340  5340 D RegisteredNfcFServicesCache: Service unchanged, not updating
08-11 15:54:27.232  3827  4978 D PackageManager: getComponentMetadataForIconTray : com.yanzhenjie.album.sample.MainActivity does not exist in mServices
08-11 15:54:27.232  3827  4978 D PackageManager: getComponentMetadataForIconTray : com.yanzhenjie.album.sample.MainActivity does not exist in mProviders
08-11 15:54:27.232  3827  4978 D PackageManager: getComponentMetadataForIconTray : com.yanzhenjie.album.sample.MainActivity does not exist in mReceivers
08-11 15:54:27.234  5639  5639 I ApplicationPackageManager: load=NULL, bg=192-192, dr=192-192, forDefault=true
08-11 15:54:27.235  5639  5639 I ApplicationPackageManager: scaled rate=0.85333335, size=192, alpha=15, hold=26, target=192
08-11 15:54:27.236  5340  5340 D RegisteredComponentCache: Collect Tech packages for Knox
08-11 15:54:27.237  5639  5639 D LauncherActivityInfo: packageName: com.yanzhenjie.album.sample, needTray: true, height: 192, width: 192
08-11 15:54:27.245  3827  3827 D UcmService: onReceive android.intent.action.PACKAGE_ADDED
08-11 15:54:27.245  3827  3827 D UcmService: Package update in userId-0 and uid-12109
08-11 15:54:27.249 22371 22371 D TimaKeyStoreProvider: TimaSignature is unavailable
08-11 15:54:27.249 22371 22371 D ActivityThread: Added TimaKeyStore provider
08-11 15:54:27.338  3827  3827 D UcmService: isSystemUCMPlugin pkgName-com.yanzhenjie.album.sample
08-11 15:54:27.338  3827  3827 D UcmService: isPCSCService pkgName-com.yanzhenjie.album.sample
08-11 15:54:27.338  3827  5096 I ActivityManager: DSS on for com.samsung.aasaservice and scale is 1.0
08-11 15:54:27.343  3827  3827 W PackageManager: STAHP USING HIDDEN APIS KTHX
08-11 15:54:27.343  3827  3827 E SDAgentPackageStateReceiver: Not going to handle 'com.yanzhenjie.album.sample'!
08-11 15:54:27.343  3827  3827 D EnterprisePremiumVpnPolicyServiceV2: Vpn Receiver : android.intent.action.PACKAGE_ADDED
08-11 15:54:27.344  3827  3827 D KnoxVpnEngineService: Vpn Receiver : android.intent.action.PACKAGE_ADDED
08-11 15:54:27.344  3827  4519 I EnterprisePremiumVpnPolicyServiceV2: vpn handle : Message received
08-11 15:54:27.344  3827  4519 D EnterprisePremiumVpnPolicyServiceV2: vpn handle : Handle MSG package add
08-11 15:54:27.350  5200  5200 D io_stats: !@   8,0 r 397510 20168020 w 1251583 25112012 d 81138 8663404 f 440808 440777 iot 919900 707163 th 324624 0 0 pt 0 inp 0 0 422142.361
08-11 15:54:27.351  5639  5639 V EasyLauncher.MainFragment: onReceive intent startLoading intent =Intent { act=UPdateListData flg=0x10 launchParam=MultiScreenLaunchParams { mDisplayId=0 mFlags=0 } bqHint=1 (has extras) }
08-11 15:54:27.353  5639  5639 V EasyLauncher.AppFragment: onReceive intent startLoading intent =Intent { act=UPdateListData flg=0x10 launchParam=MultiScreenLaunchParams { mDisplayId=0 mFlags=0 } bqHint=1 (has extras) }
08-11 15:54:27.358  3827  4520 I KnoxVpnEngineService: vpn handle : Message received
08-11 15:54:27.358  3827  4520 D KnoxVpnEngineService: vpn handle : Handle MSG package add
08-11 15:54:27.359  3827  4520 D KnoxVpnEngineService: Inside updatePackageData : packageName = 0_com.yanzhenjie.album.sample
08-11 15:54:27.364  3827  3827 D LockSettingsStorage: mSKTLockState = 2
08-11 15:54:27.364  3827  3827 V EnterpriseBillingAsyncHandler: packageModificationReceiver - onreceive - start - android.intent.action.PACKAGE_ADDED
08-11 15:54:27.364  3827  3827 D PersonaPolicyManagerService: PersonaPolicyReceiver Receiver : android.intent.action.PACKAGE_ADDED
08-11 15:54:27.364  3827  4645 V EnterpriseBillingPolicyInternal: packageModification -  start - android.intent.action.PACKAGE_ADDED
08-11 15:54:27.364  3827  4645 V EnterpriseBillingPolicyInternal: uID is 12109
08-11 15:54:27.364  3827  4645 V EnterpriseBillingPolicyInternal: Removed Packageuid is0
08-11 15:54:27.364  3827  4645 V EnterpriseBillingPolicyStorage: getProfileForApplication - enter
08-11 15:54:27.364  3827  3827 D CocktailBarManagerServiceContainer: onReceive : android.intent.action.PACKAGE_ADDED
08-11 15:54:27.368  5639 22384 D LauncherActivityInfo: packageName: com.samsung.android.contacts, needTray: true, height: 192, width: 192
08-11 15:54:27.371  3827  4645 V EnterpriseBillingPolicyStorage: getProfileForApplication - exit null : containerId = 0
08-11 15:54:27.371  3827  4645 V EnterpriseBillingPolicyInternal: packageModificationReceiver - onreceive - personal application - profile null
08-11 15:54:27.376  3827  3827 D BackupManagerService: Received broadcast Intent { act=android.intent.action.PACKAGE_ADDED dat=package:com.yanzhenjie.album.sample flg=0x4000010 launchParam=MultiScreenLaunchParams { mDisplayId=0 mFlags=0 } bqHint=1 (has extras) }
08-11 15:54:27.379 22371 22371 W System  : ClassLoader referenced unknown path: /system/app/AASAservice/lib/arm64
08-11 15:54:27.443  3827  3827 V BackupManagerService: addPackageParticipantsLocked: #1
08-11 15:54:27.443  3827  3827 V BackupManagerService: Examining com.yanzhenjie.album.sample for backup agent
08-11 15:54:27.444  3827  3827 D AccessibilityManagerService: checkUniversalSwitchState start:
08-11 15:54:27.444  3827  3827 D AccessibilityManagerService: checkUniversalSwitchState universalSwitchEnabled:false
08-11 15:54:27.444  3827  3827 D AccessibilityManagerService: updateInputFilter universalSwitchState:false
08-11 15:54:27.444  3827  3827 D AccessibilityManagerService: updateInputFilter userState.mIsUniversalSwitchEnabled:false
08-11 15:54:27.444  3827  3827 V AlarmManagerEXT: com.yanzhenjie.album.sample(12109) is added to mUserAppList
08-11 15:54:27.446  5639  5639 D LauncherActivityInfo: packageName: com.samsung.android.calendar, needTray: true, height: 192, width: 192
08-11 15:54:27.448  5639 22384 D LauncherActivityInfo: packageName: com.samsung.android.messaging, needTray: true, height: 192, width: 192
08-11 15:54:27.452  3827  8244 I System.out: Thread-245(ApacheHTTPLog):isSBSettingEnabled false
08-11 15:54:27.452  3827  8244 I System.out: Thread-245(ApacheHTTPLog):isShipBuild true
08-11 15:54:27.452  3827  8244 I System.out: Thread-245(ApacheHTTPLog):getDebugLevel 0x4f4c
08-11 15:54:27.452  3827  8244 I System.out: Thread-245(ApacheHTTPLog):Smart Bonding Setting is false
08-11 15:54:27.453  3827  8244 I System.out: Thread-245(ApacheHTTPLog):SmartBonding Setting is false, SHIP_BUILD is true, log to file is false, DBG is false, DEBUG_LEVEL (1-LOW, 2-MID, 3-HIGH) is 1
08-11 15:54:27.453 22371 22371 D ContextRelationMgrBrdg: loadKlass() : caller=com.samsung.android.bridge.multiscreen.common.ContextRelationManagerBridge.<clinit>:28 android.app.LoadedApk.makeApplication:840 
08-11 15:54:27.455  3300  3790 D EnterpriseController: netId is 0
