08-11 15:54:31.970 22530 22530 D [WeatherWidget(1434)]  : {[3AE6950019B083611567B0F9442DB03E85B91CF23393703B51908162F8163DE7B786B805873D83D971F59951BA9EBE01F3C262AED9442F83CC942F8578AC30D1C11718CB343005115B292454AD5FCA505E0E8658E5739888DDF0542804E9B55DD58BF1B365178EA5A44E4348EA39D061]}
08-11 15:54:31.971 22530 22530 D [WeatherWidget(1434)]  : {[A1AF0F6A1A65A89C43D705938923D0FEAE7CBA118D77CBAEE371C39D5B3A5D28AF6B0E87937CC4E034621515DC3DA4C90F21946668E02F5846A1B8CCFE02BBA4B2A0E9F26126DB2541574CDBFB19DB793A9B3B8B9EFF66F51CFCED9089891C08F969E61E1D4EB533106E817D2904003E]}
08-11 15:54:31.972 22530 22530 D [WeatherWidget(1434)]  WeatherDataServiceManager: {[2ED2BAA57117B625A86430EFEC4FD0D03D17C15C1585D15944E20093AEA54738642C5CB68215B120953F151A40BE5933B3F87A254C370042BF83256D8D4628C100C5D34E979FF9F9BFB35C1382767E9C]}
08-11 15:54:31.977 22530 22530 D [WeatherWidget(1434)]  RoamingUtil: {[3BC8B67301574F0494981794EA000C6B27EAA7CA86F60AAF04B11BF9C794A8DD]}
08-11 15:54:31.981 22530 22530 D [WeatherWidget(1434)]  WeatherService: {[EC3334F14841398C8B464A72D0E61AB7E635415A6398066A211C921950133A79BB6E407F2F41BA13EE6A391B7997AA16]}
08-11 15:54:31.981 22530 22530 D [WeatherWidget(1434)]  DaemonReceiver: {[0C5154E491E686EEF4F87451CD0F3EB238CF81FC3813987B07B81D44E528CFF2C0AF678F49AA55A7981159DEDCDBB7D7267651336DB8ED6A6476EB3C43EC3A9907118B4B1590D282EF35770AC93E76608F85EA79543A553E6F49EF3BE6B6184E1925726B630E3471E00405453A11EF8447B02C0FB252D984F8110535FB2F431E]}
08-11 15:54:31.997 22530 22530 I [WeatherWidget(1434)]  WeatherDaemonService: {[0D15A0BDCA5CCB9CB67CEA5D6A5B7010AF4AD2F6EAC6E163BEB30C783828B83E6E57A9A360E7DE57FE61482A366BA676]}
08-11 15:54:31.999 22530 22530 D [WeatherWidget(1434)]  WeatherAppWidget: {[9C41A2EAFAAB2EF4F8363256C22FE8AD71EC15183D042D18BFE0E3E9BB2EF0DCC14934E683D0F0EAC9DD0A92AE1712CEB1075616360FCFFA1BE3B3E8A9D05E5408FCAEAA605A65233ABA12B0B6AE82588264FFB1DD880A182C8B82CF3644A06F8C76AB8B7E5F4931943DAD9C539C20502068380E5F2569C2B3280B256B65C308]}
08-11 15:54:31.999 22530 22556 D [WeatherWidget(1434)]  WeatherDaemonService: {[0D15A0BDCA5CCB9CB67CEA5D6A5B7010EBEA1AB7BC7ADC9216802B2451AEFA3A9F63DAE6F83B0FC190B911FC40DB721205651BE3B79353DC34A425CA65D7AAA5729D18B1C62DA4D1CDB0E6D41A026F95B8E90418EDF17A619A335485B37466807C91818E4704490C6E0BE10C91BF6F85]}
08-11 15:54:31.999 22530 22556 D [WeatherWidget(1434)]  ActionManager: {[E3E4B16FDBC22F8250FE14B7517082E41670EEAD0EDF257DEBD382D2BB0B63BC20CBF3426C4BA841E8A5C261E73CB2DB3A8FEE54CFBC67A78C7346E440FCD63A29EA0A67616E70987BDB6AEEDE9A80066FB26621E633FB67DDBA623741BD10E0D9DDE7676ADEFF02F636994FBFD849BA4343C89FC2B26D2216D93A4822C69D08]}
08-11 15:54:32.000 22530 22530 D [WeatherWidget(1434)]  WeatherAppWidget: {[9C41A2EAFAAB2EF4F8363256C22FE8ADF4795AC985F6053A69A61F93CD6EB3AF0AC82A60810B9C8DD13E3E7EE4FFB555]}
08-11 15:54:32.000 22530 22530 D [WeatherWidget(1434)]  : {[9DE3AE1CCE77BAB9121103549E3861F9AE80010F4DCFBEAE0F6E30016CA42272AD23EF6889DDCA9169FF57EFBFD96EE069086204210D34BBBAFE12D8CA2E9F0B]}
08-11 15:54:32.000 22530 22530 D [WeatherWidget(1434)]  WeatherAppWidget: {[9C41A2EAFAAB2EF4F8363256C22FE8ADD6E1F10C12ABFBD0C4BE42B5F439602C25C4575022F4326715C909F89B3C1453]}
08-11 15:54:32.000 22530 22530 D [WeatherWidget(1434)]  WeatherDataServiceManager: {[2ED2BAA57117B625A86430EFEC4FD0D09C789EEF0B610F74123380427B324AD66D7EE8F136D57709217C74B8C8B4A833758D333DBD96117DDC709BDD4E65B22F]}
08-11 15:54:32.001 22530 22530 D [WeatherWidget(1434)]  WeatherWidgetApplication: {[A28FDC01DC6076B0F48F82E46560372D9C5540D9750428D4D80DF85B71A7664BC8562BA1E9026FC0175107BB2E808376]}
08-11 15:54:32.002 22530 22556 D [WeatherWidget(1434)]  ActionManager: {[75465E28B922454F050F23D071476344BCCBFDB3FF288E39F74D4A364CB0A7B2BDF489F942132449E6CDCFC5120280C7228160DDE5646E74CC37459A644D07A1]}
08-11 15:54:32.002 22530 22556 D [WeatherWidget(1434)]  : {[236FFFA4FE6D378EDABD8749C406D4B623A9033B6C82EC1F6350A42D68D2E0CC94B6985FBB6EC3E92BF375BC4CBB0183A926513A5FAFAD6FA35C0BB54CE136B6]}
08-11 15:54:32.003 22530 22556 D [WeatherWidget(1434)]  : {[236FFFA4FE6D378EDABD8749C406D4B6230C51D0EE18850996C7395F72B13F63ED08461A816138AC3B57431D5932500FFD2BDB71BCDFFB44C94BB7690874631DBD8C9D99478A214C814CA97B13DC24ACCBFD065762E6FC9CDCD193C7BAF654F7]}
08-11 15:54:32.003 22530 22556 D [WeatherWidget(1434)]  ActionManager: {[1976A5C51FE5ABB650AB3438A0EA36810142CD9CF5E6C858A722298439390C90515D605689EE2C78658F572B6D0BA6F9]}
08-11 15:54:32.006 22530 22556 D [WeatherWidget(1434)]  ActionManager: {[A3D29646D264F6B6DD510AF239EDB8B2C1BE8BFFA087A509809F126BE72BFD0F2987B4C4B58CED6F79B5F7BB918FC7CA]}
08-11 15:54:32.007 22530 22556 D [WeatherWidget(1434)]  ActionManager: {[97AE9B1A74985AE04D650D61DD0AE00F94665867300FD8C601C73BBA26CC3059B58E8ACAB33D9297E2CF0BABEC8B90DB]}
08-11 15:54:32.007 22530 22556 D [WeatherWidget(1434)]  ActionManager: {[97AE9B1A74985AE04D650D61DD0AE00F6B36BC3CFB078D0A8966D9029EBC3094]}
08-11 15:54:32.009 22530 22556 D [WeatherWidget(1434)]  : {[236FFFA4FE6D378EDABD8749C406D4B623A9033B6C82EC1F6350A42D68D2E0CC94B6985FBB6EC3E92BF375BC4CBB0183A926513A5FAFAD6FA35C0BB54CE136B6]}
08-11 15:54:32.010 22530 22556 D [WeatherWidget(1434)]  : {[236FFFA4FE6D378EDABD8749C406D4B6230C51D0EE18850996C7395F72B13F63ED08461A816138AC3B57431D5932500FFD2BDB71BCDFFB44C94BB7690874631DBD8C9D99478A214C814CA97B13DC24ACCBFD065762E6FC9CDCD193C7BAF654F7]}
08-11 15:54:32.011 22530 22556 D [WeatherWidget(1434)]  : {[6B42C887A5A69F26A69F576810B037D029300B731DF41BBDFC1B4E1AA0040361F1B5A09EB0B766C79EE14D883C5B52AD62F1A0022D7DE20647BAFD696ABEBEA134C4B335261590B3089040215605F715]}
08-11 15:54:32.011 22530 22556 D [WeatherWidget(1434)]  : {[BF232B351FD044D078833C0C3D440B37B98646419F7759BE4B2682AB047029141D85104E3F2C103318777BDCE34B08839265EC0E0A355B4491C4B4285D4BBA872E363527E341731044D9956A4A9E31F2]}
08-11 15:54:32.014 22530 22556 D [WeatherWidget(1434)]  : {[CD3CEFD418AD5841FE239CA8F48B03267A47A483708DD6AF132BCE615905D3237D42FA3B0BB4EA8C6F165C1F9E17B832EFB0EE10C51D379BEE756744D36211B46DD8529904B4F05D3B2B34BF866F3C76095EB01ECC454E98F7A180DA980674CF]}
08-11 15:54:32.014 22530 22556 D [WeatherWidget(1434)]  : {[CD3CEFD418AD5841FE239CA8F48B03267A47A483708DD6AF132BCE615905D32353C984357EFE5595A4D24893DE461D07E0A3D3C2F27923EE46642D632F813B79368B5F329E465837DA29D3AF22D1D7A8]}
08-11 15:54:32.015 22530 22556 D [WeatherWidget(1434)]  : {[CD3CEFD418AD5841FE239CA8F48B03267A47A483708DD6AF132BCE615905D3237D42FA3B0BB4EA8C6F165C1F9E17B832672D81FDE1F6B1446E69B7A31018DE83FB0E54413FD230380F71BB09A729AB470BBAC78D542AB9533F7DA532151C615A]}
08-11 15:54:32.016 22530 22556 D [WeatherWidget(1434)]  : {[CD3CEFD418AD5841FE239CA8F48B03267A47A483708DD6AF132BCE615905D323EB982454861849249F4C51EDAAC90D48FDE69D03A32DC9B74BD28C7F3E18ECB37F0A3ECAC89451242F387DADC1763508]}
08-11 15:54:32.016 22530 22556 D [WeatherWidget(1434)]  : {[CD3CEFD418AD5841FE239CA8F48B03267A47A483708DD6AF132BCE615905D3237D42FA3B0BB4EA8C6F165C1F9E17B832F23E8948FCC4ABDE3BEF5FE4F49F4CE462FD1F7B1A69D593AC1F9E0BD726C122268F172DFE8947BA60033DC65C3B35CFE16306AE94A757BC633244011933B84C]}
08-11 15:54:32.016  3827  3844 D MountService: getExternalStorageMountMode : 1
08-11 15:54:32.016  3827  3844 D MountService: getExternalStorageMountMode : 3
08-11 15:54:32.017  3827  3844 D MountService: getExternalStorageMountMode : final mountMode=1, uid : 10206, packageName : com.samsung.android.calendar
08-11 15:54:32.017 22530 22556 D [WeatherWidget(1434)]  : {[CD3CEFD418AD5841FE239CA8F48B03267A47A483708DD6AF132BCE615905D323A2446F259DDBCA032E70CDCE6A151D87B55B401B51426DE7DFE7DB50AA3A1A908B470E42E863DE70B0C4B732CF003EC8]}
08-11 15:54:32.017 22530 22556 D [WeatherWidget(1434)]  : {[CD3CEFD418AD5841FE239CA8F48B03267A47A483708DD6AF132BCE615905D323A2446F259DDBCA032E70CDCE6A151D8735D44CD139949FE6F8811A4747BD3B5C1D3590175FB2055C87B3B130EB88DBFA3FB5FD807A2899E7D062BC56E7D77D9B]}
08-11 15:54:32.019 22530 22556 D [WeatherWidget(1434)]  : {[CD3CEFD418AD5841FE239CA8F48B03267A47A483708DD6AF132BCE615905D323A2446F259DDBCA032E70CDCE6A151D87692E08B883830A58C38C4225070F26C317E5131D46A6FDDF5B70CE7BFB460E8068673CEB29F1B044B05577B39A4EF224]}
08-11 15:54:32.019 22530 22556 D [WeatherWidget(1434)]  : {[CD3CEFD418AD5841FE239CA8F48B03267A47A483708DD6AF132BCE615905D323A2446F259DDBCA032E70CDCE6A151D870148149E3E7C1BE9DBABDE37B289DB3BB402C7FDDB16FD1B733A0D9A7340DFBF81F9DC7EA43AE84B40018C6459E697F1]}
08-11 15:54:32.020 22530 22556 D [WeatherWidget(1434)]  : {[CD3CEFD418AD5841FE239CA8F48B03267A47A483708DD6AF132BCE615905D323814175D64DD9BC5FC43F3A5DD746BEA97B07C353F735190C3938B1B80B407058555053E22DD9EFB72443A8E2A93E0BC52200E701FA6071D473C8AB97646C3539]}
08-11 15:54:32.021 22530 22556 D [WeatherWidget(1434)]  : {[CD3CEFD418AD5841FE239CA8F48B03267A47A483708DD6AF132BCE615905D32329B608B7B484344DB7B084728BD466CDA4BC2DB0A7854AA46B28AC52E566DA1A74D1088B3B4842908A1980AC2BCCD591F92AAD216AE1296D3DFC868686785E7DEDFE4A265EDB0048BC29DEC6C9BF04E6]}
08-11 15:54:32.021 22527 22527 I FIPS_bssl: FIPS (v1.1) approved mode (1) | 22527 | app_process
08-11 15:54:32.021 22527 22527 D SecurityManagerNative: SecurityManagerNative v2.7.2.2 On 64bit PLATFORM With BORINGSSL
08-11 15:54:32.026 22527 22527 E appproc : Enhanced Zygote ASLR: ro.knox.enhance.zygote.aslr != 1. Enhanced Zygote ASLR is DISABLED!
08-11 15:54:32.026 22527 22527 D AndroidRuntime: >>>>>> START com.android.internal.os.RuntimeInit uid 2000 <<<<<<
08-11 15:54:32.028 22527 22527 D AndroidRuntime: CheckJNI is OFF
08-11 15:54:32.029 22527 22527 D AndroidRuntime: addProductProperty: start
08-11 15:54:32.039 22557 22557 E Zygote  : v2
08-11 15:54:32.039 22557 22557 I libpersona: KNOX_SDCARD checking this for 10206
08-11 15:54:32.039 22557 22557 I libpersona: KNOX_SDCARD not a persona
08-11 15:54:32.040 22557 22557 E Zygote  : accessInfo : 0
08-11 15:54:32.043 22557 22557 W SELinux : SELinux selinux_android_compute_policy_index : Policy Index[1],  Con:u:r:zygote:s0 SPD:SEPF_SECMOBILE_7.0_0006 RAM:SEPF_SECMOBILE_7.0_0005, [-1 -1 0 1 0 1]
08-11 15:54:32.044 22557 22557 I SELinux : SELinux: seapp_context_lookup: seinfo=platform, level=s0:c512,c768, pkgname=com.samsung.android.calendar 
08-11 15:54:32.045  3827  3844 I ActivityManager: Start proc 22557:com.samsung.android.calendar/u0a206 for broadcast com.samsung.android.calendar/com.android.calendar.common.receiver.WeatherActionReceiver
08-11 15:54:32.049 22530 22530 D [WeatherWidget(1434)]  : {[236FFFA4FE6D378EDABD8749C406D4B623A9033B6C82EC1F6350A42D68D2E0CC94B6985FBB6EC3E92BF375BC4CBB0183A926513A5FAFAD6FA35C0BB54CE136B6]}
08-11 15:54:32.050 22530 22530 D [WeatherWidget(1434)]  : {[236FFFA4FE6D378EDABD8749C406D4B6230C51D0EE18850996C7395F72B13F63ED08461A816138AC3B57431D5932500FFD2BDB71BCDFFB44C94BB7690874631DBD8C9D99478A214C814CA97B13DC24ACCBFD065762E6FC9CDCD193C7BAF654F7]}
08-11 15:54:32.053 22530 22530 D [WeatherWidget(1434)]  AutoRefresh: {[8344A3F6723806B7CFB0DCAD5E81EAC4D7E6AB4890BDBCB89D78D07252E75812E4EDF3F167DED0B7A9217453E6F07529]}
08-11 15:54:32.054 22530 22530 D [WeatherWidget(1434)]  AutoRefresh: {[9B644277DED53DD25932524C3859433209363635F232FB1B288A8E64DDDCFC150EB98F35382CB5BC41EB252ED427CC8F]}
08-11 15:54:32.057 22530 22530 D [WeatherWidget(1434)]  : {[236FFFA4FE6D378EDABD8749C406D4B623A9033B6C82EC1F6350A42D68D2E0CC94B6985FBB6EC3E92BF375BC4CBB0183A926513A5FAFAD6FA35C0BB54CE136B6]}
08-11 15:54:32.061 22557 22557 D TimaKeyStoreProvider: TimaSignature is unavailable
08-11 15:54:32.061 22557 22557 D ActivityThread: Added TimaKeyStore provider
08-11 15:54:32.063  3827  4540 I ActivityManager: DSS on for com.samsung.android.calendar and scale is 1.0
08-11 15:54:32.065 22530 22530 D [WeatherWidget(1434)]  : {[236FFFA4FE6D378EDABD8749C406D4B6230C51D0EE18850996C7395F72B13F63ED08461A816138AC3B57431D5932500FFD2BDB71BCDFFB44C94BB7690874631DBD8C9D99478A214C814CA97B13DC24ACCBFD065762E6FC9CDCD193C7BAF654F7]}
08-11 15:54:32.070 22527 22527 I [saiv 1.1]: saiv_OnLoadJNI.cpp(38): _init: Version 1.1 Build # 3532
08-11 15:54:32.070 22527 22527 I [saiv 1.1]: saiv_OnLoadJNI.cpp(43): _init: _init() was called
08-11 15:54:32.077 22530 22530 D [WeatherWidget(1434)]  AutoRefresh: {[9611640698D6AC988652CEAB5565F9D7B020BC280074F0DBE5FAE72A41FCA542F99527751868E0E124080826FA1FE6D1]}
08-11 15:54:32.077 22530 22530 D [WeatherWidget(1434)]  AutoRefresh: {[669410EF5DA9E489346DE31687DE72F345A484918C7888CB10F15279642BA5E1D6480FB3F642D53B5D96A99EF5413CF8]}
08-11 15:54:32.078 22530 22530 D [WeatherWidget(1434)]  AutoRefresh: {[958C6C0FEE6750FF0943F66DC43A0D3116FBEE1433C201E930E83EF2655B90CA89AB0968742FDA91DD4CF3587DA57ADD]}
08-11 15:54:32.079 22530 22530 D [WeatherWidget(1434)]  AutoRefresh: {[0C52F8E593AC4A42BC2CAE2A9328F72A5AB77DB4E03A076F322622DAFCC0AC9516F370952014DC0BD8274E0BB421B88D01BC5A8EC4512596A327D05E623A4846]}
08-11 15:54:32.080 22557 22557 W System  : ClassLoader referenced unknown path: /system/app/SamsungCalendar_Stable/lib/arm64
08-11 15:54:32.080 22530 22530 D [WeatherWidget(1434)]  AutoRefresh: {[A970261829EDC155070D32A4632F91639D6971F6D7537758B38F1FCF1321CC11D925467F0E3BA59EDC248E420FFED90B]}
08-11 15:54:32.081 22530 22530 D [WeatherWidget(1434)]  WeatherDataBroadcaster: {[F66E3CA8B365B88F6D0BA25F503D9342DC5C8B616CC35275B1817A4C4293BFD52D1D9760E800B9C12BA3A60800B98DC0]}
08-11 15:54:32.082 22530 22530 D [WeatherWidget(1434)]  WeatherService: {[44BE909F148A112BE24DB9207B7094FC2B97E5F7AFB400A85B7DA9EC705EDFA08BA070D0B9A2BAB307C8D3925DC9E8B3]}
08-11 15:54:32.083 22530 22530 D [WeatherWidget(1434)]  WeatherAppWidget2x1: {[9C41A2EAFAAB2EF4F8363256C22FE8AD1E8C40D052B00F217143F036334087D4E6A20622B7C5BAFDDAD05806F64279CFB58ACC644B946D1D44C1CB1343E9933E78640F20943B210E98A310C2B6492635D901696D1430EA378453556FF39094213F1F3934C71814263AD99634BFCCE37C51E5A71F91B77F3005BA548253AEE44C]}
08-11 15:54:32.084 22530 22530 D [WeatherWidget(1434)]  WeatherAppWidget2x1: {[9C41A2EAFAAB2EF4F8363256C22FE8AD3AC8D6E6DB569BCC9DA131C7C82AEFA91C087B02A8FCF5BACB0BDD8EE2FE1414695E3BF8D9DA591820C27B0E245392D5]}
08-11 15:54:32.085 22530 22530 D [WeatherWidget(1434)]  WeatherAppWidget2x1: {[9C41A2EAFAAB2EF4F8363256C22FE8AD18249D21A4A93E6CB83ED01D659901064E67572CE625D3409FE632EE4943F89774DC23F053C6BD20E81DF0DDBBDD18CF]}
08-11 15:54:32.086 22527 22527 I MLDAP   :            libMLDAP/MLDAP.c:  53: ================================================
08-11 15:54:32.086 22527 22527 I MLDAP   :            libMLDAP/MLDAP.c:  53:  MLDAP_LIB v1.1.15
08-11 15:54:32.086 22527 22527 I MLDAP   :            libMLDAP/MLDAP.c:  53: ================================================
08-11 15:54:32.089 22530 22530 D [WeatherWidget(1434)]  WidgetCount: {[65C2FDBB08E09D2E8E78BEFE0D618279BC32024A311F60279E75A9FD2AD8BED1]}
08-11 15:54:32.090 22557 22557 I MultiDex: VM with version 2.1.0 has multidex support
08-11 15:54:32.090 22557 22557 I MultiDex: install
08-11 15:54:32.090 22557 22557 I MultiDex: VM has multidex support, MultiDex support library is disabled.
08-11 15:54:32.090 22530 22530 D [WeatherWidget(1434)]  WidgetCount: {[51D05FFECDA2C35BD99FAAEAA7B9A301F0BE9CFAFD994C3F7B3209384CC66988]}
08-11 15:54:32.091 22557 22557 D ContextRelationMgrBrdg: loadKlass() : caller=com.samsung.android.bridge.multiscreen.common.ContextRelationManagerBridge.<clinit>:28 android.app.LoadedApk.makeApplication:840 
08-11 15:54:32.093 22530 22530 D [WeatherWidget(1434)]  : {[34784FBFF7816141A694A522EEFC42E4006E87092C9538D8C32B01BD4074BED8C1D4920298933D7C39643663B6BF8885A175D1749FF6AD1E2414392597830C2A]}
08-11 15:54:32.094 22530 22530 D [WeatherWidget(1434)]  : {[83E8B4AABF71847ED879BE78943CC90FFD242BDD7BC38931D7E20703EDD4E9D5]}
08-11 15:54:32.095 22530 22530 D [WeatherWidget(1434)]  : {[BFF25AD47EA39C7F97024181B73A9D1CF0DBF26C23A18475938A381C1FBF512C54F19AD7424199F5A6954B8400D4B73A]}
08-11 15:54:32.095 22530 22530 D [WeatherWidget(1434)]  : {[7E669B42062233A74728DFEDFC7C6FD7653C7461B22EAB01BCEE54FBC4CFF2BC690AEDD3E78B48139AE22C5DC68EB57E]}
08-11 15:54:32.103 22530 22530 D [WeatherWidget(1434)]  : {[FE5942E858467AADD32F8905795B261DD43974C580CF2CCF652CDA5A26FAB304E6BD9B6D9239814D1FCA2AFBAD5FF42B]}
08-11 15:54:32.103 22530 22530 D [WeatherWidget(1434)]  : {[0D223AA7A826FC00C8BDC5E6FF9AE4A4CE90EBECECFF1FE5F5A26727C7E10B29F3E14D871803AC98226529E4159D40AA68C63777079C51DF668C96D3DBA592934C46949521FCD1E98A5D4125C982A2C17B703F736E70E68C4EB9EC0FB187E2C6D8E469ECB1FB40DE6416387BD55AD71D]}
08-11 15:54:32.104 22530 22530 D [WeatherWidget(1434)]  : {[3A61777C9DC0BD9AE45898166BDB4D635E80B6EB63820FDAD3483FCE301D5CF8F8E771C122FA61F13569A45D6311BAA8]}
08-11 15:54:32.104 22530 22530 D [WeatherWidget(1434)]  : {[E2E4023BB7B44A3F43190F913719DF3099CAEA389B2D1A8B1C781E4365B87580CCFD8522D83CB9A9E767F2E43FD5889DB8F5104E1CA5AC37C1DA3F2C8397DC996840B86E3591D16041F2A70946CE31533705BF5AEDB7049FAE3D480C136CEB0A713571DE579B663A1DF10DFBB91BEFF80627B86A01CF0C5C3439F7417E03FE2B01FED8B1156343CAD9D1F3CABFEB1076DEA2425B01C0A866D137312C3FA75E5EBA962497EE744732EB52F9560F20D3020146DB0072F9E9FF80CE09B7183318923E6DD83F6AA93EBD78EE1F7C4B7790D8064FC31FAACCFF08D76A01B0FE0361819AC2981ACD9A2509B75910958B6D7F89]}
08-11 15:54:32.105 22557 22557 D SamsungAnalytics:1.8.22: cf feature is supported
08-11 15:54:32.105 22530 22530 D [WeatherWidget(1434)]  : {[338FFC94B290A05A7AA6B3AD12B312CAF4F4D9B8DD9DA73A6B5A8391556DE9B50510A2ACEB503F5B8A61CF54F880AE01B68A702E2D8980848BA9DF260C88D0C8CF3A7F7669C6E2CC11A47B9CA52D4166]}
08-11 15:54:32.106 22530 22530 D [WeatherWidget(1434)]  : {[80A35A7D17B9FAF780D724E89C72964D560BEA707667FDD01813F1FE783BC6F9074DDBCB8BB8A40A6BA1BC34D0542632]}
08-11 15:54:32.106 22530 22530 D [WeatherWidget(1434)]  : {[338FFC94B290A05A7AA6B3AD12B312CAF4F4D9B8DD9DA73A6B5A8391556DE9B50510A2ACEB503F5B8A61CF54F880AE01B68A702E2D8980848BA9DF260C88D0C8CF3A7F7669C6E2CC11A47B9CA52D4166]}
08-11 15:54:32.107 22530 22530 D [WeatherWidget(1434)]  : {[3A61777C9DC0BD9AE45898166BDB4D635E80B6EB63820FDAD3483FCE301D5CF8F8E771C122FA61F13569A45D6311BAA8]}
08-11 15:54:32.109 22530 22530 D [WeatherWidget(1434)]  : {[AEA5883A5C6E5D74CF98F0EA775AE41636F634004F96F0B7AB69E4398B407965907938935DE13794647406ABA914C86AA10B6A93F814F9CAA8CB66F2F0B68FB2]}
08-11 15:54:32.109 22557 22557 D SamsungAnalytics:1.8.22: newThread on Executor
08-11 15:54:32.109 22557 22557 D SamsungAnalytics:1.8.22: [Tracker] Tracker start:1.8.22
08-11 15:54:32.111 22530 22530 D [WeatherWidget(1434)]  : {[CD6D96ACFFA1DC49CF0737820764B401BA3BD561A0539EB389327427518EFC26FEA696E71B62548DC07A3997753C5BD5]}
08-11 15:54:32.111 22530 22530 D [WeatherWidget(1434)]  : {[2D1CE5279330E27AB72989BC06500B45867B68ED5B481FCE4FCFF659D88E50B216E057A80C012DDDDA22C30D571C865C3E7E33493E1F0EFF7D1D8B505F341E08]}
08-11 15:54:32.111 22530 22530 D [WeatherWidget(1434)]  : {[936BFAA81B13AA616A637F2A5C150F2BA4BCE606C624567B7AD7250FE2D3CDDC79C987B14C2E4714C6CF63548ED56915]}
08-11 15:54:32.112 22530 22530 D [WeatherWidget(1434)]  : {[791EC573FE53F21E3BB5FFE90BB03EA515AF3164792D4213544A341198F4AD89DE0DF8071B10E6E31D383116C7B6915A]}
08-11 15:54:32.118 22530 22530 D [WeatherWidget(1434)]  : {[E9E3936005EAFD75CC1E7148AA3CAD839348F0497774D3B4B52D73ADFF73B0C1E2BB08ADDD2D23D2FC0C8EF7138F912B]}
08-11 15:54:32.119 22530 22530 D [WeatherWidget(1434)]  : {[E22DC61125A23EEE7F94D18B14CD51E3FF8A417BADE47F869BD29952E68E0AAFBB57CFEE30F94AF887FF48B85551F289]}
08-11 15:54:32.120 22530 22530 D [WeatherWidget(1434)]  : {[1AD659ADBAEC1AF91F60415A36FAB1C9A053E849E61F4D84980B84643D00B808E0E569C77FF6284A6D89ED3FC2487D31]}
08-11 15:54:32.120 22530 22530 D [WeatherWidget(1434)]  : {[236FFFA4FE6D378EDABD8749C406D4B623A9033B6C82EC1F6350A42D68D2E0CC94B6985FBB6EC3E92BF375BC4CBB0183A926513A5FAFAD6FA35C0BB54CE136B6]}
08-11 15:54:32.121 22530 22530 D [WeatherWidget(1434)]  : {[236FFFA4FE6D378EDABD8749C406D4B6230C51D0EE18850996C7395F72B13F63ED08461A816138AC3B57431D5932500FFD2BDB71BCDFFB44C94BB7690874631DBD8C9D99478A214C814CA97B13DC24ACCBFD065762E6FC9CDCD193C7BAF654F7]}
08-11 15:54:32.122  3827  9333 D SamsungAlarmManager: Cancel Alarm calling from uid:10206 pid :22557 / op:PendingIntent{2b92fa9: PendingIntentRecord{b14f92e com.samsung.android.calendar broadcastIntent}}
08-11 15:54:32.126 22530 22530 D [WeatherWidget(1434)]  : {[B50FE9C978C0A16B59A9AF96D449FE7D08620E7CF6B03C8D9B0BA4F8DF7BBF256F296031037296DE00A0F58B09E18CAF]}
08-11 15:54:32.127 22530 22530 D [WeatherWidget(1434)]  : {[83E8B4AABF71847ED879BE78943CC90F8E72078630F2C82B781017075D7BAE8BC4DAC8FED56235F48A2F6CBBDE91D9E4]}
08-11 15:54:32.128 22530 22530 D [WeatherWidget(1434)]  : {[83E8B4AABF71847ED879BE78943CC90F4220057879493DB2278AE5F5E4DE06FCC48B75D58D27F9BDAE517B1878DABE32]}
08-11 15:54:32.128 22530 22530 D [WeatherWidget(1434)]  : {[236FFFA4FE6D378EDABD8749C406D4B623A9033B6C82EC1F6350A42D68D2E0CC94B6985FBB6EC3E92BF375BC4CBB0183A926513A5FAFAD6FA35C0BB54CE136B6]}
08-11 15:54:32.129 22530 22530 D [WeatherWidget(1434)]  : {[236FFFA4FE6D378EDABD8749C406D4B6230C51D0EE18850996C7395F72B13F63ED08461A816138AC3B57431D5932500FFD2BDB71BCDFFB44C94BB7690874631DBD8C9D99478A214C814CA97B13DC24ACCBFD065762E6FC9CDCD193C7BAF654F7]}
08-11 15:54:32.130 22530 22530 D [WeatherWidget(1434)]  : {[BFF25AD47EA39C7F97024181B73A9D1C61495650BB1E68F362B6497F34F114187089B329E2AC3D92DF19C015576D35B1]}
08-11 15:54:32.131  3827  3838 I ActivityManager: KPU : put [com.yelp.android] : 16076 K
08-11 15:54:32.131  3827  3838 I ActivityManager: Killing 19490:com.yelp.android/u0a374 (adj 906): DHA:empty #33
08-11 15:54:32.131 22530 22530 D [WeatherWidget(1434)]  : {[FE0E34C85C7544B1D3A010B890306BF71CC606CEE2CB8DE1EC14EA8EF08C1EB59023EAB21078390DDF21A11110FCB7C8]}
08-11 15:54:32.131 22530 22530 D [WeatherWidget(1434)]  : {[004BBF6D85EC453F567C7E96E44820503610DAA8D337A2894841BCAA201AC2A8F56094F06797CC9FA18F8D152584585B]}
08-11 15:54:32.132 22530 22530 D [WeatherWidget(1434)]  : {[3641CBA0EF5AA3DC5A4784C189380EF20FC85BB13720D9170A568321611C093DF2BE95B07C0374D7749986C01B981E66]}
08-11 15:54:32.133 22530 22530 D [WeatherWidget(1434)]  : {[236FFFA4FE6D378EDABD8749C406D4B623A9033B6C82EC1F6350A42D68D2E0CC94B6985FBB6EC3E92BF375BC4CBB0183A926513A5FAFAD6FA35C0BB54CE136B6]}
08-11 15:54:32.134 22530 22530 D [WeatherWidget(1434)]  : {[236FFFA4FE6D378EDABD8749C406D4B6230C51D0EE18850996C7395F72B13F63ED08461A816138AC3B57431D5932500FFD2BDB71BCDFFB44C94BB7690874631DBD8C9D99478A214C814CA97B13DC24ACCBFD065762E6FC9CDCD193C7BAF654F7]}
08-11 15:54:32.135 22530 22530 D [WeatherWidget(1434)]  : {[0F83D955A1CC5AF1A30CB3BB1EBAA67EFDEDBCA5B35ECAB5D6E7D4DF52B67388DE0D894DE309BEC803F3B54BC4C7820C9CC4C5D58F4D0CD08A230418DA2AC6EC5B0B1E1B9BDD5AEC376C93172651814F83737B2A001D5406C9247CDC5AA2076AE68B33D253E3A6F14FADF4C511AD7FE7]}
08-11 15:54:32.137 22527 22527 I TMSDISP : AcsAndroidVirtualDisplayIntfImpl
08-11 15:54:32.137 22530 22530 D [WeatherWidget(1434)]  : {[166E774BA6D7EB7E108E71BF4A38A199CFB079024C40370E01F3746CDBF92D6B]}
08-11 15:54:32.138 22530 22530 D [WeatherWidget(1434)]  : {[236FFFA4FE6D378EDABD8749C406D4B623A9033B6C82EC1F6350A42D68D2E0CC94B6985FBB6EC3E92BF375BC4CBB0183A926513A5FAFAD6FA35C0BB54CE136B6]}
08-11 15:54:32.139 22530 22530 D [WeatherWidget(1434)]  : {[236FFFA4FE6D378EDABD8749C406D4B6230C51D0EE18850996C7395F72B13F63ED08461A816138AC3B57431D5932500FFD2BDB71BCDFFB44C94BB7690874631DBD8C9D99478A214C814CA97B13DC24ACCBFD065762E6FC9CDCD193C7BAF654F7]}
08-11 15:54:32.148 22530 22530 D [WeatherWidget(1434)]  : {[A1AF0F6A1A65A89C43D705938923D0FE9D5066B23A95A11461EAB6391D1C64E30F402D3FE6380358D56DB784A9A2432E]}
08-11 15:54:32.148 22530 22530 D [WeatherWidget(1434)]  DateTimeUtil: {[A1AF0F6A1A65A89C43D705938923D0FEFDF94E46D2804BEC0EFADBA73ED8BC5A5540C50A6CEEE3215DA28879B70D36FC1A554967F939FF9E23CAE63CE3613213C50E4BD33869DDF0BBA14DEF108C97D3AB0E7765743AF2A4E9E70B3FBFF35C94D0311164C05649FF544674538F300CB3]}
08-11 15:54:32.150 22530 22530 D [WeatherWidget(1434)]  : {[4CC6EEBBD554EB1383AC25A5CAF538206DBFA17E5AE1C0DC4B5A27A8CDC5B2D6]}
08-11 15:54:32.150 22530 22530 D [WeatherWidget(1434)]  : {[236FFFA4FE6D378EDABD8749C406D4B623A9033B6C82EC1F6350A42D68D2E0CC94B6985FBB6EC3E92BF375BC4CBB0183A926513A5FAFAD6FA35C0BB54CE136B6]}
08-11 15:54:32.152 22530 22530 D [WeatherWidget(1434)]  : {[236FFFA4FE6D378EDABD8749C406D4B6230C51D0EE18850996C7395F72B13F63ED08461A816138AC3B57431D5932500FFD2BDB71BCDFFB44C94BB7690874631DBD8C9D99478A214C814CA97B13DC24ACCBFD065762E6FC9CDCD193C7BAF654F7]}
08-11 15:54:32.153 22530 22530 D [WeatherWidget(1434)]  : {[9163A4F90939E4214738A2BD62FBEB8F54B311C2E85755BF95BCCD4EA86637C91EF3B618AA9FFCA888A5DE6DCF2B3B32549F519F5FA9F7AA2EDF7FF524CEA602]}
08-11 15:54:32.153 22530 22530 D [WeatherWidget(1434)]  : {[F869D4CD991844C6775DCC227BF537C469A71AC0264BC8DF7C4ACBCDE7644651BDA66E4DECB9A0CBE5DFBD36C8180FCA]}
08-11 15:54:32.155 22530 22530 D [WeatherWidget(1434)]  : {[236FFFA4FE6D378EDABD8749C406D4B623A9033B6C82EC1F6350A42D68D2E0CC94B6985FBB6EC3E92BF375BC4CBB0183A926513A5FAFAD6FA35C0BB54CE136B6]}
08-11 15:54:32.156 22530 22530 D [WeatherWidget(1434)]  : {[236FFFA4FE6D378EDABD8749C406D4B6230C51D0EE18850996C7395F72B13F63ED08461A816138AC3B57431D5932500FFD2BDB71BCDFFB44C94BB7690874631DBD8C9D99478A214C814CA97B13DC24ACCBFD065762E6FC9CDCD193C7BAF654F7]}
08-11 15:54:32.159 22530 22530 D [WeatherWidget(1434)]  : {[EF27E126263288DD748956BD5C59CC936BA8065D14A9248A93D986B9D19F70D3788C7DF55F6D1E2D07894C5C84B55038]}
08-11 15:54:32.160 22530 22530 D [WeatherWidget(1434)]  : {[D00E10C2CECF092D4729C464111FCD9D583136907A75422877D6BC2301F6B4B291EED5055EF6E8C047C653BA7390006E]}
08-11 15:54:32.160 22530 22530 D [WeatherWidget(1434)]  : {[236FFFA4FE6D378EDABD8749C406D4B623A9033B6C82EC1F6350A42D68D2E0CC94B6985FBB6EC3E92BF375BC4CBB0183A926513A5FAFAD6FA35C0BB54CE136B6]}
08-11 15:54:32.161 22527 22527 D ICU     : No timezone override file found: /data/misc/zoneinfo/current/icu/icu_tzdata.dat
08-11 15:54:32.161 22530 22530 D [WeatherWidget(1434)]  : {[236FFFA4FE6D378EDABD8749C406D4B6230C51D0EE18850996C7395F72B13F63ED08461A816138AC3B57431D5932500FFD2BDB71BCDFFB44C94BB7690874631DBD8C9D99478A214C814CA97B13DC24ACCBFD065762E6FC9CDCD193C7BAF654F7]}
08-11 15:54:32.165 22530 22530 I [WeatherWidget(1434)]  WeatherDaemonService: {[0D15A0BDCA5CCB9CB67CEA5D6A5B70109924D60A174C2DFAD12A2CF8FFE4FFD84AD2C072B915697F3BB7ED77A8F03857]}
08-11 15:54:32.165  3827  9336 D ActivityManager: cleanUpApplicationRecord -- 19490
08-11 15:54:32.165 22530 22530 D [WeatherWidget(1434)]  WeatherService: {[EC3334F14841398C8B464A72D0E61AB7E635415A6398066A211C921950133A79BB6E407F2F41BA13EE6A391B7997AA16]}
08-11 15:54:32.167  5340  5351 D ForegroundUtils: could not check pending caller
08-11 15:54:32.174 22530 22530 D [WeatherWidget(1434)]  EasyWeatherAppWidget: {[48948B2BE5213A6D5B0C9B7747497512CAC38177609B2B6F1F16DB965D7D43410EDA2D444ACBA386E91E1FA6B3C38870128DD346C4D39F4B310AAEB16D5215E65B3E04A593E577F60D76D1932AD9EADD94EAF615C6107B1CB6BBC6925C276A50905BC4844BCE60A7227618CF993BA17DB60DEFC01AF183A5C8F14BF1A44B724C]}
08-11 15:54:32.176 22530 22530 D [WeatherWidget(1434)]  EasyWeatherAppWidget: {[48948B2BE5213A6D5B0C9B774749751238C36608FD6310E99CE5BC93ABDB2B848248FDFA1C17032E310A5787EE69CCEB705E7DEA414467C848F4849B02DFCB17]}
08-11 15:54:32.178 22527 22527 I Enhanced Zygote ASLR: DISABLED!
08-11 15:54:32.178 22530 22530 D [WeatherWidget(1434)]  : {[0D8BACA2DC34BD7CF347D72E41AD550B8F508FACE331974132013F0895A10C7E34DFB14D885108181960F8CAEA0ED255]}
08-11 15:54:32.178 22530 22530 D [WeatherWidget(1434)]  : {[0D8BACA2DC34BD7CF347D72E41AD550B23C77C1AA99D678306C56809666866CB84E6396AAF4853554094868F092C5F76]}
08-11 15:54:32.178 22530 22530 D [WeatherWidget(1434)]  : {[0D8BACA2DC34BD7CF347D72E41AD550BCDE2BA0E2CE7B8D4228F43BC4D3EAEF08E16FABDAD43884A4530D22808B3505C72D65BADDDA7C064F9759F223F5989A2]}
08-11 15:54:32.179 22527 22527 I Radio-JNI: register_android_hardware_Radio DONE
08-11 15:54:32.182 22527 22527 D ReflectionHelper: loadKlass() : caller=android.app.Activity.<clinit>:7525 <bottom of call stack> 
08-11 15:54:32.182 22530 22530 D [WeatherWidget(1434)]  : {[0D8BACA2DC34BD7CF347D72E41AD550B057A6900B08BDDECE3A362172CB9328EF22AA17D6FB5CF9CF2F8CFFBBB4FC35EC2D9A0885817C1D1ACAB5180354DE116]}
08-11 15:54:32.182 22527 22527 D ReflectionHelper: Reflecting method.....  class <onScreenChanged>
08-11 15:54:32.182 22527 22527 E SemAffinityControl: SemAffinityControl: registerfunction enter
08-11 15:54:32.182 22530 22530 D [WeatherWidget(1434)]  : {[0D8BACA2DC34BD7CF347D72E41AD550B998055CF93AC405787FA0E75EE9900BEFE009D1DCC6FF016A0E1AF96BF35BB0E]}
08-11 15:54:32.183 22530 22530 D [WeatherWidget(1434)]  : {[0D8BACA2DC34BD7CF347D72E41AD550BF06C9E44D01865095B7DE6E7683639B6D4478FC80522F3350AB3F9C860C7E9FD]}
08-11 15:54:32.183 22530 22530 D [WeatherWidget(1434)]  : {[3A61777C9DC0BD9AE45898166BDB4D635E80B6EB63820FDAD3483FCE301D5CF8F8E771C122FA61F13569A45D6311BAA8]}
08-11 15:54:32.187 22530 22530 D [WeatherWidget(1434)]  : {[0D8BACA2DC34BD7CF347D72E41AD550B88E82FA25F3CAF473A99E4698D5FFC992D96668E9F06F45C801BED620EAACFC43E2166C7165E8F52329BDE1E3C726A9532E7974C154B78AD70C7BFAFC777A6AC]}
08-11 15:54:32.187 22530 22530 D [WeatherWidget(1434)]  : {[0D8BACA2DC34BD7CF347D72E41AD550B82C439FA815430A70D4D38A06DA49E58EED63CF6DB6B397FE4C47CF1B26C18F1]}
08-11 15:54:32.187 22530 22530 D [WeatherWidget(1434)]  : {[0D8BACA2DC34BD7CF347D72E41AD550B5A8A8B8D8D4B9C9286EE6FBF70B786169DEB8BA04E230F2DDBBF4A0681C96C74F54745DEF9166EFCD3956BB4C529B9D4]}
08-11 15:54:32.187 22530 22530 D [WeatherWidget(1434)]  : {[0D8BACA2DC34BD7CF347D72E41AD550B12B0BEDF2809907ECFBCD04063A3DC27160042A14ED845C94ECCC6A9A6DB041F095A73E214439DDB02055FD67D0D12F8]}
08-11 15:54:32.187 22530 22530 D [WeatherWidget(1434)]  : {[0D8BACA2DC34BD7CF347D72E41AD550B680B0EF1F0420966CFDF350172951094041BFB3B55FCE22DB165DA335449720F]}
08-11 15:54:32.188 22530 22530 D [WeatherWidget(1434)]  : {[0D8BACA2DC34BD7CF347D72E41AD550BF79E4937237EA1E7E2340E87594EFAD812B861504996257CD075834A463DB495DAC0BD9EC99204D82C2A3E5733355A249A416F11AE96620D2FEB93D0BE4BF137]}
08-11 15:54:32.188 22530 22530 D [WeatherWidget(1434)]  : {[0D8BACA2DC34BD7CF347D72E41AD550B763DD533AACF85E22066510C0D9555324FDA5EC00A21702CB823B5B6939DB45A]}
08-11 15:54:32.188 22530 22530 D [WeatherWidget(1434)]  : {[0D8BACA2DC34BD7CF347D72E41AD550B78126FFCB09065477AD7003DBE052F246EFFF7DDB3A888A4340816A7F87C4D88F3BD4A692CD2EE6748D7CB5C8062B6ADE7BFA47DE660DBC84971326B3C47F229]}
08-11 15:54:32.189 22530 22530 D [WeatherWidget(1434)]  : {[0D8BACA2DC34BD7CF347D72E41AD550B0F0F15A5E0F177E857AE197C47448DFB622B03926403556B10F70F5574565171EB6F302E43A832D30E7140ADDCF35BBF6A3086BE9890369C9D7B62F190A445D0]}
08-11 15:54:32.189 22530 22530 D [WeatherWidget(1434)]  : {[0D8BACA2DC34BD7CF347D72E41AD550B9C3E997611F2E20A777CFFA50A6993F490D6446CB429142618A7B88786400B9F21C7CF60AAD861E86A5288222898DD34]}
08-11 15:54:32.190 22530 22530 D [WeatherWidget(1434)]  : {[F869D4CD991844C6775DCC227BF537C469A71AC0264BC8DF7C4ACBCDE7644651BDA66E4DECB9A0CBE5DFBD36C8180FCA]}
08-11 15:54:32.190 22530 22530 D [WeatherWidget(1434)]  : {[0F83D955A1CC5AF1A30CB3BB1EBAA67EFDEDBCA5B35ECAB5D6E7D4DF52B67388DE0D894DE309BEC803F3B54BC4C7820CF7F2B22BF1C4BF5D3422CDC3BF7FCA7F0B30DEC5A27099049C615678E2C2E97EF66F819A6D6FB6933FDC3E3FFD4AD1B1E3A8C8C90F8E6E4251A811A59E5A9EBA]}
08-11 15:54:32.191 22527 22527 D AndroidRuntime: Calling main entry com.android.commands.am.Am
08-11 15:54:32.193 22530 22530 D [WeatherWidget(1434)]  : {[A1AF0F6A1A65A89C43D705938923D0FE9D5066B23A95A11461EAB6391D1C64E30F402D3FE6380358D56DB784A9A2432E]}
08-11 15:54:32.193 22530 22530 D [WeatherWidget(1434)]  DateTimeUtil: {[A1AF0F6A1A65A89C43D705938923D0FEFDF94E46D2804BEC0EFADBA73ED8BC5A5540C50A6CEEE3215DA28879B70D36FC1A554967F939FF9E23CAE63CE3613213C50E4BD33869DDF0BBA14DEF108C97D3AB0E7765743AF2A4E9E70B3FBFF35C94D0311164C05649FF544674538F300CB3]}
08-11 15:54:32.195 22530 22530 D [WeatherWidget(1434)]  : {[A1AF0F6A1A65A89C43D705938923D0FE9D5066B23A95A11461EAB6391D1C64E30F402D3FE6380358D56DB784A9A2432E]}
08-11 15:54:32.195 22530 22530 D [WeatherWidget(1434)]  DateTimeUtil: {[A1AF0F6A1A65A89C43D705938923D0FEFDF94E46D2804BEC0EFADBA73ED8BC5A5540C50A6CEEE3215DA28879B70D36FC1A554967F939FF9E23CAE63CE3613213C50E4BD33869DDF0BBA14DEF108C97D3AB0E7765743AF2A4E9E70B3FBFF35C94D0311164C05649FF544674538F300CB3]}
08-11 15:54:32.196 22530 22530 D [WeatherWidget(1434)]  : {[A1AF0F6A1A65A89C43D705938923D0FE9D5066B23A95A11461EAB6391D1C64E30F402D3FE6380358D56DB784A9A2432E]}
08-11 15:54:32.196 22530 22530 D [WeatherWidget(1434)]  DateTimeUtil: {[A1AF0F6A1A65A89C43D705938923D0FEFDF94E46D2804BEC0EFADBA73ED8BC5A5540C50A6CEEE3215DA28879B70D36FC1A554967F939FF9E23CAE63CE3613213C50E4BD33869DDF0BBA14DEF108C97D3AB0E7765743AF2A4E9E70B3FBFF35C94D0311164C05649FF544674538F300CB3]}
08-11 15:54:32.201  3827  5094 I ActivityManager: START u0 {act=android.intent.action.MAIN typ=null flg=0x10000000 cmp=ComponentInfo{com.yanzhenjie.album.sample/com.yanzhenjie.album.sample.MainActivity}} from uid 2000 on display 0
08-11 15:54:32.207  3827  5094 D ActivityManager: ActivityRecord() Constructor : multiScreenAttrs=MultiScreenAttrs{mDisplayId=0, mBaseDisplayId=0, mBaseActivity=false}
08-11 15:54:32.209  3827  5094 D CustomFrequencyManagerService: acquireDVFSLockLocked : type : DVFS_MIN_LIMIT  frequency : 1768000  uid : 1000  pid : 3827  pkgName : AMS_RESUME@CPU_MIN@8
08-11 15:54:32.210  3827  5094 D ActivityManager: mActivityResumeBooster.acquire()
08-11 15:54:32.210  3827  5094 D ActivityManager: computeStackFocus: stackId=1
08-11 15:54:32.210  3827  5094 D ActivityManager: computeStackFocus: New stack r=ActivityRecord{f4c1d65d0 u0 com.yanzhenjie.album.sample/.MainActivity t-1} stackId=1
08-11 15:54:32.212  3827  5094 I MultiWindowManagerService: setTaskDimensions: Task=TaskRecord{3662ae1d0 #11897 A=com.yanzhenjie.album.sample U=0 StackId=1 sz=1} minWidth=-1 minHeight=-1 maxWidth=-1 maxHeight=-1
08-11 15:54:32.212  3827  5094 D ActivityManager: moveToFront() : reason=startedActivity setFocusedActivity isAttached=true TaskRecord{3662ae1d0 #11897 A=com.yanzhenjie.album.sample U=0 StackId=1 sz=1}
08-11 15:54:32.212  3827  5094 D ActivityManager: setFocusStackUnchecked: reason=startedActivity setFocusedActivity focusCandidate=ActivityStack{23361ad0 stackId=1, 4 tasks} caller=com.android.server.am.ActivityStack.moveToFront:873 com.android.server.am.ActivityStackSupervisor.moveActivityStackToFront:1995 
08-11 15:54:32.213  3827  5094 D InputDispatcher: Focused application set to: xxxx
08-11 15:54:32.213  3827  5094 D InputDispatcher: Focus left window: 5639
08-11 15:54:32.214  3827  5094 D ActivityManager: resumeTopActivityInnerLocked() : #1 prevTask=TaskRecord{3662ae1d0 #11897 A=com.yanzhenjie.album.sample U=0 StackId=1 sz=1} next=ActivityRecord{f4c1d65d0 u0 com.yanzhenjie.album.sample/.MainActivity t11897} mFocusedStack=ActivityStack{23361ad0 stackId=1, 4 tasks}
08-11 15:54:32.214  3827  5094 D ActivityTrigger: ActivityTrigger activityPauseTrigger 
08-11 15:54:32.214  3827  5094 D GameManagerService: sem_perfomance_mode: 0
08-11 15:54:32.215  7060  7071 I TrayUsageStatesWatcher: notePauseComponent : ComponentInfo{com.sec.android.app.easylauncher/com.sec.android.app.easylauncher.Launcher}
08-11 15:54:32.215  3827  5094 D LockSettingsStorage: mSKTLockState = 2
08-11 15:54:32.216 22527 22527 D AndroidRuntime: Shutting down VM
08-11 15:54:32.217  3827  3852 D WindowManager: addWindow: android.view.ViewRootImpl$W@b282c60 displayId=0
08-11 15:54:32.217  3827  9333 D ActivityManager: resumeTopActivityInnerLocked() : #1 prevTask=TaskRecord{7b667e2d0 #11678 A=com.sec.android.app.easylauncher U=0 StackId=0 sz=1} next=ActivityRecord{f4c1d65d0 u0 com.yanzhenjie.album.sample/.MainActivity t11897} mFocusedStack=ActivityStack{23361ad0 stackId=1, 4 tasks}
08-11 15:54:32.217  3827  3852 D InputTransport: Input channel constructed: fd=486
08-11 15:54:32.217  3827  3852 D InputTransport: Input channel constructed: fd=487
08-11 15:54:32.218  3827  3852 D ViewRootImpl@56d4863[sample]: setView = DecorView@6c809de[sample] touchMode=true
08-11 15:54:32.218 22530 22530 D [WeatherWidget(1434)]  WeatherService: {[EC3334F14841398C8B464A72D0E61AB7E635415A6398066A211C921950133A79BB6E407F2F41BA13EE6A391B7997AA16]}
08-11 15:54:32.219  3827  9333 D MountService: getExternalStorageMountMode : 3
08-11 15:54:32.219  3827  9333 D MountService: getExternalStorageMountMode : 3
08-11 15:54:32.219  3827  9333 D MountService: getExternalStorageMountMode : final mountMode=3, uid : 12109, packageName : com.yanzhenjie.album.sample
08-11 15:54:32.229  3827  3852 V WindowManager: Relayout Window{fe05519d0 u0 Starting com.yanzhenjie.album.sample}: viewVisibility=0 req=1440x2464 WM.LayoutParams{(0,0)(fillxfill) sim=#20 ty=3 fl=#81830118 pfl=0x11 wanim=0x1030465 vsysui=0x600 needsMenuKey=2 naviIconColor=0}
08-11 15:54:32.232 22584 22584 E Zygote  : v2
08-11 15:54:32.232 22584 22584 I libpersona: KNOX_SDCARD checking this for 12109
08-11 15:54:32.232 22584 22584 I libpersona: KNOX_SDCARD not a persona
08-11 15:54:32.232  3827  9333 I ActivityManager: Start proc 22584:com.yanzhenjie.album.sample/u0a2109 for activity com.yanzhenjie.album.sample/.MainActivity
08-11 15:54:32.233 22584 22584 E Zygote  : accessInfo : 0
08-11 15:54:32.236 22527 22527 I TMSDISP : AcsAndroidVirtualDisplayIntfImpl::~AcsAndroidVirtualDisplayIntfImpl - Enter
08-11 15:54:32.236 22527 22527 I TMSDISP : AcsAndroidVirtualDisplayIntfImpl::~AcsAndroidVirtualDisplayIntfImpl - Enter2
08-11 15:54:32.236 22527 22527 I TMSDISP : AcsAndroidVirtualDisplayIntfImpl::~AcsAndroidVirtualDisplayIntfImpl - mSource2
08-11 15:54:32.236 22527 22527 I TMSDISP : AcsAndroidVirtualDisplayIntfImpl::~AcsAndroidVirtualDisplayIntfImpl - Exit
08-11 15:54:32.237 22584 22584 W SELinux : SELinux selinux_android_compute_policy_index : Policy Index[1],  Con:u:r:zygote:s0 SPD:SEPF_SECMOBILE_7.0_0006 RAM:SEPF_SECMOBILE_7.0_0005, [-1 -1 0 1 0 1]
08-11 15:54:32.237  3111  3111 I SurfaceFlinger: id=1907 createSurf (1x1),1 flag=404, tample
08-11 15:54:32.237 22584 22584 I SELinux : SELinux: seapp_context_lookup: seinfo=untrusted, level=s0:c512,c768, pkgname=com.yanzhenjie.album.sample 
08-11 15:54:32.239  3827  3852 D LockSettingsStorage: mSKTLockState = 2
08-11 15:54:32.240 22584 22584 I art     : Late-enabling -Xcheck:jni
08-11 15:54:32.246  3827  3852 D LockSettingsStorage: mSKTLockState = 2
08-11 15:54:32.252  5639  5639 D ViewRootImpl@de4397a[Launcher]: MSG_WINDOW_FOCUS_CHANGED 0
08-11 15:54:32.259 22584 22584 D TimaKeyStoreProvider: TimaSignature is unavailable
08-11 15:54:32.260 22584 22584 D ActivityThread: Added TimaKeyStore provider
08-11 15:54:32.267  3827  5002 I ActivityManager: DSS on for com.yanzhenjie.album.sample and scale is 1.0
08-11 15:54:32.270  3827  5002 V WindowOrientationListener: OrientationSensorJudge.getProposedRotation, Rotation: -1
08-11 15:54:32.270  3827  5002 V WindowOrientationListener: OrientationSensorJudge.getProposedRotation, Rotation: -1
08-11 15:54:32.270  3827  5002 V WindowManager: rotationForOrientationLw(orient=-1, last=0); user=0  sensorRotation=-1 mLidState=-1 mDockMode=0 mHdmiPlugged=false
08-11 15:54:32.272  3827  5002 D LockSettingsStorage: mSKTLockState = 2
08-11 15:54:32.277  3827  3852 D WindowManager: finishDrawingWindow: Window{fe05519d0 u0 Starting com.yanzhenjie.album.sample} mDrawState=DRAW_PENDING
08-11 15:54:32.277  3827  3852 D LockSettingsStorage: mSKTLockState = 2
08-11 15:54:32.279  3827  5002 D GameManagerService: sem_perfomance_mode: 0
08-11 15:54:32.279  3827  3827 D GameManagerService: NotifyRunnable. pkg: com.yanzhenjie.album.sample, type: 4, isMinimized: false, isTunableApp: false
08-11 15:54:32.279  3827  3827 D GameManagerService: unexpected mPrevNotiType: -1
08-11 15:54:32.280  7060 19681 I TrayUsageStatesWatcher: noteResumeComponent : ComponentInfo{com.yanzhenjie.album.sample/com.yanzhenjie.album.sample.MainActivity}
08-11 15:54:32.280  3827  5002 D LockSettingsStorage: mSKTLockState = 2
08-11 15:54:32.283  3827  5002 D LockSettingsStorage: mSKTLockState = 2
08-11 15:54:32.294  3827  8237 D GameManagerService: identifyGamePackage. com.yanzhenjie.album.sample
08-11 15:54:32.294  3827  8237 D GameManagerService: identifyGamePackage. com.yanzhenjie.album.sample
08-11 15:54:32.294  5340  9090 D ForegroundUtils: could not check pending caller
08-11 15:54:32.295 22584 22584 W System  : ClassLoader referenced unknown path: /data/app/com.yanzhenjie.album.sample-1/lib/arm64
08-11 15:54:32.302 22530 22530 D [WeatherWidget(1434)]  WeatherAppWidget: {[9C41A2EAFAAB2EF4F8363256C22FE8AD71EC15183D042D18BFE0E3E9BB2EF0DCC14934E683D0F0EAC9DD0A92AE1712CEB1075616360FCFFA1BE3B3E8A9D05E5408FCAEAA605A65233ABA12B0B6AE82588264FFB1DD880A182C8B82CF3644A06F8C76AB8B7E5F4931943DAD9C539C20501908212EC16287E4639C30BAA6235353]}
08-11 15:54:32.303  3827  3852 D LockSettingsStorage: mSKTLockState = 2
08-11 15:54:32.304  3827  3845 D WindowManager: set systemUiVisibility of statusbar : vis= 0x608
08-11 15:54:32.306 22530 22530 D [WeatherWidget(1434)]  WeatherAppWidget: {[9C41A2EAFAAB2EF4F8363256C22FE8ADF4795AC985F6053A69A61F93CD6EB3AF0AC82A60810B9C8DD13E3E7EE4FFB555]}
08-11 15:54:32.306 22530 22530 D [WeatherWidget(1434)]  : {[9DE3AE1CCE77BAB9121103549E3861F9AE80010F4DCFBEAE0F6E30016CA42272AD23EF6889DDCA9169FF57EFBFD96EE069086204210D34BBBAFE12D8CA2E9F0B]}
08-11 15:54:32.306 22530 22530 D [WeatherWidget(1434)]  WeatherAppWidget: {[9C41A2EAFAAB2EF4F8363256C22FE8ADD6E1F10C12ABFBD0C4BE42B5F439602C25C4575022F4326715C909F89B3C1453]}
08-11 15:54:32.306 22584 22584 D ContextRelationMgrBrdg: loadKlass() : caller=com.samsung.android.bridge.multiscreen.common.ContextRelationManagerBridge.<clinit>:28 android.app.LoadedApk.makeApplication:840 
08-11 15:54:32.307  3827  5096 V WindowManager: Relayout Window{b2cfc70d0 u0 com.sec.android.app.easylauncher/com.sec.android.app.easylauncher.Launcher}: viewVisibility=8 req=1440x2560 WM.LayoutParams{(0,0)(fillxfill) sim=#130 ty=1 fl=#81910d00 pfl=0x20000 fmt=-2 wanim=0x103038a vsysui=0x600 needsMenuKey=2 naviIconColor=0}
08-11 15:54:32.308  3827  5096 D LockSettingsStorage: mSKTLockState = 2
08-11 15:54:32.310 22530 22530 D [WeatherWidget(1434)]  WeatherAppWidget2x1: {[9C41A2EAFAAB2EF4F8363256C22FE8AD1E8C40D052B00F217143F036334087D4E6A20622B7C5BAFDDAD05806F64279CFB58ACC644B946D1D44C1CB1343E9933E78640F20943B210E98A310C2B6492635D901696D1430EA378453556FF39094213F1F3934C71814263AD99634BFCCE37C46724D6F6448473F32BB4716B80F5DE3]}
08-11 15:54:32.311 22530 22530 D [WeatherWidget(1434)]  WeatherAppWidget2x1: {[9C41A2EAFAAB2EF4F8363256C22FE8AD3AC8D6E6DB569BCC9DA131C7C82AEFA91C087B02A8FCF5BACB0BDD8EE2FE1414695E3BF8D9DA591820C27B0E245392D5]}
08-11 15:54:32.311 22530 22530 D [WeatherWidget(1434)]  : {[83E8B4AABF71847ED879BE78943CC90FFD242BDD7BC38931D7E20703EDD4E9D5]}
08-11 15:54:32.311 22530 22530 D [WeatherWidget(1434)]  : {[0D223AA7A826FC00C8BDC5E6FF9AE4A4CE90EBECECFF1FE5F5A26727C7E10B29F3E14D871803AC98226529E4159D40AA68C63777079C51DF668C96D3DBA592934C46949521FCD1E98A5D4125C982A2C17B703F736E70E68C4EB9EC0FB187E2C6D8E469ECB1FB40DE6416387BD55AD71D]}
08-11 15:54:32.311 22530 22530 D [WeatherWidget(1434)]  : {[3A61777C9DC0BD9AE45898166BDB4D635E80B6EB63820FDAD3483FCE301D5CF8F8E771C122FA61F13569A45D6311BAA8]}
08-11 15:54:32.312 22530 22530 D [WeatherWidget(1434)]  : {[E2E4023BB7B44A3F43190F913719DF3099CAEA389B2D1A8B1C781E4365B87580CCFD8522D83CB9A9E767F2E43FD5889DB8F5104E1CA5AC37C1DA3F2C8397DC996840B86E3591D16041F2A70946CE31533705BF5AEDB7049FAE3D480C136CEB0A713571DE579B663A1DF10DFBB91BEFF80627B86A01CF0C5C3439F7417E03FE2B01FED8B1156343CAD9D1F3CABFEB1076DEA2425B01C0A866D137312C3FA75E5EBA962497EE744732EB52F9560F20D3020146DB0072F9E9FF80CE09B7183318923E6DD83F6AA93EBD78EE1F7C4B7790D8064FC31FAACCFF08D76A01B0FE0361819AC2981ACD9A2509B75910958B6D7F89]}
08-11 15:54:32.320 22530 22530 D [WeatherWidget(1434)]  : {[338FFC94B290A05A7AA6B3AD12B312CAF4F4D9B8DD9DA73A6B5A8391556DE9B50510A2ACEB503F5B8A61CF54F880AE01B68A702E2D8980848BA9DF260C88D0C8CF3A7F7669C6E2CC11A47B9CA52D4166]}
08-11 15:54:32.322 22530 22530 D [WeatherWidget(1434)]  : {[80A35A7D17B9FAF780D724E89C72964D560BEA707667FDD01813F1FE783BC6F9074DDBCB8BB8A40A6BA1BC34D0542632]}
08-11 15:54:32.325  3827  8237 D GameManagerService: identifyGamePackage. com.yanzhenjie.album.sample
08-11 15:54:32.325 22530 22530 D [WeatherWidget(1434)]  : {[338FFC94B290A05A7AA6B3AD12B312CAF4F4D9B8DD9DA73A6B5A8391556DE9B50510A2ACEB503F5B8A61CF54F880AE01B68A702E2D8980848BA9DF260C88D0C8CF3A7F7669C6E2CC11A47B9CA52D4166]}
08-11 15:54:32.326  3827  8237 D GameManagerService: identifyGamePackage. com.yanzhenjie.album.sample
08-11 15:54:32.329 22530 22530 D [WeatherWidget(1434)]  : {[AEA5883A5C6E5D74CF98F0EA775AE41636F634004F96F0B7AB69E4398B407965907938935DE13794647406ABA914C86AA10B6A93F814F9CAA8CB66F2F0B68FB2]}
08-11 15:54:32.330 22530 22530 D [WeatherWidget(1434)]  : {[CD6D96ACFFA1DC49CF0737820764B401BA3BD561A0539EB389327427518EFC26FEA696E71B62548DC07A3997753C5BD5]}
08-11 15:54:32.330 22530 22530 D [WeatherWidget(1434)]  : {[2D1CE5279330E27AB72989BC06500B45867B68ED5B481FCE4FCFF659D88E50B216E057A80C012DDDDA22C30D571C865C3E7E33493E1F0EFF7D1D8B505F341E08]}
08-11 15:54:32.330 22530 22530 D [WeatherWidget(1434)]  : {[936BFAA81B13AA616A637F2A5C150F2BA4BCE606C624567B7AD7250FE2D3CDDC79C987B14C2E4714C6CF63548ED56915]}
08-11 15:54:32.331 22530 22530 D [WeatherWidget(1434)]  : {[E22DC61125A23EEE7F94D18B14CD51E3FF8A417BADE47F869BD29952E68E0AAFBB57CFEE30F94AF887FF48B85551F289]}
08-11 15:54:32.331 22530 22530 D [WeatherWidget(1434)]  : {[1AD659ADBAEC1AF91F60415A36FAB1C9A053E849E61F4D84980B84643D00B808E0E569C77FF6284A6D89ED3FC2487D31]}
08-11 15:54:32.331 22530 22530 D [WeatherWidget(1434)]  : {[236FFFA4FE6D378EDABD8749C406D4B623A9033B6C82EC1F6350A42D68D2E0CC94B6985FBB6EC3E92BF375BC4CBB0183A926513A5FAFAD6FA35C0BB54CE136B6]}
08-11 15:54:32.333 22530 22530 D [WeatherWidget(1434)]  : {[236FFFA4FE6D378EDABD8749C406D4B6230C51D0EE18850996C7395F72B13F63ED08461A816138AC3B57431D5932500FFD2BDB71BCDFFB44C94BB7690874631DBD8C9D99478A214C814CA97B13DC24ACCBFD065762E6FC9CDCD193C7BAF654F7]}
08-11 15:54:32.338 22530 22530 D [WeatherWidget(1434)]  : {[B50FE9C978C0A16B59A9AF96D449FE7D08620E7CF6B03C8D9B0BA4F8DF7BBF256F296031037296DE00A0F58B09E18CAF]}
08-11 15:54:32.338 22584 22584 W art     : Before Android 4.1, method android.graphics.PorterDuffColorFilter android.support.graphics.drawable.VectorDrawableCompat.updateTintFilter(android.graphics.PorterDuffColorFilter, android.content.res.ColorStateList, android.graphics.PorterDuff$Mode) would have incorrectly overridden the package-private method in android.graphics.drawable.Drawable
08-11 15:54:32.339 22530 22530 D [WeatherWidget(1434)]  : {[83E8B4AABF71847ED879BE78943CC90F8E72078630F2C82B781017075D7BAE8BC4DAC8FED56235F48A2F6CBBDE91D9E4]}
08-11 15:54:32.339 22530 22530 D [WeatherWidget(1434)]  : {[83E8B4AABF71847ED879BE78943CC90F4220057879493DB2278AE5F5E4DE06FCC48B75D58D27F9BDAE517B1878DABE32]}
08-11 15:54:32.340 22530 22530 D [WeatherWidget(1434)]  : {[236FFFA4FE6D378EDABD8749C406D4B623A9033B6C82EC1F6350A42D68D2E0CC94B6985FBB6EC3E92BF375BC4CBB0183A926513A5FAFAD6FA35C0BB54CE136B6]}
08-11 15:54:32.341 22530 22530 D [WeatherWidget(1434)]  : {[236FFFA4FE6D378EDABD8749C406D4B6230C51D0EE18850996C7395F72B13F63ED08461A816138AC3B57431D5932500FFD2BDB71BCDFFB44C94BB7690874631DBD8C9D99478A214C814CA97B13DC24ACCBFD065762E6FC9CDCD193C7BAF654F7]}
08-11 15:54:32.342 22530 22530 D [WeatherWidget(1434)]  : {[BFF25AD47EA39C7F97024181B73A9D1C61495650BB1E68F362B6497F34F114187089B329E2AC3D92DF19C015576D35B1]}
08-11 15:54:32.343 22530 22530 D [WeatherWidget(1434)]  : {[FE0E34C85C7544B1D3A010B890306BF71CC606CEE2CB8DE1EC14EA8EF08C1EB59023EAB21078390DDF21A11110FCB7C8]}
08-11 15:54:32.343 22530 22530 D [WeatherWidget(1434)]  : {[004BBF6D85EC453F567C7E96E44820503610DAA8D337A2894841BCAA201AC2A8F56094F06797CC9FA18F8D152584585B]}
08-11 15:54:32.344 22530 22530 D [WeatherWidget(1434)]  : {[3641CBA0EF5AA3DC5A4784C189380EF20FC85BB13720D9170A568321611C093DF2BE95B07C0374D7749986C01B981E66]}
08-11 15:54:32.345 22530 22530 D [WeatherWidget(1434)]  : {[236FFFA4FE6D378EDABD8749C406D4B623A9033B6C82EC1F6350A42D68D2E0CC94B6985FBB6EC3E92BF375BC4CBB0183A926513A5FAFAD6FA35C0BB54CE136B6]}
08-11 15:54:32.346 22530 22530 D [WeatherWidget(1434)]  : {[236FFFA4FE6D378EDABD8749C406D4B6230C51D0EE18850996C7395F72B13F63ED08461A816138AC3B57431D5932500FFD2BDB71BCDFFB44C94BB7690874631DBD8C9D99478A214C814CA97B13DC24ACCBFD065762E6FC9CDCD193C7BAF654F7]}
08-11 15:54:32.347 22530 22530 D [WeatherWidget(1434)]  : {[0F83D955A1CC5AF1A30CB3BB1EBAA67EFDEDBCA5B35ECAB5D6E7D4DF52B67388DE0D894DE309BEC803F3B54BC4C7820C9CC4C5D58F4D0CD08A230418DA2AC6EC5B0B1E1B9BDD5AEC376C93172651814F83737B2A001D5406C9247CDC5AA2076AE68B33D253E3A6F14FADF4C511AD7FE7]}
08-11 15:54:32.349 22530 22530 D [WeatherWidget(1434)]  : {[166E774BA6D7EB7E108E71BF4A38A199CFB079024C40370E01F3746CDBF92D6B]}
08-11 15:54:32.349 22530 22530 D [WeatherWidget(1434)]  : {[236FFFA4FE6D378EDABD8749C406D4B623A9033B6C82EC1F6350A42D68D2E0CC94B6985FBB6EC3E92BF375BC4CBB0183A926513A5FAFAD6FA35C0BB54CE136B6]}
08-11 15:54:32.351 22530 22530 D [WeatherWidget(1434)]  : {[236FFFA4FE6D378EDABD8749C406D4B6230C51D0EE18850996C7395F72B13F63ED08461A816138AC3B57431D5932500FFD2BDB71BCDFFB44C94BB7690874631DBD8C9D99478A214C814CA97B13DC24ACCBFD065762E6FC9CDCD193C7BAF654F7]}
08-11 15:54:32.352  5200  5200 D io_stats: !@   8,0 r 397511 20168024 w 1251763 25114080 d 81147 8663444 f 440932 440901 iot 919980 707218 th 324560 0 0 pt 0 inp 0 0 422147.363
08-11 15:54:32.353 22530 22530 D [WeatherWidget(1434)]  : {[A1AF0F6A1A65A89C43D705938923D0FE9D5066B23A95A11461EAB6391D1C64E30F402D3FE6380358D56DB784A9A2432E]}
08-11 15:54:32.353 22530 22530 D [WeatherWidget(1434)]  DateTimeUtil: {[A1AF0F6A1A65A89C43D705938923D0FEFDF94E46D2804BEC0EFADBA73ED8BC5A5540C50A6CEEE3215DA28879B70D36FC1A554967F939FF9E23CAE63CE3613213C50E4BD33869DDF0BBA14DEF108C97D3AB0E7765743AF2A4E9E70B3FBFF35C94D0311164C05649FF544674538F300CB3]}
08-11 15:54:32.355 22530 22530 D [WeatherWidget(1434)]  : {[4CC6EEBBD554EB1383AC25A5CAF538206DBFA17E5AE1C0DC4B5A27A8CDC5B2D6]}
08-11 15:54:32.355 22530 22530 D [WeatherWidget(1434)]  : {[236FFFA4FE6D378EDABD8749C406D4B623A9033B6C82EC1F6350A42D68D2E0CC94B6985FBB6EC3E92BF375BC4CBB0183A926513A5FAFAD6FA35C0BB54CE136B6]}
