08-11 20:23:41.516  5686  5746 D KeepAlive: cancel()
08-11 20:23:41.596  5686  5732 V Adjust  : Foreground timer suspended with 45.4 seconds left
08-11 20:23:41.596  5686  5732 V Adjust  : Subsession end
08-11 20:23:41.598  5686  5732 D Adjust  : Wrote Activity state: ec:1 sc:1 ssc:1 sl:14.8 ts:14.8 la:11:12:13 uuid:794e33a6-8856-48ac-97e9-18be023da95a
08-11 20:23:41.651  3312  8188 D DeviceState: {"wifi_bssid":"34:fc:b9:6f:10:f3","battery_level":60.000004,"is_connected":"true","time_created":1502497421648,"is_screen_on":"true"}
08-11 20:23:41.657  5686  5732 V Adjust  : Foreground timer starting
08-11 20:23:41.657  5686  5732 V Adjust  : Subsession start
08-11 20:23:41.657  5686  5732 V Adjust  : Time span since last activity too short for a new subsession
08-11 20:23:41.660  5686  5746 D KeepAlive: cancel()
08-11 20:23:41.660  5686  5746 D KeepAlive: start(3000)
08-11 20:23:41.759   605  2877 D audio_hw_primary: disable_audio_route: reset and update mixer path: low-latency-playback speaker
08-11 20:23:41.759   605  2877 D audio_hw_primary: disable_snd_device: snd_device(2: speaker)
08-11 20:23:41.767   605  2877 I soundtrigger: audio_extn_sound_trigger_update_device_status: device 0x2 of type 0 for Event 0
08-11 20:23:41.834  1029  3103 W InputMethodManagerService: Window already focused, ignoring focus gain of: com.android.internal.view.IInputMethodClient$Stub$Proxy@bd18037 attribute=null, token = android.os.BinderProxy@293e7ec
08-11 20:23:42.256  6131  6131 W ps      : type=1400 audit(0.0:10839): avc: denied { getattr } for path="/proc/337" dev="proc" ino=545411 scontext=u:r:shell:s0 tcontext=u:r:logd:s0 tclass=dir permissive=0
08-11 20:23:42.256  6131  6131 W ps      : type=1400 audit(0.0:10840): avc: denied { read } for name="task" dev="proc" ino=545747 scontext=u:r:shell:s0 tcontext=u:r:logd:s0 tclass=dir permissive=0
08-11 20:23:42.285  5686  5686 D LOCDEBUG: init accuracy:COARSE recentness:HOUR
08-11 20:23:43.015   611   706 I ThermalEngine: ACTION: GPU - Setting GPU[0] to 450000000
08-11 20:23:43.107  5686  5732 I Adjust  : Buffered event 'dyael4'
08-11 20:23:43.108  5686  6151 D Adjust  : Added package 2 (event'dyael4')
08-11 20:23:43.108  5686  5732 D Adjust  : Wrote Activity state: ec:2 sc:1 ssc:1 sl:16.1 ts:16.1 la:11:12:13 uuid:794e33a6-8856-48ac-97e9-18be023da95a
08-11 20:23:43.108  5686  6151 V Adjust  : Path:      /event
08-11 20:23:43.108  5686  6151 V Adjust  : ClientSdk: android4.10.2
08-11 20:23:43.108  5686  6151 V Adjust  : Parameters:
08-11 20:23:43.108  5686  6151 V Adjust  : 	android_uuid     794e33a6-8856-48ac-97e9-18be023da95a
08-11 20:23:43.108  5686  6151 V Adjust  : 	api_level        23
08-11 20:23:43.108  5686  6151 V Adjust  : 	app_token        puue7pqf3sf7
08-11 20:23:43.108  5686  6151 V Adjust  : 	app_version      9.17.0
08-11 20:23:43.108  5686  6151 V Adjust  : 	attribution_deeplink 1
08-11 20:23:43.108  5686  6151 V Adjust  : 	callback_params  {"y_device_id":"y_27d0f21a-de3d-4b7f-8317-0a855e8f1191"}
08-11 20:23:43.108  5686  6151 V Adjust  : 	country          US
08-11 20:23:43.108  5686  6151 V Adjust  : 	cpu_type         arm64-v8a
08-11 20:23:43.108  5686  6151 V Adjust  : 	created_at       2017-08-11T20:23:42.875Z-0400
08-11 20:23:43.108  5686  6151 V Adjust  : 	device_manufacturer Huawei
08-11 20:23:43.108  5686  6151 V Adjust  : 	device_name      Nexus 6P
08-11 20:23:43.108  5686  6151 V Adjust  : 	device_type      phone
08-11 20:23:43.108  5686  6151 V Adjust  : 	display_height   2392
08-11 20:23:43.108  5686  6151 V Adjust  : 	display_width    1440
08-11 20:23:43.108  5686  6151 V Adjust  : 	environment      production
08-11 20:23:43.108  5686  6151 V Adjust  : 	event_buffering_enabled 1
08-11 20:23:43.108  5686  6151 V Adjust  : 	event_count      2
08-11 20:23:43.108  5686  6151 V Adjust  : 	event_token      dyael4
08-11 20:23:43.108  5686  6151 V Adjust  : 	fb_id            098075e8-ff5c-4364-9092-70dbbc376d54
08-11 20:23:43.108  5686  6151 V Adjust  : 	gps_adid         a9e6374d-5ffc-4dfd-af2f-ea5d1c640cdf
08-11 20:23:43.108  5686  6151 V Adjust  : 	hardware_name    MMB29N
08-11 20:23:43.108  5686  6151 V Adjust  : 	language         en
08-11 20:23:43.108  5686  6151 V Adjust  : 	needs_response_details 1
08-11 20:23:43.108  5686  6151 V Adjust  : 	os_name          android
08-11 20:23:43.108  5686  6151 V Adjust  : 	os_version       6.0
08-11 20:23:43.108  5686  6151 V Adjust  : 	package_name     com.yelp.android
08-11 20:23:43.108  5686  6151 V Adjust  : 	screen_density   high
08-11 20:23:43.108  5686  6151 V Adjust  : 	screen_format    normal
08-11 20:23:43.108  5686  6151 V Adjust  : 	screen_size      normal
08-11 20:23:43.108  5686  6151 V Adjust  : 	session_count    1
08-11 20:23:43.108  5686  6151 V Adjust  : 	session_length   16
08-11 20:23:43.108  5686  6151 V Adjust  : 	subsession_count 1
08-11 20:23:43.108  5686  6151 V Adjust  : 	time_spent       16
08-11 20:23:43.108  5686  6151 V Adjust  : 	tracking_enabled 1
08-11 20:23:43.117  5686  6151 D Adjust  : Wrote Package queue: [event'4q7lvc', event'dyael4']
08-11 20:23:43.118  5686  6151 D Adjust  : Package handler wrote 2 packages
08-11 20:23:43.237  5686  5686 D LOCDEBUG: init accuracy:COARSE recentness:DAY
08-11 20:23:43.248  5686  5686 D LOCDEBUG: init accuracy:COARSE recentness:DAY
08-11 20:23:43.306  1029  3524 I ActivityManager: START u0 {flg=0x10008000 cmp=com.yelp.android/.ui.activities.nearby.ActivityNearby} from uid 10500 on display 0
08-11 20:23:43.312   398   720 W SurfaceFlinger: FB is protected: PERMISSION_DENIED
08-11 20:23:43.313  1029  3524 W WindowManager: Screenshot failure taking screenshot for (1440x2560) to layer 21025
08-11 20:23:43.328  1029  3535 W ActivityManager: Duplicate finish request for ActivityRecord{8b6a254 u0 com.yelp.android/.ui.activities.ActivityCreateAccount t5819 f}
08-11 20:23:43.330  1029  2903 W InputMethodManagerService: Focus gain on non-focused client com.android.internal.view.IInputMethodClient$Stub$Proxy@fd8cbed (uid=10500 pid=5686)
08-11 20:23:43.352  5686  5732 V Adjust  : Foreground timer suspended with 43.7 seconds left
08-11 20:23:43.353  5686  5732 V Adjust  : Subsession end
08-11 20:23:43.356  5686  5732 D Adjust  : Wrote Activity state: ec:2 sc:1 ssc:1 sl:16.6 ts:16.6 la:11:12:13 uuid:794e33a6-8856-48ac-97e9-18be023da95a
08-11 20:23:43.422  5686  5686 I AppCompatViewInflater: app:theme is now deprecated. Please move to using android:theme instead.
08-11 20:23:43.500  5686  6164 W nAnnotationIntrospector: Unable to load JDK7 annotation types; will have to skip
08-11 20:23:43.533  5686  6164 W System.err: WARNING: could not load Java7 Path class
08-11 20:23:43.576  6194  6194 W ps      : type=1400 audit(0.0:10841): avc: denied { getattr } for path="/proc/337" dev="proc" ino=545411 scontext=u:r:shell:s0 tcontext=u:r:logd:s0 tclass=dir permissive=0
08-11 20:23:43.576  6194  6194 W ps      : type=1400 audit(0.0:10842): avc: denied { read } for name="task" dev="proc" ino=545747 scontext=u:r:shell:s0 tcontext=u:r:logd:s0 tclass=dir permissive=0
08-11 20:23:43.651  5686  5746 D KeepAlive: stop
08-11 20:23:43.651  5686  5746 D KeepAlive: cancel()
08-11 20:23:43.685  5686  5732 V Adjust  : Foreground timer starting
08-11 20:23:43.685  5686  5732 V Adjust  : Subsession start
08-11 20:23:43.688  5686  5732 V Adjust  : Time span since last activity too short for a new subsession
08-11 20:23:43.694  5686  5746 D KeepAlive: cancel()
08-11 20:23:43.694  5686  5746 D KeepAlive: start(3000)
08-11 20:23:43.706  5686  5686 D LOCDEBUG: init accuracy:MEDIUM_KM recentness:MINUTE_15
08-11 20:23:43.708  5686  5686 D LOCDEBUG: init accuracy:MEDIUM_KM recentness:MINUTE_15
08-11 20:23:43.708  5686  5686 D LOCDEBUG: init accuracy:MEDIUM_KM recentness:MINUTE_15
08-11 20:23:43.709  5686  5686 D LOCDEBUG: init accuracy:MEDIUM_KM recentness:MINUTE_15
08-11 20:23:43.710  5686  5686 D LOCDEBUG: init accuracy:COARSE recentness:HOUR
08-11 20:23:43.972  5686  5686 W Bitmap  : Called reconfigure on a bitmap that is in use! This may cause graphical corruption!
08-11 20:23:43.977  5686  5686 W Bitmap  : Called reconfigure on a bitmap that is in use! This may cause graphical corruption!
08-11 20:23:44.316  5686  5782 I Finalizer: Couldn't access Thread.inheritableThreadLocals. Reference finalizer threads will inherit thread local values.
08-11 20:23:44.318  5686  5782 I nalizableReferenceQueue: Failed to start reference finalizer thread. Reference cleanup will only occur when new references are created.
08-11 20:23:44.318  5686  5782 I nalizableReferenceQueue: java.lang.reflect.InvocationTargetException
08-11 20:23:44.318  5686  5782 I nalizableReferenceQueue: 	at java.lang.reflect.Method.invoke(Native Method)
08-11 20:23:44.318  5686  5782 I nalizableReferenceQueue: 	at com.yelp.android.util.common.base.FinalizableReferenceQueue.<init>(FinalizableReferenceQueue.java:128)
08-11 20:23:44.318  5686  5782 I nalizableReferenceQueue: 	at com.yelp.android.util.common.collect.MapMaker$QueueHolder.<clinit>(MapMaker.java:840)
08-11 20:23:44.318  5686  5782 I nalizableReferenceQueue: 	at com.yelp.android.util.common.collect.MapMaker$SoftValueReference.<init>(MapMaker.java:1096)
08-11 20:23:44.318  5686  5782 I nalizableReferenceQueue: 	at com.yelp.android.util.common.collect.MapMaker$Strength$2.referenceValue(MapMaker.java:382)
08-11 20:23:44.318  5686  5782 I nalizableReferenceQueue: 	at com.yelp.android.util.common.collect.MapMaker$StrategyImpl.setValue(MapMaker.java:501)
08-11 20:23:44.318  5686  5782 I nalizableReferenceQueue: 	at com.yelp.android.util.common.collect.MapMaker$StrategyImpl.setValue(MapMaker.java:476)
08-11 20:23:44.318  5686  5782 I nalizableReferenceQueue: 	at com.yelp.android.util.common.collect.CustomConcurrentHashMap$Impl$Segment.put(CustomConcurrentHashMap.java:989)
08-11 20:23:44.318  5686  5782 I nalizableReferenceQueue: 	at com.yelp.android.util.common.collect.CustomConcurrentHashMap$Impl.put(CustomConcurrentHashMap.java:1483)
08-11 20:23:44.318  5686  5782 I nalizableReferenceQueue: 	at com.yelp.android.database.e.a(CategoryDatabase.java:387)
08-11 20:23:44.318  5686  5782 I nalizableReferenceQueue: 	at com.yelp.android.database.e.a(CategoryDatabase.java:367)
08-11 20:23:44.318  5686  5782 I nalizableReferenceQueue: 	at com.yelp.android.database.e.a(CategoryDatabase.java:331)
08-11 20:23:44.318  5686  5782 I nalizableReferenceQueue: 	at com.yelp.android.serializable.Category$1.a(Category.java:126)
08-11 20:23:44.318  5686  5782 I nalizableReferenceQueue: 	at com.yelp.android.serializable.Category$1.parse(Category.java:93)
08-11 20:23:44.318  5686  5782 I nalizableReferenceQueue: 	at com.yelp.parcelgen.JsonUtil.parseJsonList(JsonUtil.java:45)
08-11 20:23:44.318  5686  5782 I nalizableReferenceQueue: 	at com.yelp.android.model.network._YelpBusiness.a(_YelpBusiness.java:1215)
08-11 20:23:44.318  5686  5782 I nalizableReferenceQueue: 	at com.yelp.android.model.network.YelpBusiness.a(YelpBusiness.java:188)
08-11 20:23:44.318  5686  5782 I nalizableReferenceQueue: 	at com.yelp.android.model.network.YelpBusiness$1.a(YelpBusiness.java:308)
08-11 20:23:44.318  5686  5782 I nalizableReferenceQueue: 	at com.yelp.android.model.network.YelpBusiness$1.parse(YelpBusiness.java:292)
08-11 20:23:44.318  5686  5782 I nalizableReferenceQueue: 	at com.yelp.android.model.network.YelpBusiness.a(YelpBusiness.java:131)
08-11 20:23:44.318  5686  5782 I nalizableReferenceQueue: 	at com.yelp.android.model.network.YelpBusiness.b(YelpBusiness.java:110)
08-11 20:23:44.318  5686  5782 I nalizableReferenceQueue: 	at com.yelp.android.model.network.NearbyRow.a(NearbyRow.java:21)
08-11 20:23:44.318  5686  5782 I nalizableReferenceQueue: 	at com.yelp.android.appdata.webrequests.en.a(NearbyBizSuggestRequest.java:28)
08-11 20:23:44.318  5686  5782 I nalizableReferenceQueue: 	at com.yelp.android.appdata.webrequests.en.b(NearbyBizSuggestRequest.java:13)
08-11 20:23:44.318  5686  5782 I nalizableReferenceQueue: 	at com.yelp.android.appdata.webrequests.ApiRequest.a(ApiRequest.java:331)
08-11 20:23:44.318  5686  5782 I nalizableReferenceQueue: 	at com.yelp.android.appdata.webrequests.ApiRequest.a(ApiRequest.java:215)
08-11 20:23:44.318  5686  5782 I nalizableReferenceQueue: 	at com.yelp.android.appdata.webrequests.ApiRequest.c(ApiRequest.java:126)
08-11 20:23:44.318  5686  5782 I nalizableReferenceQueue: 	at com.yelp.android.appdata.webrequests.ApiRequest$a.doInBackground(ApiRequest.java:595)
08-11 20:23:44.318  5686  5782 I nalizableReferenceQueue: 	at android.os.AsyncTask$2.call(AsyncTask.java:295)
08-11 20:23:44.318  5686  5782 I nalizableReferenceQueue: 	at java.util.concurrent.FutureTask.run(FutureTask.java:237)
08-11 20:23:44.318  5686  5782 I nalizableReferenceQueue: 	at java.util.concurrent.ThreadPoolExecutor.runWorker(ThreadPoolExecutor.java:1113)
08-11 20:23:44.318  5686  5782 I nalizableReferenceQueue: 	at java.util.concurrent.ThreadPoolExecutor$Worker.run(ThreadPoolExecutor.java:588)
08-11 20:23:44.318  5686  5782 I nalizableReferenceQueue: 	at java.lang.Thread.run(Thread.java:818)
08-11 20:23:44.318  5686  5782 I nalizableReferenceQueue: Caused by: java.lang.IllegalArgumentException: Expected com.yelp.android.util.common.base.FinalizableReference.
08-11 20:23:44.318  5686  5782 I nalizableReferenceQueue: 	at com.yelp.android.util.common.base.internal.Finalizer.startFinalizer(Finalizer.java:77)
08-11 20:23:44.318  5686  5782 I nalizableReferenceQueue: 	... 33 more
08-11 20:23:44.610  1029  2910 I ActivityManager: Displayed com.yelp.android/.ui.activities.nearby.ActivityNearby: +1s259ms
08-11 20:23:44.610  1029  2910 I Choreographer: Skipped 40 frames!  The application may be doing too much work on its main thread.
08-11 20:23:44.616  5686  5686 W Bitmap  : Called reconfigure on a bitmap that is in use! This may cause graphical corruption!
08-11 20:23:44.620  5686  5686 W Bitmap  : Called reconfigure on a bitmap that is in use! This may cause graphical corruption!
08-11 20:23:44.714  5686  5686 W Bitmap  : Called reconfigure on a bitmap that is in use! This may cause graphical corruption!
08-11 20:23:44.776  5686  5686 W Bitmap  : Called reconfigure on a bitmap that is in use! This may cause graphical corruption!
08-11 20:23:44.846  5686  5686 W Bitmap  : Called reconfigure on a bitmap that is in use! This may cause graphical corruption!
08-11 20:23:44.879  5686  5686 E ActivityThread: Activity com.yelp.android.ui.activities.ActivityCreateAccount has leaked IntentReceiver android.widget.ViewFlipper$1@19cc942 that was originally registered here. Are you missing a call to unregisterReceiver()?
08-11 20:23:44.879  5686  5686 E ActivityThread: android.app.IntentReceiverLeaked: Activity com.yelp.android.ui.activities.ActivityCreateAccount has leaked IntentReceiver android.widget.ViewFlipper$1@19cc942 that was originally registered here. Are you missing a call to unregisterReceiver()?
08-11 20:23:44.879  5686  5686 E ActivityThread: 	at android.app.LoadedApk$ReceiverDispatcher.<init>(LoadedApk.java:918)
08-11 20:23:44.879  5686  5686 E ActivityThread: 	at android.app.LoadedApk.getReceiverDispatcher(LoadedApk.java:719)
08-11 20:23:44.879  5686  5686 E ActivityThread: 	at android.app.ContextImpl.registerReceiverInternal(ContextImpl.java:1172)
08-11 20:23:44.879  5686  5686 E ActivityThread: 	at android.app.ContextImpl.registerReceiverAsUser(ContextImpl.java:1159)
08-11 20:23:44.879  5686  5686 E ActivityThread: 	at android.content.ContextWrapper.registerReceiverAsUser(ContextWrapper.java:570)
08-11 20:23:44.879  5686  5686 E ActivityThread: 	at android.widget.ViewFlipper.onAttachedToWindow(ViewFlipper.java:98)
08-11 20:23:44.879  5686  5686 E ActivityThread: 	at android.view.View.dispatchAttachedToWindow(View.java:14520)
08-11 20:23:44.879  5686  5686 E ActivityThread: 	at android.view.ViewGroup.dispatchAttachedToWindow(ViewGroup.java:2836)
08-11 20:23:44.879  5686  5686 E ActivityThread: 	at android.view.ViewGroup.dispatchAttachedToWindow(ViewGroup.java:2843)
08-11 20:23:44.879  5686  5686 E ActivityThread: 	at android.view.ViewGroup.dispatchAttachedToWindow(ViewGroup.java:2843)
08-11 20:23:44.879  5686  5686 E ActivityThread: 	at android.view.ViewGroup.dispatchAttachedToWindow(ViewGroup.java:2843)
08-11 20:23:44.879  5686  5686 E ActivityThread: 	at android.view.ViewGroup.dispatchAttachedToWindow(ViewGroup.java:2843)
08-11 20:23:44.879  5686  5686 E ActivityThread: 	at android.view.ViewGroup.dispatchAttachedToWindow(ViewGroup.java:2843)
08-11 20:23:44.879  5686  5686 E ActivityThread: 	at android.view.ViewGroup.dispatchAttachedToWindow(ViewGroup.java:2843)
08-11 20:23:44.879  5686  5686 E ActivityThread: 	at android.view.ViewGroup.dispatchAttachedToWindow(ViewGroup.java:2843)
08-11 20:23:44.879  5686  5686 E ActivityThread: 	at android.view.ViewGroup.dispatchAttachedToWindow(ViewGroup.java:2843)
08-11 20:23:44.879  5686  5686 E ActivityThread: 	at android.view.ViewGroup.dispatchAttachedToWindow(ViewGroup.java:2843)
08-11 20:23:44.879  5686  5686 E ActivityThread: 	at android.view.ViewGroup.dispatchAttachedToWindow(ViewGroup.java:2843)
08-11 20:23:44.879  5686  5686 E ActivityThread: 	at android.view.ViewRootImpl.performTraversals(ViewRootImpl.java:1364)
08-11 20:23:44.879  5686  5686 E ActivityThread: 	at android.view.ViewRootImpl.doTraversal(ViewRootImpl.java:1107)
08-11 20:23:44.879  5686  5686 E ActivityThread: 	at android.view.ViewRootImpl$TraversalRunnable.run(ViewRootImpl.java:6013)
08-11 20:23:44.879  5686  5686 E ActivityThread: 	at android.view.Choreographer$CallbackRecord.run(Choreographer.java:858)
08-11 20:23:44.879  5686  5686 E ActivityThread: 	at android.view.Choreographer.doCallbacks(Choreographer.java:670)
08-11 20:23:44.879  5686  5686 E ActivityThread: 	at android.view.Choreographer.doFrame(Choreographer.java:606)
08-11 20:23:44.879  5686  5686 E ActivityThread: 	at android.view.Choreographer$FrameDisplayEventReceiver.run(Choreographer.java:844)
08-11 20:23:44.879  5686  5686 E ActivityThread: 	at android.os.Handler.handleCallback(Handler.java:739)
08-11 20:23:44.879  5686  5686 E ActivityThread: 	at android.os.Handler.dispatchMessage(Handler.java:95)
08-11 20:23:44.879  5686  5686 E ActivityThread: 	at android.os.Looper.loop(Looper.java:148)
08-11 20:23:44.879  5686  5686 E ActivityThread: 	at android.app.ActivityThread.main(ActivityThread.java:5417)
08-11 20:23:44.879  5686  5686 E ActivityThread: 	at java.lang.reflect.Method.invoke(Native Method)
08-11 20:23:44.879  5686  5686 E ActivityThread: 	at com.android.internal.os.ZygoteInit$MethodAndArgsCaller.run(ZygoteInit.java:726)
08-11 20:23:44.879  5686  5686 E ActivityThread: 	at com.android.internal.os.ZygoteInit.main(ZygoteInit.java:616)
08-11 20:23:44.879  5686  5686 E ActivityThread: 	at de.robv.android.xposed.XposedBridge.main(XposedBridge.java:102)
08-11 20:23:44.905  5686  5686 W Bitmap  : Called reconfigure on a bitmap that is in use! This may cause graphical corruption!
08-11 20:23:44.960  5686  5686 W Bitmap  : Called reconfigure on a bitmap that is in use! This may cause graphical corruption!
08-11 20:23:44.976  6252  6252 W ps      : type=1400 audit(0.0:10843): avc: denied { getattr } for path="/proc/337" dev="proc" ino=545411 scontext=u:r:shell:s0 tcontext=u:r:logd:s0 tclass=dir permissive=0
08-11 20:23:44.976  6252  6252 W ps      : type=1400 audit(0.0:10844): avc: denied { read } for name="task" dev="proc" ino=545747 scontext=u:r:shell:s0 tcontext=u:r:logd:s0 tclass=dir permissive=0
08-11 20:23:45.829  1029  3432 D WifiService: acquireWifiLockLocked: WifiLock{NlpWifiLock type=2 binder=android.os.BinderProxy@4bedea6}
08-11 20:23:45.831  1029  3002 D wifi    : Initialized common fields 10000, 25, 100, 10
08-11 20:23:45.832  1029  3002 D wifi    : bucket[0] = 2:3:10000:2
08-11 20:23:46.059  3312  3312 D Geolocation: {"bearing":0,"timestamp":1502497426055,"speed":0,"time_created":1502497426059,"lat_lon":{"lon":-79.9454689,"lat":40.4432516},"accuracy":19.533,"provider":"fused"}
08-11 20:23:46.396  6282  6282 W ps      : type=1400 audit(0.0:10845): avc: denied { getattr } for path="/proc/337" dev="proc" ino=545411 scontext=u:r:shell:s0 tcontext=u:r:logd:s0 tclass=dir permissive=0
08-11 20:23:46.396  6282  6282 W ps      : type=1400 audit(0.0:10846): avc: denied { read } for name="task" dev="proc" ino=545747 scontext=u:r:shell:s0 tcontext=u:r:logd:s0 tclass=dir permissive=0
08-11 20:23:46.432  4819  4819 I ServiceManager: Waiting for service AtCmdFwd...
08-11 20:23:46.487  1029  3556 D WifiService: releaseWifiLockLocked: WifiLock{NlpWifiLock type=2 binder=android.os.BinderProxy@4bedea6}
08-11 20:23:46.675  6280  6280 D AndroidRuntime: >>>>>> START com.android.internal.os.RuntimeInit uid 2000 <<<<<<
08-11 20:23:46.680  6280  6280 D AndroidRuntime: CheckJNI is OFF
08-11 20:23:46.721  6280  6280 D ICU     : No timezone override file found: /data/misc/zoneinfo/current/icu/icu_tzdata.dat
08-11 20:23:46.765  6280  6280 I Radio-JNI: register_android_hardware_Radio DONE
08-11 20:23:46.794  6280  6280 D AndroidRuntime: Calling main entry com.android.commands.input.Input
08-11 20:23:46.796  6280  6280 I Input   : injectMotionEvent: MotionEvent { action=ACTION_DOWN, actionButton=0, id[0]=0, x[0]=846.0, y[0]=1238.0, toolType[0]=TOOL_TYPE_UNKNOWN, buttonState=0, metaState=0, flags=0x0, edgeFlags=0x0, pointerCount=1, historySize=0, eventTime=10527018, downTime=10527018, deviceId=0, source=0x1002 }
08-11 20:23:46.805  6280  6280 I Input   : injectMotionEvent: MotionEvent { action=ACTION_MOVE, actionButton=0, id[0]=0, x[0]=846.0, y[0]=1238.0, toolType[0]=TOOL_TYPE_UNKNOWN, buttonState=0, metaState=0, flags=0x0, edgeFlags=0x0, pointerCount=1, historySize=0, eventTime=10527018, downTime=10527018, deviceId=0, source=0x1002 }
08-11 20:23:46.823  6280  6280 I Input   : injectMotionEvent: MotionEvent { action=ACTION_MOVE, actionButton=0, id[0]=0, x[0]=846.0, y[0]=1238.0, toolType[0]=TOOL_TYPE_UNKNOWN, buttonState=0, metaState=0, flags=0x0, edgeFlags=0x0, pointerCount=1, historySize=0, eventTime=10527045, downTime=10527045, deviceId=0, source=0x1002 }
08-11 20:23:46.839  6280  6280 I Input   : injectMotionEvent: MotionEvent { action=ACTION_MOVE, actionButton=0, id[0]=0, x[0]=846.0, y[0]=1238.0, toolType[0]=TOOL_TYPE_UNKNOWN, buttonState=0, metaState=0, flags=0x0, edgeFlags=0x0, pointerCount=1, historySize=0, eventTime=10527062, downTime=10527062, deviceId=0, source=0x1002 }
08-11 20:23:46.855  6280  6280 I Input   : injectMotionEvent: MotionEvent { action=ACTION_MOVE, actionButton=0, id[0]=0, x[0]=846.0, y[0]=1238.0, toolType[0]=TOOL_TYPE_UNKNOWN, buttonState=0, metaState=0, flags=0x0, edgeFlags=0x0, pointerCount=1, historySize=0, eventTime=10527078, downTime=10527078, deviceId=0, source=0x1002 }
08-11 20:23:46.872  6280  6280 I Input   : injectMotionEvent: MotionEvent { action=ACTION_MOVE, actionButton=0, id[0]=0, x[0]=846.0, y[0]=1238.0, toolType[0]=TOOL_TYPE_UNKNOWN, buttonState=0, metaState=0, flags=0x0, edgeFlags=0x0, pointerCount=1, historySize=0, eventTime=10527095, downTime=10527095, deviceId=0, source=0x1002 }
08-11 20:23:46.889  6280  6280 I Input   : injectMotionEvent: MotionEvent { action=ACTION_MOVE, actionButton=0, id[0]=0, x[0]=846.0, y[0]=1238.0, toolType[0]=TOOL_TYPE_UNKNOWN, buttonState=0, metaState=0, flags=0x0, edgeFlags=0x0, pointerCount=1, historySize=0, eventTime=10527112, downTime=10527112, deviceId=0, source=0x1002 }
08-11 20:23:46.906  6280  6280 I Input   : injectMotionEvent: MotionEvent { action=ACTION_MOVE, actionButton=0, id[0]=0, x[0]=846.0, y[0]=1238.0, toolType[0]=TOOL_TYPE_UNKNOWN, buttonState=0, metaState=0, flags=0x0, edgeFlags=0x0, pointerCount=1, historySize=0, eventTime=10527128, downTime=10527128, deviceId=0, source=0x1002 }
08-11 20:23:46.923  6280  6280 I Input   : injectMotionEvent: MotionEvent { action=ACTION_MOVE, actionButton=0, id[0]=0, x[0]=846.0, y[0]=1238.0, toolType[0]=TOOL_TYPE_UNKNOWN, buttonState=0, metaState=0, flags=0x0, edgeFlags=0x0, pointerCount=1, historySize=0, eventTime=10527145, downTime=10527145, deviceId=0, source=0x1002 }
08-11 20:23:46.939  6280  6280 I Input   : injectMotionEvent: MotionEvent { action=ACTION_MOVE, actionButton=0, id[0]=0, x[0]=846.0, y[0]=1238.0, toolType[0]=TOOL_TYPE_UNKNOWN, buttonState=0, metaState=0, flags=0x0, edgeFlags=0x0, pointerCount=1, historySize=0, eventTime=10527162, downTime=10527162, deviceId=0, source=0x1002 }
08-11 20:23:46.956  6280  6280 I Input   : injectMotionEvent: MotionEvent { action=ACTION_MOVE, actionButton=0, id[0]=0, x[0]=846.0, y[0]=1238.0, toolType[0]=TOOL_TYPE_UNKNOWN, buttonState=0, metaState=0, flags=0x0, edgeFlags=0x0, pointerCount=1, historySize=0, eventTime=10527179, downTime=10527179, deviceId=0, source=0x1002 }
08-11 20:23:46.972  6280  6280 I Input   : injectMotionEvent: MotionEvent { action=ACTION_MOVE, actionButton=0, id[0]=0, x[0]=846.0, y[0]=1238.0, toolType[0]=TOOL_TYPE_UNKNOWN, buttonState=0, metaState=0, flags=0x0, edgeFlags=0x0, pointerCount=1, historySize=0, eventTime=10527195, downTime=10527195, deviceId=0, source=0x1002 }
08-11 20:23:46.989  6280  6280 I Input   : injectMotionEvent: MotionEvent { action=ACTION_MOVE, actionButton=0, id[0]=0, x[0]=846.0, y[0]=1238.0, toolType[0]=TOOL_TYPE_UNKNOWN, buttonState=0, metaState=0, flags=0x0, edgeFlags=0x0, pointerCount=1, historySize=0, eventTime=10527212, downTime=10527212, deviceId=0, source=0x1002 }
08-11 20:23:47.006  6280  6280 I Input   : injectMotionEvent: MotionEvent { action=ACTION_UP, actionButton=0, id[0]=0, x[0]=846.0, y[0]=1238.0, toolType[0]=TOOL_TYPE_UNKNOWN, buttonState=0, metaState=0, flags=0x0, edgeFlags=0x0, pointerCount=1, historySize=0, eventTime=10527228, downTime=10527228, deviceId=0, source=0x1002 }
08-11 20:23:47.012   605  2877 D audio_hw_primary: out_set_parameters: enter: usecase(1: low-latency-playback) kvpairs: routing=2
08-11 20:23:47.013  5686  5686 D LOCDEBUG: init accuracy:MEDIUM_KM recentness:MINUTE_5
08-11 20:23:47.028   605  2877 D audio_hw_primary: select_devices: out_snd_device(2: speaker) in_snd_device(0: none)
08-11 20:23:47.028   605  2877 D msm8974_platform: platform_send_audio_calibration: sending audio calibration for snd_device(2) acdb_id(15)
08-11 20:23:47.028   605  2877 I soundtrigger: audio_extn_sound_trigger_update_device_status: device 0x2 of type 0 for Event 1
08-11 20:23:47.034  1029  3432 I ActivityManager: START u0 {act=android.intent.action.SEARCH flg=0x24000000 cmp=com.yelp.android/.ui.activities.search.SearchBusinessesByList (has extras)} from uid 10500 on display 0
08-11 20:23:47.038   605  2877 D audio_hw_primary: enable_snd_device: snd_device(2: speaker)
08-11 20:23:47.040   605  2877 D audio_hw_primary: enable_audio_route: apply and update mixer path: low-latency-playback speaker
08-11 20:23:47.047  6280  6280 D AndroidRuntime: Shutting down VM
08-11 20:23:47.063  5686  5732 V Adjust  : Foreground timer suspended with 40.4 seconds left
08-11 20:23:47.063  5686  5732 V Adjust  : Subsession end
08-11 20:23:47.066  5686  5732 D Adjust  : Wrote Activity state: ec:2 sc:1 ssc:1 sl:20.3 ts:20.3 la:11:12:13 uuid:794e33a6-8856-48ac-97e9-18be023da95a
08-11 20:23:47.083  5686  5686 I AppCompatViewInflater: app:theme is now deprecated. Please move to using android:theme instead.
08-11 20:23:47.138  5686  5686 D LOCDEBUG: init accuracy:MEDIUM_KM recentness:MINUTE_5
08-11 20:23:47.376  1029  2910 I ActivityManager: Displayed com.yelp.android/.ui.activities.search.SearchBusinessesByList: +324ms
08-11 20:23:47.385  5686  5732 I Adjust  : Buffered event 'ik67xu'
08-11 20:23:47.385  5686  6301 D Adjust  : Added package 3 (event'ik67xu')
08-11 20:23:47.386  5686  5732 D Adjust  : Wrote Activity state: ec:3 sc:1 ssc:1 sl:20.4 ts:20.4 la:11:12:13 uuid:794e33a6-8856-48ac-97e9-18be023da95a
08-11 20:23:47.386  5686  6301 V Adjust  : Path:      /event
08-11 20:23:47.386  5686  6301 V Adjust  : ClientSdk: android4.10.2
08-11 20:23:47.386  5686  6301 V Adjust  : Parameters:
08-11 20:23:47.386  5686  6301 V Adjust  : 	android_uuid     794e33a6-8856-48ac-97e9-18be023da95a
08-11 20:23:47.386  5686  6301 V Adjust  : 	api_level        23
08-11 20:23:47.386  5686  6301 V Adjust  : 	app_token        puue7pqf3sf7
08-11 20:23:47.386  5686  6301 V Adjust  : 	app_version      9.17.0
08-11 20:23:47.386  5686  6301 V Adjust  : 	attribution_deeplink 1
08-11 20:23:47.386  5686  6301 V Adjust  : 	callback_params  {"y_device_id":"y_27d0f21a-de3d-4b7f-8317-0a855e8f1191"}
08-11 20:23:47.386  5686  6301 V Adjust  : 	country          US
08-11 20:23:47.386  5686  6301 V Adjust  : 	cpu_type         arm64-v8a
08-11 20:23:47.386  5686  6301 V Adjust  : 	created_at       2017-08-11T20:23:47.178Z-0400
08-11 20:23:47.386  5686  6301 V Adjust  : 	device_manufacturer Huawei
08-11 20:23:47.386  5686  6301 V Adjust  : 	device_name      Nexus 6P
08-11 20:23:47.386  5686  6301 V Adjust  : 	device_type      phone
08-11 20:23:47.386  5686  6301 V Adjust  : 	display_height   2392
08-11 20:23:47.386  5686  6301 V Adjust  : 	display_width    1440
08-11 20:23:47.386  5686  6301 V Adjust  : 	environment      production
08-11 20:23:47.386  5686  6301 V Adjust  : 	event_buffering_enabled 1
08-11 20:23:47.386  5686  6301 V Adjust  : 	event_count      3
08-11 20:23:47.386  5686  6301 V Adjust  : 	event_token      ik67xu
08-11 20:23:47.386  5686  6301 V Adjust  : 	fb_id            098075e8-ff5c-4364-9092-70dbbc376d54
08-11 20:23:47.386  5686  6301 V Adjust  : 	gps_adid         a9e6374d-5ffc-4dfd-af2f-ea5d1c640cdf
08-11 20:23:47.386  5686  6301 V Adjust  : 	hardware_name    MMB29N
08-11 20:23:47.386  5686  6301 V Adjust  : 	language         en
08-11 20:23:47.386  5686  6301 V Adjust  : 	needs_response_details 1
08-11 20:23:47.386  5686  6301 V Adjust  : 	os_name          android
08-11 20:23:47.386  5686  6301 V Adjust  : 	os_version       6.0
08-11 20:23:47.386  5686  6301 V Adjust  : 	package_name     com.yelp.android
08-11 20:23:47.386  5686  6301 V Adjust  : 	screen_density   high
08-11 20:23:47.386  5686  6301 V Adjust  : 	screen_format    normal
08-11 20:23:47.386  5686  6301 V Adjust  : 	screen_size      normal
08-11 20:23:47.386  5686  6301 V Adjust  : 	session_count    1
08-11 20:23:47.386  5686  6301 V Adjust  : 	session_length   20
08-11 20:23:47.386  5686  6301 V Adjust  : 	subsession_count 1
08-11 20:23:47.386  5686  6301 V Adjust  : 	time_spent       20
08-11 20:23:47.386  5686  6301 V Adjust  : 	tracking_enabled 1
08-11 20:23:47.386  5686  5732 V Adjust  : Foreground timer starting
08-11 20:23:47.386  5686  5732 V Adjust  : Subsession start
08-11 20:23:47.388  5686  5732 V Adjust  : Time span since last activity too short for a new subsession
08-11 20:23:47.395  5686  6301 D Adjust  : Wrote Package queue: [event'4q7lvc', event'dyael4', event'ik67xu']
08-11 20:23:47.396  5686  6301 D Adjust  : Package handler wrote 3 packages
08-11 20:23:47.411  5686  5686 W Bitmap  : Called reconfigure on a bitmap that is in use! This may cause graphical corruption!
08-11 20:23:47.433  4819  4819 I ServiceManager: Waiting for service AtCmdFwd...
08-11 20:23:47.440  5686  5775 D OpenGLRenderer: endAllStagingAnimators on 0x7f76cb4000 (RippleDrawable) with handle 0x7f76fa5c40
08-11 20:23:47.441  5686  5775 D OpenGLRenderer: endAllStagingAnimators on 0x7f7cfc2400 (GridView) with handle 0x7f76fa5c60
08-11 20:23:47.468  5686  5686 W Bitmap  : Called reconfigure on a bitmap that is in use! This may cause graphical corruption!
08-11 20:23:47.524  5686  5686 W Bitmap  : Called reconfigure on a bitmap that is in use! This may cause graphical corruption!
08-11 20:23:47.578  5686  5686 W Bitmap  : Called reconfigure on a bitmap that is in use! This may cause graphical corruption!
08-11 20:23:47.579   605  2877 D audio_hw_primary: disable_audio_route: reset and update mixer path: low-latency-playback speaker
08-11 20:23:47.580   605  2877 D audio_hw_primary: disable_snd_device: snd_device(2: speaker)
08-11 20:23:47.587   605  2877 I soundtrigger: audio_extn_sound_trigger_update_device_status: device 0x2 of type 0 for Event 0
08-11 20:23:47.633  5686  5686 W Bitmap  : Called reconfigure on a bitmap that is in use! This may cause graphical corruption!
08-11 20:23:47.687  5686  5686 W Bitmap  : Called reconfigure on a bitmap that is in use! This may cause graphical corruption!
08-11 20:23:47.742  5686  5686 W Bitmap  : Called reconfigure on a bitmap that is in use! This may cause graphical corruption!
08-11 20:23:47.795  5686  5686 W Bitmap  : Called reconfigure on a bitmap that is in use! This may cause graphical corruption!
08-11 20:23:47.806  6306  6306 W ps      : type=1400 audit(0.0:10847): avc: denied { getattr } for path="/proc/337" dev="proc" ino=545411 scontext=u:r:shell:s0 tcontext=u:r:logd:s0 tclass=dir permissive=0
08-11 20:23:47.806  6306  6306 W ps      : type=1400 audit(0.0:10848): avc: denied { read } for name="task" dev="proc" ino=545747 scontext=u:r:shell:s0 tcontext=u:r:logd:s0 tclass=dir permissive=0
08-11 20:23:47.850  5686  5686 W Bitmap  : Called reconfigure on a bitmap that is in use! This may cause graphical corruption!
08-11 20:23:47.903  5686  5686 W Bitmap  : Called reconfigure on a bitmap that is in use! This may cause graphical corruption!
08-11 20:23:47.959  5686  5686 W Bitmap  : Called reconfigure on a bitmap that is in use! This may cause graphical corruption!
08-11 20:23:48.014  5686  5686 W Bitmap  : Called reconfigure on a bitmap that is in use! This may cause graphical corruption!
08-11 20:23:48.069  5686  5686 W Bitmap  : Called reconfigure on a bitmap that is in use! This may cause graphical corruption!
08-11 20:23:48.125  5686  5686 W Bitmap  : Called reconfigure on a bitmap that is in use! This may cause graphical corruption!
08-11 20:23:48.179  5686  5686 W Bitmap  : Called reconfigure on a bitmap that is in use! This may cause graphical corruption!
08-11 20:23:48.234  5686  5686 W Bitmap  : Called reconfigure on a bitmap that is in use! This may cause graphical corruption!
08-11 20:23:48.289  5686  5686 W Bitmap  : Called reconfigure on a bitmap that is in use! This may cause graphical corruption!
08-11 20:23:48.344  5686  5686 W Bitmap  : Called reconfigure on a bitmap that is in use! This may cause graphical corruption!
08-11 20:23:48.399  5686  5686 W Bitmap  : Called reconfigure on a bitmap that is in use! This may cause graphical corruption!
08-11 20:23:48.434  4819  4819 I ServiceManager: Waiting for service AtCmdFwd...
08-11 20:23:48.453  5686  5686 W Bitmap  : Called reconfigure on a bitmap that is in use! This may cause graphical corruption!
08-11 20:23:48.508  5686  5686 W Bitmap  : Called reconfigure on a bitmap that is in use! This may cause graphical corruption!
08-11 20:23:48.563  5686  5686 W Bitmap  : Called reconfigure on a bitmap that is in use! This may cause graphical corruption!
08-11 20:23:48.617  5686  5686 W Bitmap  : Called reconfigure on a bitmap that is in use! This may cause graphical corruption!
08-11 20:23:48.672  5686  5686 W Bitmap  : Called reconfigure on a bitmap that is in use! This may cause graphical corruption!
08-11 20:23:48.727  5686  5686 W Bitmap  : Called reconfigure on a bitmap that is in use! This may cause graphical corruption!
08-11 20:23:48.782  5686  5686 W Bitmap  : Called reconfigure on a bitmap that is in use! This may cause graphical corruption!
08-11 20:23:48.838  5686  5686 W Bitmap  : Called reconfigure on a bitmap that is in use! This may cause graphical corruption!
08-11 20:23:48.893  5686  5686 W Bitmap  : Called reconfigure on a bitmap that is in use! This may cause graphical corruption!
08-11 20:23:48.949  5686  5686 W Bitmap  : Called reconfigure on a bitmap that is in use! This may cause graphical corruption!
08-11 20:23:49.004  5686  5686 W Bitmap  : Called reconfigure on a bitmap that is in use! This may cause graphical corruption!
08-11 20:23:49.059  5686  5686 W Bitmap  : Called reconfigure on a bitmap that is in use! This may cause graphical corruption!
08-11 20:23:49.114  5686  5686 W Bitmap  : Called reconfigure on a bitmap that is in use! This may cause graphical corruption!
08-11 20:23:49.171  5686  5686 W Bitmap  : Called reconfigure on a bitmap that is in use! This may cause graphical corruption!
08-11 20:23:49.226  5686  5686 W Bitmap  : Called reconfigure on a bitmap that is in use! This may cause graphical corruption!
08-11 20:23:49.236  6319  6319 W ps      : type=1400 audit(0.0:10849): avc: denied { getattr } for path="/proc/337" dev="proc" ino=545411 scontext=u:r:shell:s0 tcontext=u:r:logd:s0 tclass=dir permissive=0
08-11 20:23:49.236  6319  6319 W ps      : type=1400 audit(0.0:10850): avc: denied { read } for name="task" dev="proc" ino=545747 scontext=u:r:shell:s0 tcontext=u:r:logd:s0 tclass=dir permissive=0
08-11 20:23:49.282  5686  5686 W Bitmap  : Called reconfigure on a bitmap that is in use! This may cause graphical corruption!
08-11 20:23:49.338  5686  5686 W Bitmap  : Called reconfigure on a bitmap that is in use! This may cause graphical corruption!
08-11 20:23:49.351  5686  5686 D LOCDEBUG: init accuracy:MEDIUM_KM recentness:MINUTE_5
08-11 20:23:49.435  4819  4819 I ServiceManager: Waiting for service AtCmdFwd...
08-11 20:23:49.530  1029  3524 I sensors : batch
08-11 20:23:49.530  1029  3524 I sensors : activate
08-11 20:23:49.534  1029  2964 I hubconnection: sensorhub said: 'batch 8 flags:0, sampling_rate_Hz:15.00, max_report_latency_us:0'
08-11 20:23:49.535  1029  2964 I hubconnection: sensorhub said: 'activate 8 enable:1'
08-11 20:23:50.436  4819  4819 I ServiceManager: Waiting for service AtCmdFwd...
08-11 20:23:50.622  5686  5732 I Adjust  : Buffered event '1jqz5y'
08-11 20:23:50.625  5686  6340 D Adjust  : Added package 4 (event'1jqz5y')
08-11 20:23:50.626  5686  6340 V Adjust  : Path:      /event
08-11 20:23:50.626  5686  6340 V Adjust  : ClientSdk: android4.10.2
08-11 20:23:50.626  5686  6340 V Adjust  : Parameters:
08-11 20:23:50.626  5686  6340 V Adjust  : 	android_uuid     794e33a6-8856-48ac-97e9-18be023da95a
08-11 20:23:50.626  5686  6340 V Adjust  : 	api_level        23
08-11 20:23:50.626  5686  6340 V Adjust  : 	app_token        puue7pqf3sf7
08-11 20:23:50.626  5686  6340 V Adjust  : 	app_version      9.17.0
08-11 20:23:50.626  5686  6340 V Adjust  : 	attribution_deeplink 1
08-11 20:23:50.626  5686  6340 V Adjust  : 	callback_params  {"y_device_id":"y_27d0f21a-de3d-4b7f-8317-0a855e8f1191"}
08-11 20:23:50.626  5686  6340 V Adjust  : 	country          US
08-11 20:23:50.626  5686  6340 V Adjust  : 	cpu_type         arm64-v8a
08-11 20:23:50.626  5686  6340 V Adjust  : 	created_at       2017-08-11T20:23:49.349Z-0400
08-11 20:23:50.626  5686  6340 V Adjust  : 	device_manufacturer Huawei
08-11 20:23:50.626  5686  6340 V Adjust  : 	device_name      Nexus 6P
08-11 20:23:50.626  5686  6340 V Adjust  : 	device_type      phone
08-11 20:23:50.626  5686  6340 V Adjust  : 	display_height   2392
08-11 20:23:50.626  5686  6340 V Adjust  : 	display_width    1440
08-11 20:23:50.626  5686  6340 V Adjust  : 	environment      production
08-11 20:23:50.626  5686  6340 V Adjust  : 	event_buffering_enabled 1
08-11 20:23:50.626  5686  6340 V Adjust  : 	event_count      4
08-11 20:23:50.626  5686  6340 V Adjust  : 	event_token      1jqz5y
08-11 20:23:50.626  5686  6340 V Adjust  : 	fb_id            098075e8-ff5c-4364-9092-70dbbc376d54
08-11 20:23:50.626  5686  6340 V Adjust  : 	gps_adid         a9e6374d-5ffc-4dfd-af2f-ea5d1c640cdf
08-11 20:23:50.626  5686  6340 V Adjust  : 	hardware_name    MMB29N
08-11 20:23:50.626  5686  6340 V Adjust  : 	language         en
08-11 20:23:50.626  5686  6340 V Adjust  : 	needs_response_details 1
08-11 20:23:50.626  5686  6340 V Adjust  : 	os_name          android
08-11 20:23:50.626  5686  6340 V Adjust  : 	os_version       6.0
08-11 20:23:50.626  5686  6340 V Adjust  : 	package_name     com.yelp.android
08-11 20:23:50.626  5686  6340 V Adjust  : 	screen_density   high
08-11 20:23:50.626  5686  6340 V Adjust  : 	screen_format    normal
08-11 20:23:50.626  5686  6340 V Adjust  : 	screen_size      normal
08-11 20:23:50.626  5686  6340 V Adjust  : 	session_count    1
08-11 20:23:50.626  5686  6340 V Adjust  : 	session_length   23
08-11 20:23:50.626  5686  6340 V Adjust  : 	subsession_count 1
08-11 20:23:50.626  5686  6340 V Adjust  : 	time_spent       23
08-11 20:23:50.626  5686  6340 V Adjust  : 	tracking_enabled 1
08-11 20:23:50.626  5686  5732 D Adjust  : Wrote Activity state: ec:4 sc:1 ssc:1 sl:22.5 ts:22.5 la:11:12:13 uuid:794e33a6-8856-48ac-97e9-18be023da95a
08-11 20:23:50.629  5686  5686 I Choreographer: Skipped 48 frames!  The application may be doing too much work on its main thread.
08-11 20:23:50.635  5686  6340 D Adjust  : Wrote Package queue: [event'4q7lvc', event'dyael4', event'ik67xu', event'1jqz5y']
08-11 20:23:50.635  5686  6340 D Adjust  : Package handler wrote 4 packages
08-11 20:23:50.646  6338  6338 W ps      : type=1400 audit(0.0:10851): avc: denied { getattr } for path="/proc/337" dev="proc" ino=545411 scontext=u:r:shell:s0 tcontext=u:r:logd:s0 tclass=dir permissive=0
08-11 20:23:50.656  6338  6338 W ps      : type=1400 audit(0.0:10852): avc: denied { read } for name="task" dev="proc" ino=545747 scontext=u:r:shell:s0 tcontext=u:r:logd:s0 tclass=dir permissive=0
08-11 20:23:51.436  4819  4819 W Atfwd_Sendcmd: AtCmdFwd service not published, waiting... retryCnt : 1
08-11 20:23:51.707  3312  3312 D Geolocation: {"bearing":0,"timestamp":1502497431931,"speed":0,"time_created":1502497431707,"lat_lon":{"lon":-79.9454337,"lat":40.443238},"accuracy":1098,"provider":"fused"}
08-11 20:23:51.708  3312  8188 D DeviceState: {"wifi_bssid":"34:fc:b9:6f:10:f3","battery_level":60.000004,"is_connected":"true","time_created":1502497431667,"is_screen_on":"true"}
08-11 20:23:51.720  3238  4295 I Places  : Converted 0 out of 101 WiFi scans
08-11 20:23:52.056  6372  6372 W ps      : type=1400 audit(0.0:10853): avc: denied { getattr } for path="/proc/337" dev="proc" ino=545411 scontext=u:r:shell:s0 tcontext=u:r:logd:s0 tclass=dir permissive=0
08-11 20:23:52.056  6372  6372 W ps      : type=1400 audit(0.0:10854): avc: denied { read } for name="task" dev="proc" ino=545747 scontext=u:r:shell:s0 tcontext=u:r:logd:s0 tclass=dir permissive=0
08-11 20:23:52.206  3894  5020 W ErrorReporter: reportError [type: 29, code: 917507]: null
08-11 20:23:52.211  3238  3238 W GCM-DMM : broadcast intent callback: result=CANCELLED forIntent { act=com.google.android.c2dm.intent.RECEIVE pkg=com.google.android.googlequicksearchbox (has extras) }
08-11 20:23:52.528  6376  6376 D AndroidRuntime: >>>>>> START com.android.internal.os.RuntimeInit uid 2000 <<<<<<
08-11 20:23:52.535  6376  6376 D AndroidRuntime: CheckJNI is OFF
08-11 20:23:52.576  6376  6376 D ICU     : No timezone override file found: /data/misc/zoneinfo/current/icu/icu_tzdata.dat
08-11 20:23:52.623  6376  6376 I Radio-JNI: register_android_hardware_Radio DONE
08-11 20:23:52.652  6376  6376 D AndroidRuntime: Calling main entry com.android.commands.input.Input
08-11 20:23:52.656  6376  6376 I Input   : injectMotionEvent: MotionEvent { action=ACTION_DOWN, actionButton=0, id[0]=0, x[0]=1296.0, y[0]=2294.0, toolType[0]=TOOL_TYPE_UNKNOWN, buttonState=0, metaState=0, flags=0x0, edgeFlags=0x0, pointerCount=1, historySize=0, eventTime=10532877, downTime=10532877, deviceId=0, source=0x1002 }
08-11 20:23:52.664  6376  6376 I Input   : injectMotionEvent: MotionEvent { action=ACTION_MOVE, actionButton=0, id[0]=0, x[0]=1296.0, y[0]=2294.0, toolType[0]=TOOL_TYPE_UNKNOWN, buttonState=0, metaState=0, flags=0x0, edgeFlags=0x0, pointerCount=1, historySize=0, eventTime=10532877, downTime=10532877, deviceId=0, source=0x1002 }
08-11 20:23:52.679  6376  6376 I Input   : injectMotionEvent: MotionEvent { action=ACTION_MOVE, actionButton=0, id[0]=0, x[0]=1296.0, y[0]=2294.0, toolType[0]=TOOL_TYPE_UNKNOWN, buttonState=0, metaState=0, flags=0x0, edgeFlags=0x0, pointerCount=1, historySize=0, eventTime=10532902, downTime=10532902, deviceId=0, source=0x1002 }
08-11 20:23:52.696  6376  6376 I Input   : injectMotionEvent: MotionEvent { action=ACTION_MOVE, actionButton=0, id[0]=0, x[0]=1296.0, y[0]=2294.0, toolType[0]=TOOL_TYPE_UNKNOWN, buttonState=0, metaState=0, flags=0x0, edgeFlags=0x0, pointerCount=1, historySize=0, eventTime=10532919, downTime=10532919, deviceId=0, source=0x1002 }
08-11 20:23:52.713  6376  6376 I Input   : injectMotionEvent: MotionEvent { action=ACTION_MOVE, actionButton=0, id[0]=0, x[0]=1296.0, y[0]=2294.0, toolType[0]=TOOL_TYPE_UNKNOWN, buttonState=0, metaState=0, flags=0x0, edgeFlags=0x0, pointerCount=1, historySize=0, eventTime=10532935, downTime=10532935, deviceId=0, source=0x1002 }
08-11 20:23:52.729  6376  6376 I Input   : injectMotionEvent: MotionEvent { action=ACTION_MOVE, actionButton=0, id[0]=0, x[0]=1296.0, y[0]=2294.0, toolType[0]=TOOL_TYPE_UNKNOWN, buttonState=0, metaState=0, flags=0x0, edgeFlags=0x0, pointerCount=1, historySize=0, eventTime=10532952, downTime=10532952, deviceId=0, source=0x1002 }
08-11 20:23:52.746  6376  6376 I Input   : injectMotionEvent: MotionEvent { action=ACTION_MOVE, actionButton=0, id[0]=0, x[0]=1296.0, y[0]=2294.0, toolType[0]=TOOL_TYPE_UNKNOWN, buttonState=0, metaState=0, flags=0x0, edgeFlags=0x0, pointerCount=1, historySize=0, eventTime=10532969, downTime=10532969, deviceId=0, source=0x1002 }
08-11 20:23:52.763  6376  6376 I Input   : injectMotionEvent: MotionEvent { action=ACTION_MOVE, actionButton=0, id[0]=0, x[0]=1296.0, y[0]=2294.0, toolType[0]=TOOL_TYPE_UNKNOWN, buttonState=0, metaState=0, flags=0x0, edgeFlags=0x0, pointerCount=1, historySize=0, eventTime=10532986, downTime=10532986, deviceId=0, source=0x1002 }
08-11 20:23:52.780  6376  6376 I Input   : injectMotionEvent: MotionEvent { action=ACTION_MOVE, actionButton=0, id[0]=0, x[0]=1296.0, y[0]=2294.0, toolType[0]=TOOL_TYPE_UNKNOWN, buttonState=0, metaState=0, flags=0x0, edgeFlags=0x0, pointerCount=1, historySize=0, eventTime=10533003, downTime=10533003, deviceId=0, source=0x1002 }
08-11 20:23:52.797  6376  6376 I Input   : injectMotionEvent: MotionEvent { action=ACTION_MOVE, actionButton=0, id[0]=0, x[0]=1296.0, y[0]=2294.0, toolType[0]=TOOL_TYPE_UNKNOWN, buttonState=0, metaState=0, flags=0x0, edgeFlags=0x0, pointerCount=1, historySize=0, eventTime=10533019, downTime=10533019, deviceId=0, source=0x1002 }
08-11 20:23:52.813  6376  6376 I Input   : injectMotionEvent: MotionEvent { action=ACTION_MOVE, actionButton=0, id[0]=0, x[0]=1296.0, y[0]=2294.0, toolType[0]=TOOL_TYPE_UNKNOWN, buttonState=0, metaState=0, flags=0x0, edgeFlags=0x0, pointerCount=1, historySize=0, eventTime=10533036, downTime=10533036, deviceId=0, source=0x1002 }
08-11 20:23:52.829  6376  6376 I Input   : injectMotionEvent: MotionEvent { action=ACTION_MOVE, actionButton=0, id[0]=0, x[0]=1296.0, y[0]=2294.0, toolType[0]=TOOL_TYPE_UNKNOWN, buttonState=0, metaState=0, flags=0x0, edgeFlags=0x0, pointerCount=1, historySize=0, eventTime=10533052, downTime=10533052, deviceId=0, source=0x1002 }
08-11 20:23:52.846  6376  6376 I Input   : injectMotionEvent: MotionEvent { action=ACTION_MOVE, actionButton=0, id[0]=0, x[0]=1296.0, y[0]=2294.0, toolType[0]=TOOL_TYPE_UNKNOWN, buttonState=0, metaState=0, flags=0x0, edgeFlags=0x0, pointerCount=1, historySize=0, eventTime=10533069, downTime=10533069, deviceId=0, source=0x1002 }
08-11 20:23:52.863  6376  6376 I Input   : injectMotionEvent: MotionEvent { action=ACTION_UP, actionButton=0, id[0]=0, x[0]=1296.0, y[0]=2294.0, toolType[0]=TOOL_TYPE_UNKNOWN, buttonState=0, metaState=0, flags=0x0, edgeFlags=0x0, pointerCount=1, historySize=0, eventTime=10533085, downTime=10533085, deviceId=0, source=0x1002 }
08-11 20:23:52.864  6376  6376 D AndroidRuntime: Shutting down VM
08-11 20:23:52.869   605  2877 D audio_hw_primary: out_set_parameters: enter: usecase(1: low-latency-playback) kvpairs: routing=2
08-11 20:23:52.871  1029  3509 I ActivityManager: START u0 {flg=0x10000 cmp=com.yelp.android/.ui.activities.bookmarks.ActivityBookmarks (has extras)} from uid 10500 on display 0
08-11 20:23:52.882   605  2877 D audio_hw_primary: select_devices: out_snd_device(2: speaker) in_snd_device(0: none)
08-11 20:23:52.882   605  2877 D msm8974_platform: platform_send_audio_calibration: sending audio calibration for snd_device(2) acdb_id(15)
08-11 20:23:52.882   605  2877 I soundtrigger: audio_extn_sound_trigger_update_device_status: device 0x2 of type 0 for Event 1
08-11 20:23:52.884  1029  3061 I sensors : activate
08-11 20:23:52.886  5686  5732 V Adjust  : Foreground timer suspended with 34.8 seconds left
08-11 20:23:52.886  5686  5732 V Adjust  : Subsession end
08-11 20:23:52.888  1029  2964 I hubconnection: sensorhub said: 'activate 8 enable:0'
08-11 20:23:52.891  5686  5732 D Adjust  : Wrote Activity state: ec:4 sc:1 ssc:1 sl:26.1 ts:26.1 la:11:12:13 uuid:794e33a6-8856-48ac-97e9-18be023da95a
08-11 20:23:52.899   605  2877 D audio_hw_primary: enable_snd_device: snd_device(2: speaker)
08-11 20:23:52.901   605  2877 D audio_hw_primary: enable_audio_route: apply and update mixer path: low-latency-playback speaker
08-11 20:23:52.921  5686  5686 I AppCompatViewInflater: app:theme is now deprecated. Please move to using android:theme instead.
08-11 20:23:53.064  5686  5732 V Adjust  : Foreground timer starting
08-11 20:23:53.064  5686  5732 V Adjust  : Subsession start
08-11 20:23:53.065  5686  5732 V Adjust  : Time span since last activity too short for a new subsession
08-11 20:23:53.079  5686  5686 D LOCDEBUG: init accuracy:COARSE recentness:MINUTE_15
08-11 20:23:53.319  1029  2910 I ActivityManager: Displayed com.yelp.android/.ui.activities.bookmarks.ActivityBookmarks: +432ms
08-11 20:23:53.439   605  2877 D audio_hw_primary: disable_audio_route: reset and update mixer path: low-latency-playback speaker
08-11 20:23:53.439  5686  5686 W Bitmap  : Called reconfigure on a bitmap that is in use! This may cause graphical corruption!
08-11 20:23:53.441   605  2877 D audio_hw_primary: disable_snd_device: snd_device(2: speaker)
08-11 20:23:53.448   605  2877 I soundtrigger: audio_extn_sound_trigger_update_device_status: device 0x2 of type 0 for Event 0
