08-11 20:24:09.043  1029  2910 I ActivityManager: Displayed com.yelp.android/.ui.activities.bookmarks.ActivityBookmarks: +334ms
08-11 20:24:09.048  5686  5686 W Bitmap  : Called reconfigure on a bitmap that is in use! This may cause graphical corruption!
08-11 20:24:09.054  5686  5686 W Bitmap  : Called reconfigure on a bitmap that is in use! This may cause graphical corruption!
08-11 20:24:09.259   605  2877 D audio_hw_primary: disable_audio_route: reset and update mixer path: low-latency-playback speaker
08-11 20:24:09.260   605  2877 D audio_hw_primary: disable_snd_device: snd_device(2: speaker)
08-11 20:24:09.268   605  2877 I soundtrigger: audio_extn_sound_trigger_update_device_status: device 0x2 of type 0 for Event 0
08-11 20:24:10.076  6638  6638 W ps      : type=1400 audit(0.0:10879): avc: denied { getattr } for path="/proc/337" dev="proc" ino=545411 scontext=u:r:shell:s0 tcontext=u:r:logd:s0 tclass=dir permissive=0
08-11 20:24:10.076  6638  6638 W ps      : type=1400 audit(0.0:10880): avc: denied { read } for name="task" dev="proc" ino=545747 scontext=u:r:shell:s0 tcontext=u:r:logd:s0 tclass=dir permissive=0
08-11 20:24:11.440  4819  4819 I ServiceManager: Waiting for service AtCmdFwd...
08-11 20:24:11.486  6651  6651 W ps      : type=1400 audit(0.0:10881): avc: denied { getattr } for path="/proc/337" dev="proc" ino=545411 scontext=u:r:shell:s0 tcontext=u:r:logd:s0 tclass=dir permissive=0
08-11 20:24:11.486  6651  6651 W ps      : type=1400 audit(0.0:10882): avc: denied { read } for name="task" dev="proc" ino=545747 scontext=u:r:shell:s0 tcontext=u:r:logd:s0 tclass=dir permissive=0
08-11 20:24:11.805  5686  5808 E LocationClientHelper: Received a location in client after calling removeLocationUpdates.
08-11 20:24:11.809  1029  3556 D WifiService: acquireWifiLockLocked: WifiLock{NlpWifiLock type=2 binder=android.os.BinderProxy@c213329}
08-11 20:24:11.811  1029  3002 D wifi    : Initialized common fields 10000, 25, 100, 10
08-11 20:24:11.812  1029  3002 D wifi    : bucket[0] = 2:3:10000:2
08-11 20:24:12.441  4819  4819 I ServiceManager: Waiting for service AtCmdFwd...
08-11 20:24:12.790  3312  8188 D DeviceState: {"wifi_bssid":"34:fc:b9:6f:10:f3","battery_level":60.000004,"is_connected":"true","time_created":1502497452335,"is_screen_on":"true"}
08-11 20:24:12.802  1029  2902 D WifiService: releaseWifiLockLocked: WifiLock{NlpWifiLock type=2 binder=android.os.BinderProxy@c213329}
08-11 20:24:12.812  3312  3312 D Geolocation: {"bearing":0,"timestamp":1502497452426,"speed":0,"time_created":1502497452812,"lat_lon":{"lon":-79.9454361,"lat":40.4432389},"accuracy":19.652,"provider":"fused"}
08-11 20:24:12.829  3238  5033 I GCoreUlr: Successfully inserted 1 locations
08-11 20:24:12.896  6669  6669 W ps      : type=1400 audit(0.0:10883): avc: denied { getattr } for path="/proc/337" dev="proc" ino=545411 scontext=u:r:shell:s0 tcontext=u:r:logd:s0 tclass=dir permissive=0
08-11 20:24:12.896  6669  6669 W ps      : type=1400 audit(0.0:10884): avc: denied { read } for name="task" dev="proc" ino=545747 scontext=u:r:shell:s0 tcontext=u:r:logd:s0 tclass=dir permissive=0
08-11 20:24:13.443  4819  4819 I ServiceManager: Waiting for service AtCmdFwd...
08-11 20:24:13.615  6685  6685 D AndroidRuntime: >>>>>> START com.android.internal.os.RuntimeInit uid 2000 <<<<<<
08-11 20:24:13.622  6685  6685 D AndroidRuntime: CheckJNI is OFF
08-11 20:24:13.664  6685  6685 D ICU     : No timezone override file found: /data/misc/zoneinfo/current/icu/icu_tzdata.dat
08-11 20:24:13.712  6685  6685 I Radio-JNI: register_android_hardware_Radio DONE
08-11 20:24:13.740  6685  6685 D AndroidRuntime: Calling main entry com.android.commands.input.Input
08-11 20:24:13.742  6685  6685 I Input   : injectMotionEvent: MotionEvent { action=ACTION_DOWN, actionButton=0, id[0]=0, x[0]=720.0, y[0]=2294.0, toolType[0]=TOOL_TYPE_UNKNOWN, buttonState=0, metaState=0, flags=0x0, edgeFlags=0x0, pointerCount=1, historySize=0, eventTime=10553964, downTime=10553964, deviceId=0, source=0x1002 }
08-11 20:24:13.748  6685  6685 I Input   : injectMotionEvent: MotionEvent { action=ACTION_MOVE, actionButton=0, id[0]=0, x[0]=720.0, y[0]=2294.0, toolType[0]=TOOL_TYPE_UNKNOWN, buttonState=0, metaState=0, flags=0x0, edgeFlags=0x0, pointerCount=1, historySize=0, eventTime=10553964, downTime=10553964, deviceId=0, source=0x1002 }
08-11 20:24:13.764  6685  6685 I Input   : injectMotionEvent: MotionEvent { action=ACTION_MOVE, actionButton=0, id[0]=0, x[0]=720.0, y[0]=2294.0, toolType[0]=TOOL_TYPE_UNKNOWN, buttonState=0, metaState=0, flags=0x0, edgeFlags=0x0, pointerCount=1, historySize=0, eventTime=10553986, downTime=10553986, deviceId=0, source=0x1002 }
08-11 20:24:13.780  6685  6685 I Input   : injectMotionEvent: MotionEvent { action=ACTION_MOVE, actionButton=0, id[0]=0, x[0]=720.0, y[0]=2294.0, toolType[0]=TOOL_TYPE_UNKNOWN, buttonState=0, metaState=0, flags=0x0, edgeFlags=0x0, pointerCount=1, historySize=0, eventTime=10554003, downTime=10554003, deviceId=0, source=0x1002 }
08-11 20:24:13.797  6685  6685 I Input   : injectMotionEvent: MotionEvent { action=ACTION_MOVE, actionButton=0, id[0]=0, x[0]=720.0, y[0]=2294.0, toolType[0]=TOOL_TYPE_UNKNOWN, buttonState=0, metaState=0, flags=0x0, edgeFlags=0x0, pointerCount=1, historySize=0, eventTime=10554020, downTime=10554020, deviceId=0, source=0x1002 }
08-11 20:24:13.814  6685  6685 I Input   : injectMotionEvent: MotionEvent { action=ACTION_MOVE, actionButton=0, id[0]=0, x[0]=720.0, y[0]=2294.0, toolType[0]=TOOL_TYPE_UNKNOWN, buttonState=0, metaState=0, flags=0x0, edgeFlags=0x0, pointerCount=1, historySize=0, eventTime=10554037, downTime=10554037, deviceId=0, source=0x1002 }
08-11 20:24:13.831  6685  6685 I Input   : injectMotionEvent: MotionEvent { action=ACTION_MOVE, actionButton=0, id[0]=0, x[0]=720.0, y[0]=2294.0, toolType[0]=TOOL_TYPE_UNKNOWN, buttonState=0, metaState=0, flags=0x0, edgeFlags=0x0, pointerCount=1, historySize=0, eventTime=10554053, downTime=10554053, deviceId=0, source=0x1002 }
08-11 20:24:13.849  6685  6685 I Input   : injectMotionEvent: MotionEvent { action=ACTION_MOVE, actionButton=0, id[0]=0, x[0]=720.0, y[0]=2294.0, toolType[0]=TOOL_TYPE_UNKNOWN, buttonState=0, metaState=0, flags=0x0, edgeFlags=0x0, pointerCount=1, historySize=0, eventTime=10554072, downTime=10554072, deviceId=0, source=0x1002 }
08-11 20:24:13.864  6685  6685 I Input   : injectMotionEvent: MotionEvent { action=ACTION_MOVE, actionButton=0, id[0]=0, x[0]=720.0, y[0]=2294.0, toolType[0]=TOOL_TYPE_UNKNOWN, buttonState=0, metaState=0, flags=0x0, edgeFlags=0x0, pointerCount=1, historySize=0, eventTime=10554087, downTime=10554087, deviceId=0, source=0x1002 }
08-11 20:24:13.881  6685  6685 I Input   : injectMotionEvent: MotionEvent { action=ACTION_MOVE, actionButton=0, id[0]=0, x[0]=720.0, y[0]=2294.0, toolType[0]=TOOL_TYPE_UNKNOWN, buttonState=0, metaState=0, flags=0x0, edgeFlags=0x0, pointerCount=1, historySize=0, eventTime=10554104, downTime=10554104, deviceId=0, source=0x1002 }
08-11 20:24:13.898  6685  6685 I Input   : injectMotionEvent: MotionEvent { action=ACTION_MOVE, actionButton=0, id[0]=0, x[0]=720.0, y[0]=2294.0, toolType[0]=TOOL_TYPE_UNKNOWN, buttonState=0, metaState=0, flags=0x0, edgeFlags=0x0, pointerCount=1, historySize=0, eventTime=10554120, downTime=10554120, deviceId=0, source=0x1002 }
08-11 20:24:13.914  6685  6685 I Input   : injectMotionEvent: MotionEvent { action=ACTION_MOVE, actionButton=0, id[0]=0, x[0]=720.0, y[0]=2294.0, toolType[0]=TOOL_TYPE_UNKNOWN, buttonState=0, metaState=0, flags=0x0, edgeFlags=0x0, pointerCount=1, historySize=0, eventTime=10554137, downTime=10554137, deviceId=0, source=0x1002 }
08-11 20:24:13.931  6685  6685 I Input   : injectMotionEvent: MotionEvent { action=ACTION_MOVE, actionButton=0, id[0]=0, x[0]=720.0, y[0]=2294.0, toolType[0]=TOOL_TYPE_UNKNOWN, buttonState=0, metaState=0, flags=0x0, edgeFlags=0x0, pointerCount=1, historySize=0, eventTime=10554153, downTime=10554153, deviceId=0, source=0x1002 }
08-11 20:24:13.948  6685  6685 I Input   : injectMotionEvent: MotionEvent { action=ACTION_UP, actionButton=0, id[0]=0, x[0]=720.0, y[0]=2294.0, toolType[0]=TOOL_TYPE_UNKNOWN, buttonState=0, metaState=0, flags=0x0, edgeFlags=0x0, pointerCount=1, historySize=0, eventTime=10554171, downTime=10554171, deviceId=0, source=0x1002 }
08-11 20:24:13.951  6685  6685 D AndroidRuntime: Shutting down VM
08-11 20:24:13.952   605  2877 D audio_hw_primary: out_set_parameters: enter: usecase(1: low-latency-playback) kvpairs: routing=2
08-11 20:24:13.955  1029  3535 I ActivityManager: START u0 {flg=0x10000 cmp=com.yelp.android/.ui.activities.profile.ActivityUserProfile (has extras)} from uid 10500 on display 0
08-11 20:24:13.966   605  2877 D audio_hw_primary: select_devices: out_snd_device(2: speaker) in_snd_device(0: none)
08-11 20:24:13.966   605  2877 D msm8974_platform: platform_send_audio_calibration: sending audio calibration for snd_device(2) acdb_id(15)
08-11 20:24:13.966   605  2877 I soundtrigger: audio_extn_sound_trigger_update_device_status: device 0x2 of type 0 for Event 1
08-11 20:24:13.973  5686  5732 V Adjust  : Foreground timer suspended with 14.3 seconds left
08-11 20:24:13.974  5686  5732 V Adjust  : Subsession end
08-11 20:24:13.975  5686  5732 D Adjust  : Wrote Activity state: ec:4 sc:1 ssc:1 sl:47.2 ts:47.2 la:11:12:13 uuid:794e33a6-8856-48ac-97e9-18be023da95a
08-11 20:24:13.980   605  2877 D audio_hw_primary: enable_snd_device: snd_device(2: speaker)
08-11 20:24:13.982   605  2877 D audio_hw_primary: enable_audio_route: apply and update mixer path: low-latency-playback speaker
08-11 20:24:14.011  5686  5686 I AppCompatViewInflater: app:theme is now deprecated. Please move to using android:theme instead.
08-11 20:24:14.157  5686  5686 D LOCDEBUG: init accuracy:MEDIUM_KM recentness:MINUTE_15
08-11 20:24:14.161  5686  5732 V Adjust  : Foreground timer starting
08-11 20:24:14.161  5686  5732 V Adjust  : Subsession start
08-11 20:24:14.162  5686  5732 V Adjust  : Time span since last activity too short for a new subsession
08-11 20:24:14.168  5686  5686 D LOCDEBUG: init accuracy:MEDIUM_KM recentness:MINUTE_15
08-11 20:24:14.286  6702  6702 W ps      : type=1400 audit(0.0:10885): avc: denied { getattr } for path="/proc/337" dev="proc" ino=545411 scontext=u:r:shell:s0 tcontext=u:r:logd:s0 tclass=dir permissive=0
08-11 20:24:14.286  6702  6702 W ps      : type=1400 audit(0.0:10886): avc: denied { read } for name="task" dev="proc" ino=545747 scontext=u:r:shell:s0 tcontext=u:r:logd:s0 tclass=dir permissive=0
08-11 20:24:14.304  1029  2910 I ActivityManager: Displayed com.yelp.android/.ui.activities.profile.ActivityUserProfile: +331ms
08-11 20:24:14.352  5686  5686 W Bitmap  : Called reconfigure on a bitmap that is in use! This may cause graphical corruption!
08-11 20:24:14.420  5686  5686 W Bitmap  : Called reconfigure on a bitmap that is in use! This may cause graphical corruption!
08-11 20:24:14.443  4819  4819 I ServiceManager: Waiting for service AtCmdFwd...
08-11 20:24:14.487  5686  5686 W Bitmap  : Called reconfigure on a bitmap that is in use! This may cause graphical corruption!
08-11 20:24:14.519   605  2877 D audio_hw_primary: disable_audio_route: reset and update mixer path: low-latency-playback speaker
08-11 20:24:14.521   605  2877 D audio_hw_primary: disable_snd_device: snd_device(2: speaker)
08-11 20:24:14.529   605  2877 I soundtrigger: audio_extn_sound_trigger_update_device_status: device 0x2 of type 0 for Event 0
08-11 20:24:15.444  4819  4819 I ServiceManager: Waiting for service AtCmdFwd...
08-11 20:24:15.706  6723  6723 W ps      : type=1400 audit(0.0:10887): avc: denied { getattr } for path="/proc/337" dev="proc" ino=545411 scontext=u:r:shell:s0 tcontext=u:r:logd:s0 tclass=dir permissive=0
08-11 20:24:15.706  6723  6723 W ps      : type=1400 audit(0.0:10888): avc: denied { read } for name="task" dev="proc" ino=545747 scontext=u:r:shell:s0 tcontext=u:r:logd:s0 tclass=dir permissive=0
08-11 20:24:16.444  4819  4819 W Atfwd_Sendcmd: AtCmdFwd service not published, waiting... retryCnt : 3
08-11 20:24:17.106  6736  6736 W ps      : type=1400 audit(0.0:10889): avc: denied { getattr } for path="/proc/337" dev="proc" ino=545411 scontext=u:r:shell:s0 tcontext=u:r:logd:s0 tclass=dir permissive=0
08-11 20:24:17.116  6736  6736 W ps      : type=1400 audit(0.0:10890): avc: denied { read } for name="task" dev="proc" ino=545747 scontext=u:r:shell:s0 tcontext=u:r:logd:s0 tclass=dir permissive=0
08-11 20:24:17.137  1029  2905 I ActivityManager: Start proc 6738:com.google.android.apps.maps/u0a58 for broadcast com.google.android.apps.maps/com.google.android.apps.gmm.notification.receiver.CancelNotificationBroadcastReceiver
08-11 20:24:17.414  6738  6738 I LoadedApk: No resource references to update in package FFFFFFFFFFFFFFFFFFFFFF
08-11 20:24:18.526  6776  6776 W ps      : type=1400 audit(0.0:10891): avc: denied { getattr } for path="/proc/337" dev="proc" ino=545411 scontext=u:r:shell:s0 tcontext=u:r:logd:s0 tclass=dir permissive=0
08-11 20:24:18.526  6776  6776 W ps      : type=1400 audit(0.0:10892): avc: denied { read } for name="task" dev="proc" ino=545747 scontext=u:r:shell:s0 tcontext=u:r:logd:s0 tclass=dir permissive=0
08-11 20:24:18.957  6778  6778 D AndroidRuntime: >>>>>> START com.android.internal.os.RuntimeInit uid 2000 <<<<<<
08-11 20:24:18.963  6778  6778 D AndroidRuntime: CheckJNI is OFF
08-11 20:24:19.000  6778  6778 D ICU     : No timezone override file found: /data/misc/zoneinfo/current/icu/icu_tzdata.dat
08-11 20:24:19.041  6778  6778 I Radio-JNI: register_android_hardware_Radio DONE
08-11 20:24:19.068  6778  6778 D AndroidRuntime: Calling main entry com.android.commands.input.Input
08-11 20:24:19.070  6778  6778 I Input   : injectMotionEvent: MotionEvent { action=ACTION_DOWN, actionButton=0, id[0]=0, x[0]=1296.0, y[0]=2294.0, toolType[0]=TOOL_TYPE_UNKNOWN, buttonState=0, metaState=0, flags=0x0, edgeFlags=0x0, pointerCount=1, historySize=0, eventTime=10559292, downTime=10559292, deviceId=0, source=0x1002 }
08-11 20:24:19.074  6778  6778 I Input   : injectMotionEvent: MotionEvent { action=ACTION_MOVE, actionButton=0, id[0]=0, x[0]=1296.0, y[0]=2294.0, toolType[0]=TOOL_TYPE_UNKNOWN, buttonState=0, metaState=0, flags=0x0, edgeFlags=0x0, pointerCount=1, historySize=0, eventTime=10559292, downTime=10559292, deviceId=0, source=0x1002 }
08-11 20:24:19.084  6778  6778 I Input   : injectMotionEvent: MotionEvent { action=ACTION_MOVE, actionButton=0, id[0]=0, x[0]=1296.0, y[0]=2294.0, toolType[0]=TOOL_TYPE_UNKNOWN, buttonState=0, metaState=0, flags=0x0, edgeFlags=0x0, pointerCount=1, historySize=0, eventTime=10559307, downTime=10559307, deviceId=0, source=0x1002 }
08-11 20:24:19.101  6778  6778 I Input   : injectMotionEvent: MotionEvent { action=ACTION_MOVE, actionButton=0, id[0]=0, x[0]=1296.0, y[0]=2294.0, toolType[0]=TOOL_TYPE_UNKNOWN, buttonState=0, metaState=0, flags=0x0, edgeFlags=0x0, pointerCount=1, historySize=0, eventTime=10559324, downTime=10559324, deviceId=0, source=0x1002 }
08-11 20:24:19.112  3312  3324 D Notification: {"extra":"Bundle[{android.title=Light traffic in your area, android.subText=null, android.template=android.app.Notification$BigTextStyle, android.showChronometer=false, android.icon=Icon(typ=RESOURCE pkg=com.google.android.apps.maps id=0x7f0205b4), android.text=Delays up to 5 min, android.progress=0, android.progressMax=0, android.rebuild.hudView=true, android.showWhen=true, android.rebuild.applicationInfo=ApplicationInfo{4a8a035 com.google.android.apps.maps}, android.rebuild.contentView=true, android.infoText=null, android.originatingUserId=0, android.progressIndeterminate=false, android.title.big=Light traffic in your area, android.rebuild.bigView=true}]","category":null,"title":"Light traffic in your area","time_created":1502497459111,"action":"removed","text":"Delays up to 5 min","post_time":1502495050766,"sub_text":"null","package_name":"com.google.android.apps.maps"}
08-11 20:24:19.118  6778  6778 I Input   : injectMotionEvent: MotionEvent { action=ACTION_MOVE, actionButton=0, id[0]=0, x[0]=1296.0, y[0]=2294.0, toolType[0]=TOOL_TYPE_UNKNOWN, buttonState=0, metaState=0, flags=0x0, edgeFlags=0x0, pointerCount=1, historySize=0, eventTime=10559341, downTime=10559341, deviceId=0, source=0x1002 }
08-11 20:24:19.128  1029  3511 D WifiService: acquireWifiLockLocked: WifiLock{NlpWifiLock type=2 binder=android.os.BinderProxy@c213329}
08-11 20:24:19.129  1029  3002 D wifi    : Initialized common fields 10000, 25, 100, 10
08-11 20:24:19.129  1029  3002 D wifi    : bucket[0] = 2:3:10000:2
08-11 20:24:19.135  6778  6778 I Input   : injectMotionEvent: MotionEvent { action=ACTION_MOVE, actionButton=0, id[0]=0, x[0]=1296.0, y[0]=2294.0, toolType[0]=TOOL_TYPE_UNKNOWN, buttonState=0, metaState=0, flags=0x0, edgeFlags=0x0, pointerCount=1, historySize=0, eventTime=10559358, downTime=10559358, deviceId=0, source=0x1002 }
08-11 20:24:19.152  6778  6778 I Input   : injectMotionEvent: MotionEvent { action=ACTION_MOVE, actionButton=0, id[0]=0, x[0]=1296.0, y[0]=2294.0, toolType[0]=TOOL_TYPE_UNKNOWN, buttonState=0, metaState=0, flags=0x0, edgeFlags=0x0, pointerCount=1, historySize=0, eventTime=10559374, downTime=10559374, deviceId=0, source=0x1002 }
08-11 20:24:19.169  6778  6778 I Input   : injectMotionEvent: MotionEvent { action=ACTION_MOVE, actionButton=0, id[0]=0, x[0]=1296.0, y[0]=2294.0, toolType[0]=TOOL_TYPE_UNKNOWN, buttonState=0, metaState=0, flags=0x0, edgeFlags=0x0, pointerCount=1, historySize=0, eventTime=10559391, downTime=10559391, deviceId=0, source=0x1002 }
08-11 20:24:19.185  6778  6778 I Input   : injectMotionEvent: MotionEvent { action=ACTION_MOVE, actionButton=0, id[0]=0, x[0]=1296.0, y[0]=2294.0, toolType[0]=TOOL_TYPE_UNKNOWN, buttonState=0, metaState=0, flags=0x0, edgeFlags=0x0, pointerCount=1, historySize=0, eventTime=10559408, downTime=10559408, deviceId=0, source=0x1002 }
08-11 20:24:19.202  6778  6778 I Input   : injectMotionEvent: MotionEvent { action=ACTION_MOVE, actionButton=0, id[0]=0, x[0]=1296.0, y[0]=2294.0, toolType[0]=TOOL_TYPE_UNKNOWN, buttonState=0, metaState=0, flags=0x0, edgeFlags=0x0, pointerCount=1, historySize=0, eventTime=10559424, downTime=10559424, deviceId=0, source=0x1002 }
08-11 20:24:19.218  6778  6778 I Input   : injectMotionEvent: MotionEvent { action=ACTION_MOVE, actionButton=0, id[0]=0, x[0]=1296.0, y[0]=2294.0, toolType[0]=TOOL_TYPE_UNKNOWN, buttonState=0, metaState=0, flags=0x0, edgeFlags=0x0, pointerCount=1, historySize=0, eventTime=10559441, downTime=10559441, deviceId=0, source=0x1002 }
08-11 20:24:19.235  6778  6778 I Input   : injectMotionEvent: MotionEvent { action=ACTION_MOVE, actionButton=0, id[0]=0, x[0]=1296.0, y[0]=2294.0, toolType[0]=TOOL_TYPE_UNKNOWN, buttonState=0, metaState=0, flags=0x0, edgeFlags=0x0, pointerCount=1, historySize=0, eventTime=10559458, downTime=10559458, deviceId=0, source=0x1002 }
08-11 20:24:19.252  6778  6778 I Input   : injectMotionEvent: MotionEvent { action=ACTION_MOVE, actionButton=0, id[0]=0, x[0]=1296.0, y[0]=2294.0, toolType[0]=TOOL_TYPE_UNKNOWN, buttonState=0, metaState=0, flags=0x0, edgeFlags=0x0, pointerCount=1, historySize=0, eventTime=10559475, downTime=10559475, deviceId=0, source=0x1002 }
08-11 20:24:19.259  3238  3250 I Auth    : [ReflectiveChannelBinder] Successfully bound channel!
08-11 20:24:19.269  6778  6778 I Input   : injectMotionEvent: MotionEvent { action=ACTION_MOVE, actionButton=0, id[0]=0, x[0]=1296.0, y[0]=2294.0, toolType[0]=TOOL_TYPE_UNKNOWN, buttonState=0, metaState=0, flags=0x0, edgeFlags=0x0, pointerCount=1, historySize=0, eventTime=10559491, downTime=10559491, deviceId=0, source=0x1002 }
08-11 20:24:19.285  6778  6778 I Input   : injectMotionEvent: MotionEvent { action=ACTION_UP, actionButton=0, id[0]=0, x[0]=1296.0, y[0]=2294.0, toolType[0]=TOOL_TYPE_UNKNOWN, buttonState=0, metaState=0, flags=0x0, edgeFlags=0x0, pointerCount=1, historySize=0, eventTime=10559508, downTime=10559508, deviceId=0, source=0x1002 }
08-11 20:24:19.287  6778  6778 D AndroidRuntime: Shutting down VM
08-11 20:24:19.290  1029  2903 I ActivityManager: START u0 {flg=0x10000 cmp=com.yelp.android/.ui.activities.bookmarks.ActivityBookmarks (has extras)} from uid 10500 on display 0
08-11 20:24:19.290   605  2877 D audio_hw_primary: out_set_parameters: enter: usecase(1: low-latency-playback) kvpairs: routing=2
08-11 20:24:19.303   605  2877 D audio_hw_primary: select_devices: out_snd_device(2: speaker) in_snd_device(0: none)
08-11 20:24:19.303   605  2877 D msm8974_platform: platform_send_audio_calibration: sending audio calibration for snd_device(2) acdb_id(15)
08-11 20:24:19.303   605  2877 I soundtrigger: audio_extn_sound_trigger_update_device_status: device 0x2 of type 0 for Event 1
08-11 20:24:19.310  5686  5732 V Adjust  : Foreground timer suspended with 9.2 seconds left
08-11 20:24:19.310  5686  5732 V Adjust  : Subsession end
08-11 20:24:19.312  5686  5732 D Adjust  : Wrote Activity state: ec:4 sc:1 ssc:1 sl:52.5 ts:52.5 la:11:12:13 uuid:794e33a6-8856-48ac-97e9-18be023da95a
08-11 20:24:19.320   605  2877 D audio_hw_primary: enable_snd_device: snd_device(2: speaker)
08-11 20:24:19.322   605  2877 D audio_hw_primary: enable_audio_route: apply and update mixer path: low-latency-playback speaker
08-11 20:24:19.351  1029  3143 I ActivityManager: Start proc 6822:com.google.android.instantapps.supervisor/u0a181 for service com.google.android.instantapps.supervisor/.hygiene.HygieneTaskService
08-11 20:24:19.352  5686  5686 I AppCompatViewInflater: app:theme is now deprecated. Please move to using android:theme instead.
08-11 20:24:19.392  3667  6823 I GamesSyncAdapter PII_LOG: Starting sync for chimps2017@gmail.com
08-11 20:24:19.392  3667  6823 I GamesSyncAdapter: Starting sync for 2b9504e1
08-11 20:24:19.426  6738  6786 W linker  : /data/app/com.google.android.gms-2/lib/arm64/libconscrypt_gmscore_jni.so: unused DT entry: type 0x1d arg 0x80
08-11 20:24:19.455  6738  6786 V NativeCrypto: Registering com/google/android/gms/org/conscrypt/NativeCrypto's 259 native methods...
08-11 20:24:19.473  6738  6786 I art     : Rejecting re-init on previously-failed class java.lang.Class<com.google.android.gms.org.conscrypt.OpenSSLExtendedSessionImpl>
08-11 20:24:19.474  6738  6786 I art     : Rejecting re-init on previously-failed class java.lang.Class<com.google.android.gms.org.conscrypt.OpenSSLExtendedSessionImpl>
08-11 20:24:19.475  6738  6786 I art     : Rejecting re-init on previously-failed class java.lang.Class<com.google.android.gms.org.conscrypt.OpenSSLExtendedSessionImpl>
08-11 20:24:19.478  5686  5732 V Adjust  : Foreground timer starting
08-11 20:24:19.478  5686  5732 V Adjust  : Subsession start
08-11 20:24:19.478  5686  5732 V Adjust  : Time span since last activity too short for a new subsession
08-11 20:24:19.483  5686  5686 D LOCDEBUG: init accuracy:COARSE recentness:MINUTE_15
08-11 20:24:19.511  6738  6786 I ProviderInstaller: Installed default security provider GmsCore_OpenSSL
08-11 20:24:19.567  3667  3677 W art     : Suspending all threads took: 6.578ms
08-11 20:24:19.593  3667  3677 I art     : Background sticky concurrent mark sweep GC freed 42520(4MB) AllocSpace objects, 57(1140KB) LOS objects, 14% free, 38MB/45MB, paused 8.693ms total 50.227ms
08-11 20:24:19.636  1029  3509 I ActivityManager: Start proc 6863:com.google.android.play.games.ui/u0a64 for service com.google.android.play.games/com.google.android.gms.games.service.PlayGamesBridgeService
08-11 20:24:19.640  1029  2910 I ActivityManager: Displayed com.yelp.android/.ui.activities.bookmarks.ActivityBookmarks: +330ms
08-11 20:24:19.755  1029  3556 I ActivityManager: Start proc 6879:com.google.android.apps.plus/u0a77 for service com.google.android.apps.plus/com.google.apps.tiktok.sync.impl.gcm.SyncGcoreGcmTaskService
08-11 20:24:19.776  3667  5201 W System.err: java.lang.Exception: Error converting session
08-11 20:24:19.779  3667  5201 W System.err: 	at com.android.org.conscrypt.AbstractSessionContext.log(AbstractSessionContext.java:302)
08-11 20:24:19.779  3667  5201 W System.err: 	at com.android.org.conscrypt.AbstractSessionContext.toSession(AbstractSessionContext.java:250)
08-11 20:24:19.779  3667  5201 W System.err: 	at com.android.org.conscrypt.ClientSessionContext.getSession(ClientSessionContext.java:87)
08-11 20:24:19.779  3667  5201 W System.err: 	at com.android.org.conscrypt.SSLParametersImpl.getCachedClientSession(SSLParametersImpl.java:711)
08-11 20:24:19.779  3667  5201 W System.err: 	at com.android.org.conscrypt.SSLParametersImpl.getSessionToReuse(SSLParametersImpl.java:377)
08-11 20:24:19.779  3667  5201 W System.err: 	at com.android.org.conscrypt.OpenSSLSocketImpl.startHandshake(OpenSSLSocketImpl.java:301)
08-11 20:24:19.779  3667  5201 W System.err: 	at android.net.SSLCertificateSocketFactory.verifyHostname(SSLCertificateSocketFactory.java:198)
08-11 20:24:19.779  3667  5201 W System.err: 	at android.net.SSLCertificateSocketFactory.createSocket(SSLCertificateSocketFactory.java:443)
08-11 20:24:19.779  3667  5201 W System.err: 	at com.android.okhttp.internal.http.SocketConnector.connectTls(SocketConnector.java:89)
08-11 20:24:19.779  3667  5201 W System.err: 	at com.android.okhttp.Connection.connect(Connection.java:143)
08-11 20:24:19.779  3667  5201 W System.err: 	at com.android.okhttp.Connection.connectAndSetOwner(Connection.java:185)
08-11 20:24:19.779  3667  5201 W System.err: 	at com.android.okhttp.OkHttpClient$1.connectAndSetOwner(OkHttpClient.java:128)
08-11 20:24:19.779  3667  5201 W System.err: 	at com.android.okhttp.internal.http.HttpEngine.nextConnection(HttpEngine.java:341)
08-11 20:24:19.779  3667  5201 W System.err: 	at com.android.okhttp.internal.http.HttpEngine.connect(HttpEngine.java:330)
08-11 20:24:19.779  3667  5201 W System.err: 	at com.android.okhttp.internal.http.HttpEngine.sendRequest(HttpEngine.java:248)
08-11 20:24:19.780  3667  5201 W System.err: 	at com.android.okhttp.internal.huc.HttpURLConnectionImpl.execute(HttpURLConnectionImpl.java:437)
08-11 20:24:19.780  3667  5201 W System.err: 	at com.android.okhttp.internal.huc.HttpURLConnectionImpl.connect(HttpURLConnectionImpl.java:114)
08-11 20:24:19.780  3667  5201 W System.err: 	at com.android.okhttp.internal.huc.DelegatingHttpsURLConnection.connect(DelegatingHttpsURLConnection.java:89)
08-11 20:24:19.780  3667  5201 W System.err: 	at com.android.okhttp.internal.huc.HttpsURLConnectionImpl.connect(HttpsURLConnectionImpl.java)
08-11 20:24:19.780  3667  5201 W System.err: 	at thk.a(:com.google.android.gms:50)
08-11 20:24:19.780  3667  5201 W System.err: 	at thk.a(:com.google.android.gms:77)
08-11 20:24:19.780  3667  5201 W System.err: 	at thk.execute(:com.google.android.gms:7)
08-11 20:24:19.780  3667  5201 W System.err: 	at thk.execute(:com.google.android.gms:6)
08-11 20:24:19.780  3667  5201 W System.err: 	at com.android.volley.toolbox.HttpClientStack.performRequest(:com.google.android.gms:15)
08-11 20:24:19.780  3667  5201 W System.err: 	at man.performRequest(:com.google.android.gms:0)
08-11 20:24:19.780  3667  5201 W System.err: 	at com.android.volley.toolbox.BasicNetwork.performRequest(:com.google.android.gms:6)
08-11 20:24:19.780  3667  5201 W System.err: 	at mao.performRequest(:com.google.android.gms:3)
08-11 20:24:19.780  3667  5201 W System.err: 	at com.android.volley.NetworkDispatcher.run(:com.google.android.gms:11)
08-11 20:24:19.780  3667  5201 W System.err: Caused by: java.lang.AssertionError: Unexpected type ID: 3
08-11 20:24:19.780  3667  5201 W System.err: 	... 27 more
08-11 20:24:19.791  1029  3511 D WifiService: releaseWifiLockLocked: WifiLock{NlpWifiLock type=2 binder=android.os.BinderProxy@c213329}
08-11 20:24:19.795  3312  3312 D Geolocation: {"bearing":0,"timestamp":1502497459717,"speed":0,"time_created":1502497459795,"lat_lon":{"lon":-79.9454689,"lat":40.4432516},"accuracy":19.654,"provider":"fused"}
08-11 20:24:19.846  1029  3509 I ActivityManager: Killing 3156:com.android.shell/2000 (adj 15): empty #17
08-11 20:24:19.848  3667  6823 I GamesSyncAdapter PII_LOG: Sync duration for chimps2017@gmail.com: 457
08-11 20:24:19.848  3667  6823 I GamesSyncAdapter: Sync duration for 2b9504e1: 457
08-11 20:24:19.865  3667  4220 W DynamiteModule: Local module descriptor class for com.google.android.gms.googlecertificates not found.
08-11 20:24:19.868  3667  4220 I DynamiteModule: Considering local module com.google.android.gms.googlecertificates:0 and remote module com.google.android.gms.googlecertificates:4
08-11 20:24:19.868  3667  4220 I DynamiteModule: Selected remote version of com.google.android.gms.googlecertificates, version >= 4
08-11 20:24:19.870   605  2877 D audio_hw_primary: disable_audio_route: reset and update mixer path: low-latency-playback speaker
08-11 20:24:19.871   605  2877 D audio_hw_primary: disable_snd_device: snd_device(2: speaker)
08-11 20:24:19.873  3667  4220 W System  : ClassLoader referenced unknown path: /data/data/com.google.android.gms/app_chimera/m/00000007/n/arm64-v8a
08-11 20:24:19.879   605  2877 I soundtrigger: audio_extn_sound_trigger_update_device_status: device 0x2 of type 0 for Event 0
08-11 20:24:19.917 24239 24249 E DatabaseUtils: Writing exception to parcel
08-11 20:24:19.917 24239 24249 E DatabaseUtils: java.lang.SecurityException: Permission Denial: reading com.android.providers.media.MediaProvider uri content://media/external/fs_id from pid=6879, uid=10077 requires android.permission.READ_EXTERNAL_STORAGE, or grantUriPermission()
08-11 20:24:19.917 24239 24249 E DatabaseUtils: 	at android.content.ContentProvider.enforceReadPermissionInner(ContentProvider.java:605)
08-11 20:24:19.917 24239 24249 E DatabaseUtils: 	at android.content.ContentProvider$Transport.enforceReadPermission(ContentProvider.java:480)
08-11 20:24:19.917 24239 24249 E DatabaseUtils: 	at android.content.ContentProvider$Transport.query(ContentProvider.java:211)
08-11 20:24:19.917 24239 24249 E DatabaseUtils: 	at android.content.ContentProviderNative.onTransact(ContentProviderNative.java:112)
08-11 20:24:19.917 24239 24249 E DatabaseUtils: 	at android.os.Binder.execTransact(Binder.java:453)
08-11 20:24:19.926  6902  6902 W ps      : type=1400 audit(0.0:10893): avc: denied { getattr } for path="/proc/337" dev="proc" ino=545411 scontext=u:r:shell:s0 tcontext=u:r:logd:s0 tclass=dir permissive=0
08-11 20:24:19.926  6902  6902 W ps      : type=1400 audit(0.0:10894): avc: denied { read } for name="task" dev="proc" ino=545747 scontext=u:r:shell:s0 tcontext=u:r:logd:s0 tclass=dir permissive=0
08-11 20:24:19.964  3667  6907 W GamesServiceBroker: Client connected with SDK 11411000, Services 11302440, and Games 52250040
08-11 20:24:20.158  1029  1038 I art     : Background partial concurrent mark sweep GC freed 144647(12MB) AllocSpace objects, 31(832KB) LOS objects, 28% free, 39MB/55MB, paused 1.440ms total 158.977ms
08-11 20:24:20.160  3667  6909 I PlayCommon: [1640] gpy.a: Starting to flush logs
08-11 20:24:20.168  3667  3667 I PlayCommon: [1] gpy.a: Not delivering second response for request=[[ ] https://android.clients.google.com/fdfe/api/experiments 0xe8d195d1 NORMAL 9]
08-11 20:24:20.188  3238  2917 I Auth    : [ReflectiveChannelBinder] Successfully bound channel!
08-11 20:24:20.224  3667  5576 I Icing   : Query from com.google.android.gms package restrict com.google.android.gms start 0 num 100
08-11 20:24:20.230  3667  4518 I Icing   : Performing maintenance.
08-11 20:24:20.275  1029  3103 D ConnectivityService: listenForNetwork for Listen from uid/pid:10058/6738 for NetworkRequest [ id=25, legacyType=-1, [ Capabilities: INTERNET&NOT_RESTRICTED&TRUSTED] ]
08-11 20:24:20.287  3238  2917 W Conscrypt: Could not set socket write timeout:
08-11 20:24:20.288  3238  2917 W Conscrypt:    java.lang.reflect.Method.invoke(Native Method)
08-11 20:24:20.288  3238  2917 W Conscrypt:    yid.a(:com.google.android.gms:58)
08-11 20:24:20.299  3238  6924 I VacuumService: Vacuum at: now=1502497460299 tag=VacuumService
08-11 20:24:20.385  3238  2917 W Conscrypt: Could not set socket write timeout:
08-11 20:24:20.385  3238  2917 W Conscrypt:    java.lang.reflect.Method.invoke(Native Method)
08-11 20:24:20.385  3238  2917 W Conscrypt:    yid.a(:com.google.android.gms:58)
08-11 20:24:20.412  1029  3511 I ActivityManager: Killing 3186:com.google.android.apps.docs/u0a43 (adj 15): empty #17
08-11 20:24:20.444  3238  3250 W Conscrypt: Could not set socket write timeout:
08-11 20:24:20.444  3238  3250 W Conscrypt:    java.lang.reflect.Method.invoke(Native Method)
08-11 20:24:20.444  3238  3250 W Conscrypt:    yid.a(:com.google.android.gms:58)
08-11 20:24:20.481  3238  3250 W Conscrypt: Could not set socket write timeout:
08-11 20:24:20.482  3238  3250 W Conscrypt:    java.lang.reflect.Method.invoke(Native Method)
08-11 20:24:20.482  3238  3250 W Conscrypt:    yid.a(:com.google.android.gms:58)
08-11 20:24:20.630  3667  6909 I PlayCommon: [1640] gpy.a: Log flushed by 1 successful uploads
08-11 20:24:21.356  6947  6947 W ps      : type=1400 audit(0.0:10895): avc: denied { getattr } for path="/proc/337" dev="proc" ino=570658 scontext=u:r:shell:s0 tcontext=u:r:logd:s0 tclass=dir permissive=0
08-11 20:24:21.356  6947  6947 W ps      : type=1400 audit(0.0:10896): avc: denied { read } for name="task" dev="proc" ino=571385 scontext=u:r:shell:s0 tcontext=u:r:logd:s0 tclass=dir permissive=0
08-11 20:24:21.727  3392  6952 I PhenotypeFlagCommitter: Experiment Configs successfully retrieved for com.google.android.apps.gcs
08-11 20:24:21.743  3392  6952 I PhenotypeExpCommitSvc: [604] PhenotypeExperimentCommitService.a: Successfully committed experiments for user [PQ1gWch6FOQnCwQITDr9Tt-sZwY]
08-11 20:24:21.860  3667  4518 I Icing   : updateResources: need to parse tmm{com.google.android.gms}
08-11 20:24:22.583  3667  6969 I SystemUpdate: [Control,ChimeraGcmTaskService] Task started with tag: WifiConnected.
08-11 20:24:22.583  3667  6969 I SystemUpdate: [Control,ChimeraGcmTaskService] Scheduling WiFi connected task.
08-11 20:24:22.592  3238  4295 I Places  : Converted 0 out of 101 WiFi scans
08-11 20:24:22.603  3667  6820 I SystemUpdate: [Execution,InstallationEventIntentOperation] Received intent (Intent { act=com.google.android.gms.update.INSTALLATION_EVENT cat=[targeted_intent_op_prefix:.update.execution.InstallationEventIntentOperation] cmp=com.google.android.gms/.chimera.GmsIntentOperationService (has extras) }) with event 400.
08-11 20:24:22.606  3667  6820 I SystemUpdate: [Execution,InstallationIntentOperation] Received intent: Intent { act=com.google.android.gms.update.INSTALL_UPDATE cat=[targeted_intent_op_prefix:.update.execution.InstallationIntentOperation] cmp=com.google.android.gms/.chimera.GmsIntentOperationService }.
08-11 20:24:22.640  3667  4518 I Icing   : Performing maintenance usage 20868838 budget 9912088435 free 99.789% index free 82.060% purge? false target 81429115
08-11 20:24:22.643  3238  6894 E NetworkScheduler: Too many tasks scheduled for this package. Not scheduling: [com.google.android.gms/.update.SystemUpdateGcmTaskService:WifiConnected,u0]
08-11 20:24:22.682  3667  3667 I SystemUpdate: [Control,BatteryControl] Received intent: Intent { act=android.intent.action.BATTERY_CHANGED flg=0x60000010 (has extras) }.
08-11 20:24:22.682  3667  6820 I SystemUpdate: [Control,InstallationControl] Installation status updated to 0x70B.
08-11 20:24:22.684  3667  3667 I SystemUpdate: [Control,NetworkControl] Received intent: Intent { act=android.net.wifi.supplicant.STATE_CHANGE flg=0x24000010 (has extras) }.
08-11 20:24:22.686  3667  6960 I SystemUpdate: [Execution,InstallationEventIntentOperation] Received intent (Intent { act=com.google.android.gms.update.INSTALLATION_EVENT cat=[targeted_intent_op_prefix:.update.execution.InstallationEventIntentOperation] cmp=com.google.android.gms/.chimera.GmsIntentOperationService (has extras) }) with event 500.
08-11 20:24:22.690  3667  6960 I SystemUpdate: [Execution,InstallationEventIntentOperation] Received intent (Intent { act=com.google.android.gms.update.INSTALLATION_EVENT cat=[targeted_intent_op_prefix:.update.execution.InstallationEventIntentOperation] cmp=com.google.android.gms/.chimera.GmsIntentOperationService (has extras) }) with event 400.
08-11 20:24:22.691  3667  6820 W SystemUpdate: [Config,Installation] Error getting device policy. This might be WAI given that there is a bug in Android framework API.
08-11 20:24:22.691  3667  6820 W SystemUpdate: java.lang.NullPointerException: Attempt to invoke virtual method 'android.app.admin.SystemUpdatePolicy com.android.server.devicepolicy.DeviceOwner.getSystemUpdatePolicy()' on a null object reference
08-11 20:24:22.691  3667  6820 W SystemUpdate: 	at android.os.Parcel.readException(Parcel.java:1626)
08-11 20:24:22.691  3667  6820 W SystemUpdate: 	at android.os.Parcel.readException(Parcel.java:1573)
08-11 20:24:22.691  3667  6820 W SystemUpdate: 	at android.app.admin.IDevicePolicyManager$Stub$Proxy.getSystemUpdatePolicy(IDevicePolicyManager.java:5354)
08-11 20:24:22.691  3667  6820 W SystemUpdate: 	at android.app.admin.DevicePolicyManager.getSystemUpdatePolicy(DevicePolicyManager.java:4290)
08-11 20:24:22.691  3667  6820 W SystemUpdate: 	at ahcv.b(:com.google.android.gms:6)
08-11 20:24:22.691  3667  6820 W SystemUpdate: 	at ahdm.b(:com.google.android.gms:2)
08-11 20:24:22.691  3667  6820 W SystemUpdate: 	at ahdg.a(:com.google.android.gms:3)
08-11 20:24:22.691  3667  6820 W SystemUpdate: 	at ahed.a(:com.google.android.gms:9)
08-11 20:24:22.691  3667  6820 W SystemUpdate: 	at ahed.c(:com.google.android.gms:2)
08-11 20:24:22.691  3667  6820 W SystemUpdate: 	at com.google.android.gms.update.execution.InstallationIntentOperation.onHandleIntent(:com.google.android.gms:0)
08-11 20:24:22.691  3667  6820 W SystemUpdate: 	at com.google.android.chimera.IntentOperation.onHandleIntent(:com.google.android.gms:1)
08-11 20:24:22.691  3667  6820 W SystemUpdate: 	at bvq.run(:com.google.android.gms:9)
08-11 20:24:22.691  3667  6820 W SystemUpdate: 	at bvn.run(:com.google.android.gms:10)
08-11 20:24:22.691  3667  6820 W SystemUpdate: 	at java.util.concurrent.ThreadPoolExecutor.runWorker(ThreadPoolExecutor.java:1113)
08-11 20:24:22.691  3667  6820 W SystemUpdate: 	at java.util.concurrent.ThreadPoolExecutor$Worker.run(ThreadPoolExecutor.java:588)
08-11 20:24:22.691  3667  6820 W SystemUpdate: 	at java.lang.Thread.run(Thread.java:818)
08-11 20:24:22.694  3667  6820 I SystemUpdate: [Control,ChimeraGcmTaskService] Scheduling Log Status task.
08-11 20:24:22.695  1029  1029 V NotificationService: pkg=com.google.android.gms canInterrupt=false intercept=true
08-11 20:24:22.710  3312  8617 D Notification: {"extra":"Bundle[{android.title=Android 7.1.1, android.subText=null, android.showChronometer=false, android.icon=2130838258, android.text=Tap to learn more and download, android.progress=0, android.progressMax=0, android.showWhen=true, android.rebuild.applicationInfo=ApplicationInfo{a9a8cca com.google.android.gms}, android.infoText=null, android.originatingUserId=0, android.progressIndeterminate=false}]","category":null,"title":"Android 7.1.1","time_created":1502497462709,"action":"posted","text":"Tap to learn more and download","post_time":1502497462694,"sub_text":"null","package_name":"com.google.android.gms"}
08-11 20:24:22.717  3667  6820 I SystemUpdate: [Control,ChimeraGcmTaskService] Scheduling WiFi connected task.
08-11 20:24:22.730  3667  6820 I SystemUpdate: [Control,ChimeraGcmTaskService] Scheduling device charging task.
08-11 20:24:22.740  3667  6820 I SystemUpdate: [Execution,ExecutionManager] Action non-streaming-download executed for 0.13 seconds.
08-11 20:24:22.755  3667  6820 I SystemUpdate: [Execution,ExecutionManager] Action fixed-delay-execution executed for 0.01 seconds.
08-11 20:24:22.804  3667  4518 I Icing   : Flash index sort hb 2 prefix-hits 9 -> 9 at 1.424ms
08-11 20:24:22.806  6978  6978 W ps      : type=1400 audit(0.0:10897): avc: denied { getattr } for path="/proc/337" dev="proc" ino=570658 scontext=u:r:shell:s0 tcontext=u:r:logd:s0 tclass=dir permissive=0
08-11 20:24:22.806  6978  6978 W ps      : type=1400 audit(0.0:10898): avc: denied { read } for name="task" dev="proc" ino=571385 scontext=u:r:shell:s0 tcontext=u:r:logd:s0 tclass=dir permissive=0
08-11 20:24:22.821  3312  8188 D DeviceState: {"wifi_bssid":"34:fc:b9:6f:10:f3","battery_level":60.000004,"is_connected":"true","time_created":1502497462815,"is_screen_on":"true"}
08-11 20:24:23.765  3667  4518 I Icing   : App usage reports: 1
08-11 20:24:23.765  3667  4518 I Icing   : Usage reports 2 indexed 1 rejected 0 imm upload false
08-11 20:24:23.775  3238  5033 E NetworkScheduler: Too many tasks scheduled for this package. Not scheduling: [com.google.android.gms/.icing.service.IcingGcmTaskService:app-history-upload,u0]
08-11 20:24:23.785  3667  4518 I Icing   : Usage reports 0 indexed 0 rejected 0 imm upload false
08-11 20:24:24.030  3667  4518 W Icing   : Invalid app name com.google.android.deskclock. Documents must be under gmscore package.
08-11 20:24:24.079  1029  3556 I ActivityManager: Start proc 7003:com.google.android.gms.unstable/u0a12 for service com.google.android.gms/.droidguard.DroidGuardService
08-11 20:24:24.154  7003  7003 I LoadedApk: No resource references to update in package FFFFFFFFFFFFFFFFFFFFFF
08-11 20:24:24.206  7016  7016 W ps      : type=1400 audit(0.0:10899): avc: denied { getattr } for path="/proc/337" dev="proc" ino=570658 scontext=u:r:shell:s0 tcontext=u:r:logd:s0 tclass=dir permissive=0
08-11 20:24:24.206  7016  7016 W ps      : type=1400 audit(0.0:10900): avc: denied { read } for name="task" dev="proc" ino=571385 scontext=u:r:shell:s0 tcontext=u:r:logd:s0 tclass=dir permissive=0
08-11 20:24:24.215  7003  7003 W linker  : /data/app/com.google.android.gms-2/lib/arm64/libconscrypt_gmscore_jni.so: unused DT entry: type 0x1d arg 0x80
08-11 20:24:24.223  7003  7003 V NativeCrypto: Registering com/google/android/gms/org/conscrypt/NativeCrypto's 259 native methods...
08-11 20:24:24.238  7003  7003 I art     : Rejecting re-init on previously-failed class java.lang.Class<com.google.android.gms.org.conscrypt.OpenSSLExtendedSessionImpl>
08-11 20:24:24.239  7003  7003 I art     : Rejecting re-init on previously-failed class java.lang.Class<com.google.android.gms.org.conscrypt.OpenSSLExtendedSessionImpl>
08-11 20:24:24.240  7003  7003 I art     : Rejecting re-init on previously-failed class java.lang.Class<com.google.android.gms.org.conscrypt.OpenSSLExtendedSessionImpl>
08-11 20:24:24.269  7003  7003 I ProviderInstaller: Installed default security provider GmsCore_OpenSSL
08-11 20:24:24.445   605  2986 D WVCdm   : Instantiating CDM.
08-11 20:24:24.446   605  2987 I WVCdm   : CdmEngine::OpenSession
08-11 20:24:24.446   605  2987 I WVCdm   : Level3 Library Jun 15 2015 14:09:24
08-11 20:24:24.449   605  2987 W WVCdm   : Could not read /data/mediadrm/IDM1013/ay64.dat2: No such file or directory
08-11 20:24:24.453   605  2987 D DrmWidevineDash: OEMCrypto_Initialize: starts! g_qsee_apps_version = 0x21
08-11 20:24:24.453   605  2987 D DrmWidevineDash: Service_Initialize: starts!
08-11 20:24:24.453   605  2987 D QSEECOMAPI: : QSEECom_get_handle sb_length = 0x19000
08-11 20:24:24.453   605  2987 D QSEECOMAPI: : App is not loaded in QSEE
08-11 20:24:24.482   605  2987 D QSEECOMAPI: : Loaded image: APP id = 22
08-11 20:24:24.485   605  2987 D DrmWidevineDash: Service_Initialize: ends! returns 0
08-11 20:24:24.485   605  2987 D DrmWidevineDash: Service_Initialize: function time: 31ms (0s 31685052ns)
08-11 20:24:24.486   605  2987 D QSAPPSVER: qsapps_get_capabilities: Capability from secure side: 0x0
08-11 20:24:24.486   605  2987 D QSAPPSVER: qsapps_get_capabilities: returns 0
08-11 20:24:24.486   605  2987 D DrmWidevineDash: OEMCrypto_Initialize sion_buffer g_wv_fhandle->ion_sbuffer  0x0xf1b26000
08-11 20:24:24.486   605  2987 E DrmWidevineDash: sion_buffer g_wv_fhandle->ion_sbuffer  0x0xf1b26000
08-11 20:24:24.490   408   412 D DrmLibTime: got the req here! ret=0
08-11 20:24:24.490   408   412 D DrmLibTime: command id, time_cmd_id = 770
08-11 20:24:24.490   408   412 D DrmLibTime: time_getutcsec starts!
08-11 20:24:24.490   408   412 D DrmLibTime: QSEE Time Listener: time_getutcsec
08-11 20:24:24.490   408   412 D DrmLibTime: QSEE Time Listener: get_utc_seconds
08-11 20:24:24.490   408   412 D DrmLibTime: QSEE Time Listener: time_get_modem_time
08-11 20:24:24.490   408   412 D DrmLibTime: QSEE Time Listener: Checking if ATS_MODEM is set or not.
08-11 20:24:24.490   408   412 D QC-time-services: Lib:time_genoff_operation: pargs->base = 13
08-11 20:24:24.490   408   412 D QC-time-services: Lib:time_genoff_operation: pargs->operation = 2
08-11 20:24:24.490   408   412 D QC-time-services: Lib:time_genoff_operation: pargs->ts_val = 0
08-11 20:24:24.490   408   412 D QC-time-services: Lib:time_genoff_operation: Send to server  passed!!
08-11 20:24:24.491   623   651 D QC-time-services: Daemon: Connection accepted:time_genoff
08-11 20:24:24.491   623  7028 D QC-time-services: Daemon:Received base = 13, unit = 1, operation = 2,value = 0
08-11 20:24:24.491   623  7028 D QC-time-services: Daemon:genoff_opr: Base = 13, val = 0, operation = 2
08-11 20:24:24.491   623  7028 D QC-time-services: offset is: 0 for base: 13
08-11 20:24:24.491   408   412 E QC-time-services: Receive Passed == base = 13, unit = 1, operation = 2, result = 0
08-11 20:24:24.491   408   412 D DrmLibTime: QSEE Time Listener: ATS_MODEM is not set. Fallback to Android system time.
08-11 20:24:24.491   408   412 D DrmLibTime: QSEE Time Listener: Retrieved Android system time: 1502497464
08-11 20:24:24.491   408   412 D DrmLibTime: time_getutcsec returns 0, sec = 1502497464; nsec = 0
08-11 20:24:24.491   408   412 D DrmLibTime: time_getutcsec finished! 
08-11 20:24:24.491  7000  7000 D AndroidRuntime: >>>>>> START com.android.internal.os.RuntimeInit uid 2000 <<<<<<
08-11 20:24:24.491   408   412 D DrmLibTime: iotcl_continue_command finished! and return 0 
08-11 20:24:24.491   408   412 D DrmLibTime: before calling ioctl to read the next time_cmd
08-11 20:24:24.492   623   651 E QC-time-services: Daemon: Time-services: Waiting to acceptconnection
08-11 20:24:24.500   605  2987 D DrmWidevineDash: OEMCrypto_ION_Malloc: function time: 7ms (0s 7566198ns)
08-11 20:24:24.500   605  2987 D DrmWidevineDash: OEMCrypto_Initialize: ends! returns 0
08-11 20:24:24.500   605  2987 D DrmWidevineDash: _oecc01: function time: 46ms (0s 46909739ns)
08-11 20:24:24.500   605  2987 D DrmWidevineDash: OEMCrypto_APIVersion: starts!
08-11 20:24:24.501   605  2987 D DrmWidevineDash: hlos api version =  10
08-11 20:24:24.501   605  2987 D DrmWidevineDash: tz api version =  10
08-11 20:24:24.501   605  2987 D DrmWidevineDash: OEMCrypto_APIVersion: ends! returns version 10
08-11 20:24:24.501   605  2987 D DrmWidevineDash: _oecc22: function time: 0ms (0s 689271ns)
08-11 20:24:24.501   605  2987 D DrmWidevineDash: OEMCrypto_IsKeyboxValid: starts!
08-11 20:24:24.507  7000  7000 D AndroidRuntime: CheckJNI is OFF
08-11 20:24:24.518   605  2987 D DrmWidevineDash: OEMCrypto_IsKeyboxValid: ends! returns 0
08-11 20:24:24.518   605  2987 D DrmWidevineDash: _oecc05: function time: 17ms (0s 17466406ns)
08-11 20:24:24.518   605  2987 D WVCdm   : OEMCrypto_Initialize Level 1 success. I will use level 1.
08-11 20:24:24.518   605  2987 D DrmWidevineDash: OEMCrypto_OpenSession: starts! SID=0xf323f11c
08-11 20:24:24.518   605  2987 D DrmWidevineDash: OEMCrypto_OpenSession Session ID = 0
08-11 20:24:24.519   605  2987 D DrmWidevineDash: OEMCrypto_OpenSession SID = 1
08-11 20:24:24.519   605  2987 D DrmWidevineDash: OEMCrypto_OpenSession: ends! returns 0
08-11 20:24:24.519   605  2987 D DrmWidevineDash: _oecc09: function time: 0ms (0s 595989ns)
08-11 20:24:24.519   605  2987 D DrmWidevineDash: OEMCrypto_GetRandom: starts! randomData=0xf3068ec8, dataLength=8
08-11 20:24:24.520   605  2987 D DrmWidevineDash: OEMCrypto_GetRandom: ends! returns 0
08-11 20:24:24.520   605  2987 D DrmWidevineDash: _oecc06: function time: 0ms (0s 942760ns)
08-11 20:24:24.521   605  2987 D DrmWidevineDash: OEMCrypto_LoadDeviceRSAKey: starts! SID=1, wrapped_rsa_key=0xf65ffa00, wrapped_rsa_key_length=1280
08-11 20:24:24.525   605  2987 D DrmWidevineDash: OEMCrypto_LoadDeviceRSAKey: ends! returns 0
08-11 20:24:24.525   605  2987 D DrmWidevineDash: _oecc19: function time: 4ms (0s 4197604ns)
08-11 20:24:24.526   605  2987 I WVCdm   : CdmEngine::QueryKeyControlInfo
08-11 20:24:24.530   605   605 W WVCdm   : BufferReader::Read<T> : Failure during parse: Not enough bytes (4)
08-11 20:24:24.530   605   605 W WVCdm   : CdmEngine::ExtractWidevinePssh: Unable to read atom size.
08-11 20:24:24.530   605   605 I WVCdm   : CdmEngine::GenerateKeyRequest
08-11 20:24:24.530   605   605 D DrmWidevineDash: OEMCrypto_GetDeviceID: starts! deviceID=0xf227fbe0, idLength=0xfffebdf4
08-11 20:24:24.547  7000  7000 D ICU     : No timezone override file found: /data/misc/zoneinfo/current/icu/icu_tzdata.dat
08-11 20:24:24.549   605   605 D DrmWidevineDash: OEMCrypto_GetDeviceID: ends! returns 0
08-11 20:24:24.549   605   605 D DrmWidevineDash: _oecc07: function time: 18ms (0s 18361146ns)
08-11 20:24:24.549   605   605 D DrmWidevineDash: OEMCrypto_SupportsUsageTable: starts!
08-11 20:24:24.549   605   605 D DrmWidevineDash: OEMCrypto_SupportsUsageTable: is_supported = 1
08-11 20:24:24.549   605   605 D DrmWidevineDash: OEMCrypto_SupportsUsageTable: wv_app_version =0x22
08-11 20:24:24.550   605   605 D DrmWidevineDash: OEMCrypto_SupportsUsageTable: ends! returns 0
08-11 20:24:24.550   605   605 D DrmWidevineDash: _oecc29: function time: 0ms (0s 591615ns)
08-11 20:24:24.550   605   605 D DrmWidevineDash: OEMCrypto_IsAntiRollbackHwPresent: starts!
08-11 20:24:24.550   605   605 D DrmWidevineDash: OEMCrypto_IsAntiRollbackHwPresent ends! ret=0, is_antirb_enabled = 1
08-11 20:24:24.550   605   605 D DrmWidevineDash: _oecc39: function time: 0ms (0s 474375ns)
08-11 20:24:24.550   605   605 D DrmWidevineDash: OEMCrypto_APIVersion: starts!
