08-11 20:24:24.551   605   605 D DrmWidevineDash: hlos api version =  10
08-11 20:24:24.551   605   605 D DrmWidevineDash: tz api version =  10
08-11 20:24:24.551   605   605 D DrmWidevineDash: OEMCrypto_APIVersion: ends! returns version 10
08-11 20:24:24.551   605   605 D DrmWidevineDash: _oecc22: function time: 0ms (0s 530469ns)
08-11 20:24:24.551   605   605 D DrmWidevineDash: OEMCrypto_GetHDCPCapability starts!
08-11 20:24:24.551   605   605 D DrmWidevineDash: OEMCrypto_GetHDCPCapability current=255, max=4
08-11 20:24:24.551   605   605 D DrmWidevineDash: OEMCrypto_GetHDCPCapability ends! ret = 0
08-11 20:24:24.551   605   605 D DrmWidevineDash: _oecc44: function time: 0ms (0s 503907ns)
08-11 20:24:24.551   605   605 D DrmWidevineDash: OEMCrypto_GenerateNonce: starts! SID=1, nonce=0xfffebf28
08-11 20:24:24.552   605   605 D DrmWidevineDash: OEMCrypto_GenerateNonce: ends! returns 0
08-11 20:24:24.552   605   605 D DrmWidevineDash: _oecc14: function time: 0ms (0s 589479ns)
08-11 20:24:24.552   605   605 D WVCdm   : PrepareKeyRequest: nonce=2865804720
08-11 20:24:24.552   605   605 D DrmWidevineDash: OEMCrypto_GenerateRSASignature starts! SID=1, message=0xf65b2d00
08-11 20:24:24.552   605   605 D DrmWidevineDash: message_length=1623, signature=0xf4b7be00, signature_length=0xfffebecc
08-11 20:24:24.587  7000  7000 I Radio-JNI: register_android_hardware_Radio DONE
08-11 20:24:24.615  7000  7000 D AndroidRuntime: Calling main entry com.android.commands.input.Input
08-11 20:24:24.617  7000  7000 I Input   : injectMotionEvent: MotionEvent { action=ACTION_DOWN, actionButton=0, id[0]=0, x[0]=432.0, y[0]=2294.0, toolType[0]=TOOL_TYPE_UNKNOWN, buttonState=0, metaState=0, flags=0x0, edgeFlags=0x0, pointerCount=1, historySize=0, eventTime=10564839, downTime=10564839, deviceId=0, source=0x1002 }
08-11 20:24:24.621  7000  7000 I Input   : injectMotionEvent: MotionEvent { action=ACTION_MOVE, actionButton=0, id[0]=0, x[0]=432.0, y[0]=2294.0, toolType[0]=TOOL_TYPE_UNKNOWN, buttonState=0, metaState=0, flags=0x0, edgeFlags=0x0, pointerCount=1, historySize=0, eventTime=10564839, downTime=10564839, deviceId=0, source=0x1002 }
08-11 20:24:24.640  7000  7000 I Input   : injectMotionEvent: MotionEvent { action=ACTION_MOVE, actionButton=0, id[0]=0, x[0]=432.0, y[0]=2294.0, toolType[0]=TOOL_TYPE_UNKNOWN, buttonState=0, metaState=0, flags=0x0, edgeFlags=0x0, pointerCount=1, historySize=0, eventTime=10564863, downTime=10564863, deviceId=0, source=0x1002 }
08-11 20:24:24.657   605   605 D DrmWidevineDash: OEMCrypto_GenerateRSASignature returns 0
08-11 20:24:24.657   605   605 D DrmWidevineDash: _oecc36: function time: 104ms (0s 104708020ns)
08-11 20:24:24.657  7000  7000 I Input   : injectMotionEvent: MotionEvent { action=ACTION_MOVE, actionButton=0, id[0]=0, x[0]=432.0, y[0]=2294.0, toolType[0]=TOOL_TYPE_UNKNOWN, buttonState=0, metaState=0, flags=0x0, edgeFlags=0x0, pointerCount=1, historySize=0, eventTime=10564880, downTime=10564880, deviceId=0, source=0x1002 }
08-11 20:24:24.658   605  2888 I WVCdm   : CdmEngine::CloseSession
08-11 20:24:24.658   605  2888 D DrmWidevineDash: OEMCrypto_CloseSession: starts! SID=1
08-11 20:24:24.658   605  2888 D DrmWidevineDash: OEMCrypto_CloseSession: ends! returns 0
08-11 20:24:24.658   605  2888 D DrmWidevineDash: _oecc10: function time: 0ms (0s 713750ns)
08-11 20:24:24.659   605  2888 D DrmWidevineDash: OEMCrypto_Terminate: starts!
08-11 20:24:24.659   605  2888 D DrmWidevineDash: Service_Uninitialize: starts!
08-11 20:24:24.659   605  2888 D QSEECOMAPI: : QSEECom_dealloc_memory 
08-11 20:24:24.659   605  2888 D QSEECOMAPI: : QSEECom_shutdown_app, app_id = 22
08-11 20:24:24.660   605  2888 D DrmWidevineDash: Service_Uninitialize: ends! returns 0x0
08-11 20:24:24.660   605  2888 D DrmWidevineDash: Service_Uninitialize: function time: 0ms (0s 890468ns)
08-11 20:24:24.660   605  2888 D DrmWidevineDash: OEMCrypto_ION_Free: function time: 0ms (0s 243177ns)
08-11 20:24:24.661   605  2888 D DrmWidevineDash: OEMCrypto_Terminate: ends! returns 0
08-11 20:24:24.661   605  2888 D DrmWidevineDash: _oecc02: function time: 2ms (0s 2050521ns)
08-11 20:24:24.674  7000  7000 I Input   : injectMotionEvent: MotionEvent { action=ACTION_MOVE, actionButton=0, id[0]=0, x[0]=432.0, y[0]=2294.0, toolType[0]=TOOL_TYPE_UNKNOWN, buttonState=0, metaState=0, flags=0x0, edgeFlags=0x0, pointerCount=1, historySize=0, eventTime=10564897, downTime=10564897, deviceId=0, source=0x1002 }
08-11 20:24:24.691  7000  7000 I Input   : injectMotionEvent: MotionEvent { action=ACTION_MOVE, actionButton=0, id[0]=0, x[0]=432.0, y[0]=2294.0, toolType[0]=TOOL_TYPE_UNKNOWN, buttonState=0, metaState=0, flags=0x0, edgeFlags=0x0, pointerCount=1, historySize=0, eventTime=10564913, downTime=10564913, deviceId=0, source=0x1002 }
08-11 20:24:24.707  7000  7000 I Input   : injectMotionEvent: MotionEvent { action=ACTION_MOVE, actionButton=0, id[0]=0, x[0]=432.0, y[0]=2294.0, toolType[0]=TOOL_TYPE_UNKNOWN, buttonState=0, metaState=0, flags=0x0, edgeFlags=0x0, pointerCount=1, historySize=0, eventTime=10564930, downTime=10564930, deviceId=0, source=0x1002 }
08-11 20:24:24.724  7000  7000 I Input   : injectMotionEvent: MotionEvent { action=ACTION_MOVE, actionButton=0, id[0]=0, x[0]=432.0, y[0]=2294.0, toolType[0]=TOOL_TYPE_UNKNOWN, buttonState=0, metaState=0, flags=0x0, edgeFlags=0x0, pointerCount=1, historySize=0, eventTime=10564947, downTime=10564947, deviceId=0, source=0x1002 }
08-11 20:24:24.741  7000  7000 I Input   : injectMotionEvent: MotionEvent { action=ACTION_MOVE, actionButton=0, id[0]=0, x[0]=432.0, y[0]=2294.0, toolType[0]=TOOL_TYPE_UNKNOWN, buttonState=0, metaState=0, flags=0x0, edgeFlags=0x0, pointerCount=1, historySize=0, eventTime=10564963, downTime=10564963, deviceId=0, source=0x1002 }
08-11 20:24:24.757  7000  7000 I Input   : injectMotionEvent: MotionEvent { action=ACTION_MOVE, actionButton=0, id[0]=0, x[0]=432.0, y[0]=2294.0, toolType[0]=TOOL_TYPE_UNKNOWN, buttonState=0, metaState=0, flags=0x0, edgeFlags=0x0, pointerCount=1, historySize=0, eventTime=10564980, downTime=10564980, deviceId=0, source=0x1002 }
08-11 20:24:24.774  7000  7000 I Input   : injectMotionEvent: MotionEvent { action=ACTION_MOVE, actionButton=0, id[0]=0, x[0]=432.0, y[0]=2294.0, toolType[0]=TOOL_TYPE_UNKNOWN, buttonState=0, metaState=0, flags=0x0, edgeFlags=0x0, pointerCount=1, historySize=0, eventTime=10564997, downTime=10564997, deviceId=0, source=0x1002 }
08-11 20:24:24.791  7000  7000 I Input   : injectMotionEvent: MotionEvent { action=ACTION_MOVE, actionButton=0, id[0]=0, x[0]=432.0, y[0]=2294.0, toolType[0]=TOOL_TYPE_UNKNOWN, buttonState=0, metaState=0, flags=0x0, edgeFlags=0x0, pointerCount=1, historySize=0, eventTime=10565014, downTime=10565014, deviceId=0, source=0x1002 }
08-11 20:24:24.807  7000  7000 I Input   : injectMotionEvent: MotionEvent { action=ACTION_MOVE, actionButton=0, id[0]=0, x[0]=432.0, y[0]=2294.0, toolType[0]=TOOL_TYPE_UNKNOWN, buttonState=0, metaState=0, flags=0x0, edgeFlags=0x0, pointerCount=1, historySize=0, eventTime=10565030, downTime=10565030, deviceId=0, source=0x1002 }
08-11 20:24:24.824  7000  7000 I Input   : injectMotionEvent: MotionEvent { action=ACTION_UP, actionButton=0, id[0]=0, x[0]=432.0, y[0]=2294.0, toolType[0]=TOOL_TYPE_UNKNOWN, buttonState=0, metaState=0, flags=0x0, edgeFlags=0x0, pointerCount=1, historySize=0, eventTime=10565047, downTime=10565047, deviceId=0, source=0x1002 }
08-11 20:24:24.827   605  2877 D audio_hw_primary: out_set_parameters: enter: usecase(1: low-latency-playback) kvpairs: routing=2
08-11 20:24:24.828  7000  7000 D AndroidRuntime: Shutting down VM
08-11 20:24:24.830  1029  3143 I ActivityManager: START u0 {act=android.intent.action.SEARCH flg=0x10000 cmp=com.yelp.android/.ui.activities.search.SearchBusinessesByList (has extras)} from uid 10500 on display 0
08-11 20:24:24.841   605  2877 D audio_hw_primary: select_devices: out_snd_device(2: speaker) in_snd_device(0: none)
08-11 20:24:24.841   605  2877 D msm8974_platform: platform_send_audio_calibration: sending audio calibration for snd_device(2) acdb_id(15)
08-11 20:24:24.841   605  2877 I soundtrigger: audio_extn_sound_trigger_update_device_status: device 0x2 of type 0 for Event 1
08-11 20:24:24.852  5686  5732 V Adjust  : Foreground timer suspended with 3.8 seconds left
08-11 20:24:24.852  5686  5732 V Adjust  : Subsession end
08-11 20:24:24.857   605  2877 D audio_hw_primary: enable_snd_device: snd_device(2: speaker)
08-11 20:24:24.860  5686  5732 D Adjust  : Wrote Activity state: ec:4 sc:1 ssc:1 sl:58.1 ts:58.1 la:11:12:13 uuid:794e33a6-8856-48ac-97e9-18be023da95a
08-11 20:24:24.862   605  2877 D audio_hw_primary: enable_audio_route: apply and update mixer path: low-latency-playback speaker
08-11 20:24:24.876  7013  7013 W Binder_1: type=1400 audit(0.0:10901): avc: denied { read } for name="/" dev="tmpfs" ino=1111 scontext=u:r:untrusted_app:s0:c512,c768 tcontext=u:object_r:device:s0 tclass=dir permissive=0
08-11 20:24:24.885  5686  5686 I AppCompatViewInflater: app:theme is now deprecated. Please move to using android:theme instead.
08-11 20:24:24.961  5686  5686 D LOCDEBUG: init accuracy:MEDIUM_KM recentness:MINUTE_5
08-11 20:24:24.965  7048  7048 I dex2oat : /system/bin/dex2oat -j2 --dex-file=/data/user/0/com.google.android.gms/app_fb/f.apk --oat-file=/data/user/0/com.google.android.gms/app_fb/f.dex
08-11 20:24:24.967  5686  5686 D LOCDEBUG: init accuracy:MEDIUM_KM recentness:MINUTE_5
08-11 20:24:25.001  3312  3312 D Geolocation: {"bearing":0,"timestamp":1502497464997,"speed":0,"time_created":1502497465001,"lat_lon":{"lon":-79.9454713,"lat":40.4432541},"accuracy":1048,"provider":"fused"}
08-11 20:24:25.014  5686  5732 V Adjust  : Foreground timer starting
08-11 20:24:25.015  5686  5732 V Adjust  : Subsession start
08-11 20:24:25.015  5686  5732 V Adjust  : Time span since last activity too short for a new subsession
08-11 20:24:25.026  1029  2902 I sensors : batch
08-11 20:24:25.026  1029  2902 I sensors : activate
08-11 20:24:25.031  1029  2964 I hubconnection: sensorhub said: 'batch 8 flags:0, sampling_rate_Hz:15.00, max_report_latency_us:0'
08-11 20:24:25.031  1029  2964 I hubconnection: sensorhub said: 'activate 8 enable:1'
08-11 20:24:25.045  7048  7048 I dex2oat : dex2oat took 80.588ms (threads: 2) arena alloc=36KB java alloc=90KB native alloc=998KB free=1817KB
08-11 20:24:25.053  7003  7013 W System  : ClassLoader referenced unknown path: 
08-11 20:24:25.066  7003  7013 I Adreno  : QUALCOMM build                   : 63c06b2, I8366cd0437
08-11 20:24:25.066  7003  7013 I Adreno  : Build Date                       : 10/21/15
08-11 20:24:25.066  7003  7013 I Adreno  : OpenGL ES Shader Compiler Version: XE031.05.13.02
08-11 20:24:25.066  7003  7013 I Adreno  : Local Branch                     : 
08-11 20:24:25.066  7003  7013 I Adreno  : Remote Branch                    : quic/LA.BF64.1.2.9_v2
08-11 20:24:25.066  7003  7013 I Adreno  : Remote Branch                    : NONE
08-11 20:24:25.066  7003  7013 I Adreno  : Reconstruct Branch               : NOTHING
08-11 20:24:25.136  1029  2910 I ActivityManager: Displayed com.yelp.android/.ui.activities.search.SearchBusinessesByList: +290ms
08-11 20:24:25.139  7003  7013 I Adreno  : QUALCOMM build                   : 63c06b2, I8366cd0437
08-11 20:24:25.139  7003  7013 I Adreno  : Build Date                       : 10/21/15
08-11 20:24:25.139  7003  7013 I Adreno  : OpenGL ES Shader Compiler Version: XE031.05.13.02
08-11 20:24:25.139  7003  7013 I Adreno  : Local Branch                     : 
08-11 20:24:25.139  7003  7013 I Adreno  : Remote Branch                    : quic/LA.BF64.1.2.9_v2
08-11 20:24:25.139  7003  7013 I Adreno  : Remote Branch                    : NONE
08-11 20:24:25.139  7003  7013 I Adreno  : Reconstruct Branch               : NOTHING
08-11 20:24:25.140  5686  5686 W Bitmap  : Called reconfigure on a bitmap that is in use! This may cause graphical corruption!
08-11 20:24:25.206  5686  5686 W Bitmap  : Called reconfigure on a bitmap that is in use! This may cause graphical corruption!
08-11 20:24:25.226  7013  7013 W Binder_1: type=1400 audit(0.0:10902): avc: denied { search } for name="619" dev="proc" ino=579529 scontext=u:r:untrusted_app:s0:c512,c768 tcontext=u:r:zygote:s0 tclass=dir permissive=0
08-11 20:24:25.261  5686  5686 W Bitmap  : Called reconfigure on a bitmap that is in use! This may cause graphical corruption!
08-11 20:24:25.314  5686  5686 W Bitmap  : Called reconfigure on a bitmap that is in use! This may cause graphical corruption!
08-11 20:24:25.369  5686  5686 W Bitmap  : Called reconfigure on a bitmap that is in use! This may cause graphical corruption!
08-11 20:24:25.401   605  2877 D audio_hw_primary: disable_audio_route: reset and update mixer path: low-latency-playback speaker
08-11 20:24:25.402   605  2877 D audio_hw_primary: disable_snd_device: snd_device(2: speaker)
08-11 20:24:25.408  3238  4097 W Conscrypt: Could not set socket write timeout:
08-11 20:24:25.411   605  2877 I soundtrigger: audio_extn_sound_trigger_update_device_status: device 0x2 of type 0 for Event 0
08-11 20:24:25.413  3238  4097 W Conscrypt:    java.lang.reflect.Method.invoke(Native Method)
08-11 20:24:25.413  3238  4097 W Conscrypt:    yid.a(:com.google.android.gms:58)
08-11 20:24:25.423  5686  5686 W Bitmap  : Called reconfigure on a bitmap that is in use! This may cause graphical corruption!
08-11 20:24:25.477  5686  5686 W Bitmap  : Called reconfigure on a bitmap that is in use! This may cause graphical corruption!
08-11 20:24:25.510  3238  4097 W Conscrypt: Could not set socket write timeout:
08-11 20:24:25.510  3238  4097 W Conscrypt:    java.lang.reflect.Method.invoke(Native Method)
08-11 20:24:25.510  3238  4097 W Conscrypt:    yid.a(:com.google.android.gms:58)
08-11 20:24:25.532  5686  5686 W Bitmap  : Called reconfigure on a bitmap that is in use! This may cause graphical corruption!
08-11 20:24:25.587  5686  5686 W Bitmap  : Called reconfigure on a bitmap that is in use! This may cause graphical corruption!
08-11 20:24:25.618  3238  4097 W GLSUser : [AppCertManager] IOException while requesting key: 
08-11 20:24:25.618  3238  4097 W GLSUser : java.io.IOException: Invalid device key response.
08-11 20:24:25.618  3238  4097 W GLSUser : 	at etz.a(:com.google.android.gms:10)
08-11 20:24:25.618  3238  4097 W GLSUser : 	at etz.a(:com.google.android.gms:61)
08-11 20:24:25.618  3238  4097 W GLSUser : 	at etx.a(:com.google.android.gms:7)
08-11 20:24:25.618  3238  4097 W GLSUser : 	at ett.a(:com.google.android.gms:0)
08-11 20:24:25.618  3238  4097 W GLSUser : 	at ets.a(:com.google.android.gms:9)
08-11 20:24:25.618  3238  4097 W GLSUser : 	at com.google.android.gms.auth.account.be.legacy.AuthCronChimeraService.b(:com.google.android.gms:6)
08-11 20:24:25.618  3238  4097 W GLSUser : 	at eal.call(:com.google.android.gms:2)
08-11 20:24:25.618  3238  4097 W GLSUser : 	at java.util.concurrent.FutureTask.run(FutureTask.java:237)
08-11 20:24:25.618  3238  4097 W GLSUser : 	at mge.run(:com.google.android.gms:24)
08-11 20:24:25.618  3238  4097 W GLSUser : 	at java.util.concurrent.ThreadPoolExecutor.runWorker(ThreadPoolExecutor.java:1113)
08-11 20:24:25.618  3238  4097 W GLSUser : 	at java.util.concurrent.ThreadPoolExecutor$Worker.run(ThreadPoolExecutor.java:588)
08-11 20:24:25.618  3238  4097 W GLSUser : 	at mlf.run(:com.google.android.gms:0)
08-11 20:24:25.618  3238  4097 W GLSUser : 	at java.lang.Thread.run(Thread.java:818)
08-11 20:24:25.642  5686  5686 W Bitmap  : Called reconfigure on a bitmap that is in use! This may cause graphical corruption!
08-11 20:24:25.636  7058  7058 W ps      : type=1400 audit(0.0:10903): avc: denied { getattr } for path="/proc/337" dev="proc" ino=582867 scontext=u:r:shell:s0 tcontext=u:r:logd:s0 tclass=dir permissive=0
08-11 20:24:25.636  7058  7058 W ps      : type=1400 audit(0.0:10904): avc: denied { read } for name="task" dev="proc" ino=582871 scontext=u:r:shell:s0 tcontext=u:r:logd:s0 tclass=dir permissive=0
08-11 20:24:25.695  5686  5686 W Bitmap  : Called reconfigure on a bitmap that is in use! This may cause graphical corruption!
08-11 20:24:25.750  5686  5686 W Bitmap  : Called reconfigure on a bitmap that is in use! This may cause graphical corruption!
08-11 20:24:25.805  5686  5686 W Bitmap  : Called reconfigure on a bitmap that is in use! This may cause graphical corruption!
08-11 20:24:25.859  5686  5686 W Bitmap  : Called reconfigure on a bitmap that is in use! This may cause graphical corruption!
08-11 20:24:25.914  5686  5686 W Bitmap  : Called reconfigure on a bitmap that is in use! This may cause graphical corruption!
08-11 20:24:25.968  5686  5686 W Bitmap  : Called reconfigure on a bitmap that is in use! This may cause graphical corruption!
08-11 20:24:26.023  5686  5686 W Bitmap  : Called reconfigure on a bitmap that is in use! This may cause graphical corruption!
08-11 20:24:26.078  5686  5686 W Bitmap  : Called reconfigure on a bitmap that is in use! This may cause graphical corruption!
08-11 20:24:26.133  5686  5686 W Bitmap  : Called reconfigure on a bitmap that is in use! This may cause graphical corruption!
08-11 20:24:26.189  5686  5686 W Bitmap  : Called reconfigure on a bitmap that is in use! This may cause graphical corruption!
08-11 20:24:26.244  5686  5686 W Bitmap  : Called reconfigure on a bitmap that is in use! This may cause graphical corruption!
08-11 20:24:26.301  5686  5686 W Bitmap  : Called reconfigure on a bitmap that is in use! This may cause graphical corruption!
08-11 20:24:26.358  5686  5686 W Bitmap  : Called reconfigure on a bitmap that is in use! This may cause graphical corruption!
08-11 20:24:26.413  5686  5686 W Bitmap  : Called reconfigure on a bitmap that is in use! This may cause graphical corruption!
08-11 20:24:26.468  5686  5686 W Bitmap  : Called reconfigure on a bitmap that is in use! This may cause graphical corruption!
08-11 20:24:26.524  5686  5686 W Bitmap  : Called reconfigure on a bitmap that is in use! This may cause graphical corruption!
08-11 20:24:26.580  5686  5686 W Bitmap  : Called reconfigure on a bitmap that is in use! This may cause graphical corruption!
08-11 20:24:26.635  5686  5686 W Bitmap  : Called reconfigure on a bitmap that is in use! This may cause graphical corruption!
08-11 20:24:26.691  5686  5686 W Bitmap  : Called reconfigure on a bitmap that is in use! This may cause graphical corruption!
08-11 20:24:26.745  5686  5686 W Bitmap  : Called reconfigure on a bitmap that is in use! This may cause graphical corruption!
08-11 20:24:26.800  5686  5686 W Bitmap  : Called reconfigure on a bitmap that is in use! This may cause graphical corruption!
08-11 20:24:26.856  5686  5686 W Bitmap  : Called reconfigure on a bitmap that is in use! This may cause graphical corruption!
08-11 20:24:26.913  5686  5686 W Bitmap  : Called reconfigure on a bitmap that is in use! This may cause graphical corruption!
08-11 20:24:26.974  5686  5686 W Bitmap  : Called reconfigure on a bitmap that is in use! This may cause graphical corruption!
08-11 20:24:27.033  5686  5686 W Bitmap  : Called reconfigure on a bitmap that is in use! This may cause graphical corruption!
08-11 20:24:27.081   611   706 I ThermalEngine: ACTION: GPU - Setting GPU[0] to 390000000
08-11 20:24:27.093  5686  5686 W Bitmap  : Called reconfigure on a bitmap that is in use! This may cause graphical corruption!
08-11 20:24:27.136  7072  7072 W ps      : type=1400 audit(0.0:10905): avc: denied { getattr } for path="/proc/337" dev="proc" ino=582867 scontext=u:r:shell:s0 tcontext=u:r:logd:s0 tclass=dir permissive=0
08-11 20:24:27.136  7072  7072 W ps      : type=1400 audit(0.0:10906): avc: denied { read } for name="task" dev="proc" ino=582871 scontext=u:r:shell:s0 tcontext=u:r:logd:s0 tclass=dir permissive=0
08-11 20:24:27.149  5686  5686 W Bitmap  : Called reconfigure on a bitmap that is in use! This may cause graphical corruption!
08-11 20:24:27.203  5686  5686 W Bitmap  : Called reconfigure on a bitmap that is in use! This may cause graphical corruption!
08-11 20:24:27.259  5686  5686 W Bitmap  : Called reconfigure on a bitmap that is in use! This may cause graphical corruption!
08-11 20:24:27.314  5686  5686 W Bitmap  : Called reconfigure on a bitmap that is in use! This may cause graphical corruption!
08-11 20:24:27.370  5686  5686 W Bitmap  : Called reconfigure on a bitmap that is in use! This may cause graphical corruption!
08-11 20:24:27.426  5686  5686 W Bitmap  : Called reconfigure on a bitmap that is in use! This may cause graphical corruption!
08-11 20:24:27.486  5686  5686 W Bitmap  : Called reconfigure on a bitmap that is in use! This may cause graphical corruption!
08-11 20:24:27.542  5686  5686 W Bitmap  : Called reconfigure on a bitmap that is in use! This may cause graphical corruption!
08-11 20:24:27.597  5686  5686 W Bitmap  : Called reconfigure on a bitmap that is in use! This may cause graphical corruption!
08-11 20:24:27.651  5686  5686 W Bitmap  : Called reconfigure on a bitmap that is in use! This may cause graphical corruption!
08-11 20:24:27.706  5686  5686 W Bitmap  : Called reconfigure on a bitmap that is in use! This may cause graphical corruption!
08-11 20:24:27.762  5686  5686 W Bitmap  : Called reconfigure on a bitmap that is in use! This may cause graphical corruption!
08-11 20:24:27.818  5686  5686 W Bitmap  : Called reconfigure on a bitmap that is in use! This may cause graphical corruption!
08-11 20:24:27.875  5686  5686 W Bitmap  : Called reconfigure on a bitmap that is in use! This may cause graphical corruption!
08-11 20:24:27.931  5686  5686 W Bitmap  : Called reconfigure on a bitmap that is in use! This may cause graphical corruption!
08-11 20:24:27.986  5686  5686 W Bitmap  : Called reconfigure on a bitmap that is in use! This may cause graphical corruption!
08-11 20:24:28.042  5686  5686 W Bitmap  : Called reconfigure on a bitmap that is in use! This may cause graphical corruption!
08-11 20:24:28.097  5686  5686 W Bitmap  : Called reconfigure on a bitmap that is in use! This may cause graphical corruption!
08-11 20:24:28.153  5686  5686 W Bitmap  : Called reconfigure on a bitmap that is in use! This may cause graphical corruption!
08-11 20:24:28.208  5686  5686 W Bitmap  : Called reconfigure on a bitmap that is in use! This may cause graphical corruption!
08-11 20:24:28.264  5686  5686 W Bitmap  : Called reconfigure on a bitmap that is in use! This may cause graphical corruption!
08-11 20:24:28.319  5686  5686 W Bitmap  : Called reconfigure on a bitmap that is in use! This may cause graphical corruption!
08-11 20:24:28.374  5686  5686 W Bitmap  : Called reconfigure on a bitmap that is in use! This may cause graphical corruption!
08-11 20:24:28.430  5686  5686 W Bitmap  : Called reconfigure on a bitmap that is in use! This may cause graphical corruption!
08-11 20:24:28.487  5686  5686 W Bitmap  : Called reconfigure on a bitmap that is in use! This may cause graphical corruption!
08-11 20:24:28.543  5686  5686 W Bitmap  : Called reconfigure on a bitmap that is in use! This may cause graphical corruption!
08-11 20:24:28.586  3238  6894 I GCoreUlr: Successfully inserted 1 locations
08-11 20:24:28.598  5686  5686 W Bitmap  : Called reconfigure on a bitmap that is in use! This may cause graphical corruption!
08-11 20:24:28.596  7082  7082 W ps      : type=1400 audit(0.0:10907): avc: denied { getattr } for path="/proc/337" dev="proc" ino=582867 scontext=u:r:shell:s0 tcontext=u:r:logd:s0 tclass=dir permissive=0
08-11 20:24:28.596  7082  7082 W ps      : type=1400 audit(0.0:10908): avc: denied { read } for name="task" dev="proc" ino=582871 scontext=u:r:shell:s0 tcontext=u:r:logd:s0 tclass=dir permissive=0
08-11 20:24:28.653  5686  5686 W Bitmap  : Called reconfigure on a bitmap that is in use! This may cause graphical corruption!
08-11 20:24:28.708  5686  5686 W Bitmap  : Called reconfigure on a bitmap that is in use! This may cause graphical corruption!
08-11 20:24:28.766  5686  5686 W Bitmap  : Called reconfigure on a bitmap that is in use! This may cause graphical corruption!
08-11 20:24:28.810  5686  5732 V Adjust  : Foreground timer fired
08-11 20:24:28.828  5686  5732 D Adjust  : Wrote Activity state: ec:4 sc:1 ssc:1 sl:62.0 ts:62.0 la:11:12:13 uuid:794e33a6-8856-48ac-97e9-18be023da95a
08-11 20:24:28.831  5686  5686 W Bitmap  : Called reconfigure on a bitmap that is in use! This may cause graphical corruption!
08-11 20:24:28.889  5686  5686 W Bitmap  : Called reconfigure on a bitmap that is in use! This may cause graphical corruption!
08-11 20:24:28.944  5686  5686 W Bitmap  : Called reconfigure on a bitmap that is in use! This may cause graphical corruption!
08-11 20:24:28.999  5686  5686 W Bitmap  : Called reconfigure on a bitmap that is in use! This may cause graphical corruption!
08-11 20:24:29.054  5686  5686 W Bitmap  : Called reconfigure on a bitmap that is in use! This may cause graphical corruption!
08-11 20:24:29.090   611   706 I ThermalEngine: ACTION: GPU - Setting GPU[0] to 450000000
08-11 20:24:29.109  5686  5686 W Bitmap  : Called reconfigure on a bitmap that is in use! This may cause graphical corruption!
08-11 20:24:29.165  5686  5686 W Bitmap  : Called reconfigure on a bitmap that is in use! This may cause graphical corruption!
08-11 20:24:29.221  5686  5686 W Bitmap  : Called reconfigure on a bitmap that is in use! This may cause graphical corruption!
08-11 20:24:29.277  5686  5686 W Bitmap  : Called reconfigure on a bitmap that is in use! This may cause graphical corruption!
08-11 20:24:29.334  5686  5686 W Bitmap  : Called reconfigure on a bitmap that is in use! This may cause graphical corruption!
08-11 20:24:29.390  5686  5686 W Bitmap  : Called reconfigure on a bitmap that is in use! This may cause graphical corruption!
08-11 20:24:29.447  5686  5686 W Bitmap  : Called reconfigure on a bitmap that is in use! This may cause graphical corruption!
08-11 20:24:29.469  5686  7093 V Adjust  : Response: {"app_token":"puue7pqf3sf7","adid":"efbadd7ede937457092f61059967c1e1","attribution":{"tracker_token":"nonk7i","tracker_name":"Organic","network":"Organic"}}
08-11 20:24:29.469  5686  7093 I Adjust  : No message found
08-11 20:24:29.482  5686  7097 D Adjust  : Wrote Package queue: [event'dyael4', event'ik67xu', event'1jqz5y']
08-11 20:24:29.485  5686  7097 D Adjust  : Package handler wrote 3 packages
08-11 20:24:29.485  5686  7097 V Adjust  : Package handler can send
08-11 20:24:29.504  5686  5686 W Bitmap  : Called reconfigure on a bitmap that is in use! This may cause graphical corruption!
08-11 20:24:29.561  5686  5686 W Bitmap  : Called reconfigure on a bitmap that is in use! This may cause graphical corruption!
08-11 20:24:29.618  5686  5686 W Bitmap  : Called reconfigure on a bitmap that is in use! This may cause graphical corruption!
08-11 20:24:29.677  5686  5686 W Bitmap  : Called reconfigure on a bitmap that is in use! This may cause graphical corruption!
08-11 20:24:29.733  5686  5686 W Bitmap  : Called reconfigure on a bitmap that is in use! This may cause graphical corruption!
08-11 20:24:29.788  5686  5686 W Bitmap  : Called reconfigure on a bitmap that is in use! This may cause graphical corruption!
08-11 20:24:29.823  1029  3535 D WifiService: acquireWifiLockLocked: WifiLock{NlpWifiLock type=2 binder=android.os.BinderProxy@d43317}
08-11 20:24:29.826  1029  3002 D wifi    : Initialized common fields 10000, 25, 100, 10
08-11 20:24:29.826  1029  3002 D wifi    : bucket[0] = 2:3:10000:2
08-11 20:24:29.842  5686  5686 W Bitmap  : Called reconfigure on a bitmap that is in use! This may cause graphical corruption!
08-11 20:24:29.897  5686  5686 W Bitmap  : Called reconfigure on a bitmap that is in use! This may cause graphical corruption!
08-11 20:24:29.951  5686  5686 W Bitmap  : Called reconfigure on a bitmap that is in use! This may cause graphical corruption!
08-11 20:24:30.007  5686  5686 W Bitmap  : Called reconfigure on a bitmap that is in use! This may cause graphical corruption!
08-11 20:24:30.026  7110  7110 W ps      : type=1400 audit(0.0:10909): avc: denied { getattr } for path="/proc/337" dev="proc" ino=582867 scontext=u:r:shell:s0 tcontext=u:r:logd:s0 tclass=dir permissive=0
08-11 20:24:30.026  7110  7110 W ps      : type=1400 audit(0.0:10910): avc: denied { read } for name="task" dev="proc" ino=582871 scontext=u:r:shell:s0 tcontext=u:r:logd:s0 tclass=dir permissive=0
08-11 20:24:30.062  5686  5686 W Bitmap  : Called reconfigure on a bitmap that is in use! This may cause graphical corruption!
08-11 20:24:30.108  5686  7098 V Adjust  : Response: {"app_token":"puue7pqf3sf7","adid":"efbadd7ede937457092f61059967c1e1","attribution":{"tracker_token":"nonk7i","tracker_name":"Organic","network":"Organic"}}
08-11 20:24:30.108  5686  7098 I Adjust  : No message found
08-11 20:24:30.116  5686  7118 D Adjust  : Wrote Package queue: [event'ik67xu', event'1jqz5y']
08-11 20:24:30.117  5686  5686 W Bitmap  : Called reconfigure on a bitmap that is in use! This may cause graphical corruption!
08-11 20:24:30.117  5686  7118 D Adjust  : Package handler wrote 2 packages
08-11 20:24:30.117  5686  7118 V Adjust  : Package handler can send
08-11 20:24:30.130  3312  3312 D Geolocation: {"bearing":0,"timestamp":1502497470930,"speed":0,"time_created":1502497470129,"lat_lon":{"lon":-79.9454713,"lat":40.4432541},"accuracy":1220,"provider":"fused"}
08-11 20:24:30.171  5686  5686 W Bitmap  : Called reconfigure on a bitmap that is in use! This may cause graphical corruption!
08-11 20:24:30.225  5686  5686 W Bitmap  : Called reconfigure on a bitmap that is in use! This may cause graphical corruption!
08-11 20:24:30.279  5686  5686 W Bitmap  : Called reconfigure on a bitmap that is in use! This may cause graphical corruption!
08-11 20:24:30.334  5686  5686 W Bitmap  : Called reconfigure on a bitmap that is in use! This may cause graphical corruption!
08-11 20:24:30.357  1029  3140 I ActivityManager: Killing 25444:com.google.android.apps.walletnfcrel/u0a73 (adj 15): empty #17
08-11 20:24:30.390  5686  5686 W Bitmap  : Called reconfigure on a bitmap that is in use! This may cause graphical corruption!
08-11 20:24:30.445  5686  5686 W Bitmap  : Called reconfigure on a bitmap that is in use! This may cause graphical corruption!
08-11 20:24:30.465  1029  3509 D WifiService: releaseWifiLockLocked: WifiLock{NlpWifiLock type=2 binder=android.os.BinderProxy@d43317}
08-11 20:24:30.500  5686  5686 W Bitmap  : Called reconfigure on a bitmap that is in use! This may cause graphical corruption!
08-11 20:24:30.555  5686  5686 W Bitmap  : Called reconfigure on a bitmap that is in use! This may cause graphical corruption!
08-11 20:24:30.601  5686  5686 D LOCDEBUG: init accuracy:MEDIUM_KM recentness:MINUTE_5
08-11 20:24:30.712  7121  7121 D AndroidRuntime: >>>>>> START com.android.internal.os.RuntimeInit uid 2000 <<<<<<
08-11 20:24:30.717  7121  7121 D AndroidRuntime: CheckJNI is OFF
08-11 20:24:30.754  7121  7121 D ICU     : No timezone override file found: /data/misc/zoneinfo/current/icu/icu_tzdata.dat
08-11 20:24:30.800  7121  7121 I Radio-JNI: register_android_hardware_Radio DONE
08-11 20:24:30.831  7121  7121 D AndroidRuntime: Calling main entry com.android.commands.input.Input
08-11 20:24:30.835  7121  7121 I Input   : injectMotionEvent: MotionEvent { action=ACTION_DOWN, actionButton=0, id[0]=0, x[0]=1008.0, y[0]=2294.0, toolType[0]=TOOL_TYPE_UNKNOWN, buttonState=0, metaState=0, flags=0x0, edgeFlags=0x0, pointerCount=1, historySize=0, eventTime=10571057, downTime=10571057, deviceId=0, source=0x1002 }
08-11 20:24:30.861  7121  7121 I Input   : injectMotionEvent: MotionEvent { action=ACTION_MOVE, actionButton=0, id[0]=0, x[0]=1008.0, y[0]=2294.0, toolType[0]=TOOL_TYPE_UNKNOWN, buttonState=0, metaState=0, flags=0x0, edgeFlags=0x0, pointerCount=1, historySize=0, eventTime=10571057, downTime=10571057, deviceId=0, source=0x1002 }
08-11 20:24:30.891  7121  7121 I Input   : injectMotionEvent: MotionEvent { action=ACTION_MOVE, actionButton=0, id[0]=0, x[0]=1008.0, y[0]=2294.0, toolType[0]=TOOL_TYPE_UNKNOWN, buttonState=0, metaState=0, flags=0x0, edgeFlags=0x0, pointerCount=1, historySize=0, eventTime=10571114, downTime=10571114, deviceId=0, source=0x1002 }
08-11 20:24:30.964  7121  7121 I Input   : injectMotionEvent: MotionEvent { action=ACTION_MOVE, actionButton=0, id[0]=0, x[0]=1008.0, y[0]=2294.0, toolType[0]=TOOL_TYPE_UNKNOWN, buttonState=0, metaState=0, flags=0x0, edgeFlags=0x0, pointerCount=1, historySize=0, eventTime=10571187, downTime=10571187, deviceId=0, source=0x1002 }
08-11 20:24:30.965  5686  5732 I Adjust  : Buffered event '1jqz5y'
08-11 20:24:30.966  5686  7141 D Adjust  : Added package 3 (event'1jqz5y')
08-11 20:24:30.966  5686  5732 D Adjust  : Wrote Activity state: ec:5 sc:1 ssc:1 sl:63.8 ts:63.8 la:11:12:13 uuid:794e33a6-8856-48ac-97e9-18be023da95a
08-11 20:24:30.966  5686  7141 V Adjust  : Path:      /event
08-11 20:24:30.966  5686  7141 V Adjust  : ClientSdk: android4.10.2
08-11 20:24:30.966  5686  7141 V Adjust  : Parameters:
08-11 20:24:30.966  5686  7141 V Adjust  : 	android_uuid     794e33a6-8856-48ac-97e9-18be023da95a
08-11 20:24:30.966  5686  7141 V Adjust  : 	api_level        23
08-11 20:24:30.966  5686  7141 V Adjust  : 	app_token        puue7pqf3sf7
08-11 20:24:30.966  5686  7141 V Adjust  : 	app_version      9.17.0
08-11 20:24:30.966  5686  7141 V Adjust  : 	attribution_deeplink 1
08-11 20:24:30.966  5686  7141 V Adjust  : 	callback_params  {"y_device_id":"y_27d0f21a-de3d-4b7f-8317-0a855e8f1191"}
08-11 20:24:30.966  5686  7141 V Adjust  : 	country          US
08-11 20:24:30.966  5686  7141 V Adjust  : 	cpu_type         arm64-v8a
08-11 20:24:30.966  5686  7141 V Adjust  : 	created_at       2017-08-11T20:24:30.600Z-0400
08-11 20:24:30.966  5686  7141 V Adjust  : 	device_manufacturer Huawei
08-11 20:24:30.966  5686  7141 V Adjust  : 	device_name      Nexus 6P
08-11 20:24:30.966  5686  7141 V Adjust  : 	device_type      phone
08-11 20:24:30.966  5686  7141 V Adjust  : 	display_height   2392
08-11 20:24:30.966  5686  7141 V Adjust  : 	display_width    1440
08-11 20:24:30.966  5686  7141 V Adjust  : 	environment      production
08-11 20:24:30.966  5686  7141 V Adjust  : 	event_buffering_enabled 1
08-11 20:24:30.966  5686  7141 V Adjust  : 	event_count      5
08-11 20:24:30.966  5686  7141 V Adjust  : 	event_token      1jqz5y
08-11 20:24:30.966  5686  7141 V Adjust  : 	fb_id            098075e8-ff5c-4364-9092-70dbbc376d54
08-11 20:24:30.966  5686  7141 V Adjust  : 	gps_adid         a9e6374d-5ffc-4dfd-af2f-ea5d1c640cdf
08-11 20:24:30.966  5686  7141 V Adjust  : 	hardware_name    MMB29N
08-11 20:24:30.966  5686  7141 V Adjust  : 	language         en
08-11 20:24:30.966  5686  7141 V Adjust  : 	needs_response_details 1
08-11 20:24:30.966  5686  7141 V Adjust  : 	os_name          android
08-11 20:24:30.966  5686  7141 V Adjust  : 	os_version       6.0
08-11 20:24:30.966  5686  7141 V Adjust  : 	package_name     com.yelp.android
08-11 20:24:30.966  5686  7141 V Adjust  : 	screen_density   high
08-11 20:24:30.966  5686  7141 V Adjust  : 	screen_format    normal
08-11 20:24:30.966  5686  7141 V Adjust  : 	screen_size      normal
08-11 20:24:30.966  5686  7141 V Adjust  : 	session_count    1
08-11 20:24:30.966  5686  7141 V Adjust  : 	session_length   64
08-11 20:24:30.966  5686  7141 V Adjust  : 	subsession_count 1
08-11 20:24:30.966  5686  7141 V Adjust  : 	time_spent       64
08-11 20:24:30.966  5686  7141 V Adjust  : 	tracking_enabled 1
08-11 20:24:30.975  5686  7141 D Adjust  : Wrote Package queue: [event'ik67xu', event'1jqz5y', event'1jqz5y']
08-11 20:24:30.975  5686  7141 D Adjust  : Package handler wrote 3 packages
08-11 20:24:30.990  7121  7121 I Input   : injectMotionEvent: MotionEvent { action=ACTION_MOVE, actionButton=0, id[0]=0, x[0]=1008.0, y[0]=2294.0, toolType[0]=TOOL_TYPE_UNKNOWN, buttonState=0, metaState=0, flags=0x0, edgeFlags=0x0, pointerCount=1, historySize=0, eventTime=10571212, downTime=10571212, deviceId=0, source=0x1002 }
08-11 20:24:31.014  7121  7121 I Input   : injectMotionEvent: MotionEvent { action=ACTION_MOVE, actionButton=0, id[0]=0, x[0]=1008.0, y[0]=2294.0, toolType[0]=TOOL_TYPE_UNKNOWN, buttonState=0, metaState=0, flags=0x0, edgeFlags=0x0, pointerCount=1, historySize=0, eventTime=10571237, downTime=10571237, deviceId=0, source=0x1002 }
08-11 20:24:31.039  7121  7121 I Input   : injectMotionEvent: MotionEvent { action=ACTION_UP, actionButton=0, id[0]=0, x[0]=1008.0, y[0]=2294.0, toolType[0]=TOOL_TYPE_UNKNOWN, buttonState=0, metaState=0, flags=0x0, edgeFlags=0x0, pointerCount=1, historySize=0, eventTime=10571261, downTime=10571261, deviceId=0, source=0x1002 }
08-11 20:24:31.040  7121  7121 D AndroidRuntime: Shutting down VM
08-11 20:24:31.042   605  2877 D audio_hw_primary: out_set_parameters: enter: usecase(1: low-latency-playback) kvpairs: routing=2
08-11 20:24:31.043  1029  3535 I ActivityManager: START u0 {flg=0x10000 cmp=com.yelp.android/.ui.activities.feed.ActivityFeed (has extras)} from uid 10500 on display 0
08-11 20:24:31.055   605  2877 D audio_hw_primary: select_devices: out_snd_device(2: speaker) in_snd_device(0: none)
08-11 20:24:31.055   605  2877 D msm8974_platform: platform_send_audio_calibration: sending audio calibration for snd_device(2) acdb_id(15)
08-11 20:24:31.055   605  2877 I soundtrigger: audio_extn_sound_trigger_update_device_status: device 0x2 of type 0 for Event 1
08-11 20:24:31.069  1029  3509 I sensors : activate
08-11 20:24:31.070   605  2877 D audio_hw_primary: enable_snd_device: snd_device(2: speaker)
08-11 20:24:31.072  5686  5732 V Adjust  : Foreground timer suspended with 57.8 seconds left
08-11 20:24:31.073   605  2877 D audio_hw_primary: enable_audio_route: apply and update mixer path: low-latency-playback speaker
08-11 20:24:31.074  5686  5732 V Adjust  : Subsession end
08-11 20:24:31.075  5686  5732 D Adjust  : Wrote Activity state: ec:5 sc:1 ssc:1 sl:64.3 ts:64.3 la:11:12:13 uuid:794e33a6-8856-48ac-97e9-18be023da95a
08-11 20:24:31.076  1029  2964 I hubconnection: sensorhub said: 'activate 8 enable:0'
08-11 20:24:31.111  5686  5686 I AppCompatViewInflater: app:theme is now deprecated. Please move to using android:theme instead.
08-11 20:24:31.201  5686  5686 D LOCDEBUG: init accuracy:MEDIUM_KM recentness:MINUTE_15
08-11 20:24:31.207  5686  5686 D LOCDEBUG: init accuracy:COARSE recentness:DAY
08-11 20:24:31.213  5686  5732 V Adjust  : Foreground timer starting
08-11 20:24:31.213  5686  5732 V Adjust  : Subsession start
08-11 20:24:31.213  5686  5732 V Adjust  : Time span since last activity too short for a new subsession
08-11 20:24:31.269  5686  7098 V Adjust  : Response: {"app_token":"puue7pqf3sf7","adid":"efbadd7ede937457092f61059967c1e1","attribution":{"tracker_token":"nonk7i","tracker_name":"Organic","network":"Organic"}}
08-11 20:24:31.269  5686  7098 I Adjust  : No message found
08-11 20:24:31.278  5686  7147 D Adjust  : Wrote Package queue: [event'1jqz5y', event'1jqz5y']
08-11 20:24:31.279  5686  7147 D Adjust  : Package handler wrote 2 packages
08-11 20:24:31.279  5686  7147 V Adjust  : Package handler can send
08-11 20:24:31.327  5686  5686 W Bitmap  : Called reconfigure on a bitmap that is in use! This may cause graphical corruption!
08-11 20:24:31.330  1029  2910 I ActivityManager: Displayed com.yelp.android/.ui.activities.feed.ActivityFeed: +259ms
08-11 20:24:31.379  5686  5686 W Bitmap  : Called reconfigure on a bitmap that is in use! This may cause graphical corruption!
08-11 20:24:31.406  5686  5686 W Bitmap  : Called reconfigure on a bitmap that is in use! This may cause graphical corruption!
08-11 20:24:31.436  7151  7151 W ps      : type=1400 audit(0.0:10911): avc: denied { getattr } for path="/proc/337" dev="proc" ino=582867 scontext=u:r:shell:s0 tcontext=u:r:logd:s0 tclass=dir permissive=0
08-11 20:24:31.436  7151  7151 W ps      : type=1400 audit(0.0:10912): avc: denied { read } for name="task" dev="proc" ino=582871 scontext=u:r:shell:s0 tcontext=u:r:logd:s0 tclass=dir permissive=0
08-11 20:24:31.445  4819  4819 I ServiceManager: Waiting for service AtCmdFwd...
08-11 20:24:31.459  5686  5686 W Bitmap  : Called reconfigure on a bitmap that is in use! This may cause graphical corruption!
08-11 20:24:31.479  5686  5686 W Bitmap  : Called reconfigure on a bitmap that is in use! This may cause graphical corruption!
08-11 20:24:31.518  1029  2970 I InputReader: Reconfiguring input devices.  changes=0x00000010
08-11 20:24:31.534  5686  5686 W Bitmap  : Called reconfigure on a bitmap that is in use! This may cause graphical corruption!
08-11 20:24:31.560  5686  5686 W Bitmap  : Called reconfigure on a bitmap that is in use! This may cause graphical corruption!
08-11 20:24:31.583  3667  7156 D Wear_Controller: Received broadcast action=android.intent.action.PACKAGE_CHANGED and uri=com.google.android.apps.plus
08-11 20:24:31.588  5686  5686 W Bitmap  : Called reconfigure on a bitmap that is in use! This may cause graphical corruption!
08-11 20:24:31.609   605  2877 D audio_hw_primary: disable_audio_route: reset and update mixer path: low-latency-playback speaker
08-11 20:24:31.611   605  2877 D audio_hw_primary: disable_snd_device: snd_device(2: speaker)
08-11 20:24:31.628  5686  5686 W Bitmap  : Called reconfigure on a bitmap that is in use! This may cause graphical corruption!
08-11 20:24:31.632   605  2877 I soundtrigger: audio_extn_sound_trigger_update_device_status: device 0x2 of type 0 for Event 0
08-11 20:24:31.643  5686  5686 W Bitmap  : Called reconfigure on a bitmap that is in use! This may cause graphical corruption!
08-11 20:24:31.697  5686  5686 W Bitmap  : Called reconfigure on a bitmap that is in use! This may cause graphical corruption!
08-11 20:24:31.711  5686  5686 W Bitmap  : Called reconfigure on a bitmap that is in use! This may cause graphical corruption!
08-11 20:24:31.712  3667  7168 I Icing   : App usage reports: 1
08-11 20:24:31.712  3667  7168 I Icing   : Usage reports 2 indexed 1 rejected 0 imm upload false
08-11 20:24:31.750  3667  7168 I Icing   : Usage reports 0 indexed 0 rejected 0 imm upload false
08-11 20:24:31.758  5686  5686 W Bitmap  : Called reconfigure on a bitmap that is in use! This may cause graphical corruption!
08-11 20:24:31.771  5686  5686 W Bitmap  : Called reconfigure on a bitmap that is in use! This may cause graphical corruption!
08-11 20:24:31.822  5686  5686 W Bitmap  : Called reconfigure on a bitmap that is in use! This may cause graphical corruption!
08-11 20:24:31.833  5686  5686 W Bitmap  : Called reconfigure on a bitmap that is in use! This may cause graphical corruption!
08-11 20:24:31.834  5686  7098 V Adjust  : Response: {"app_token":"puue7pqf3sf7","adid":"efbadd7ede937457092f61059967c1e1","attribution":{"tracker_token":"nonk7i","tracker_name":"Organic","network":"Organic"}}
08-11 20:24:31.835  5686  7098 I Adjust  : No message found
08-11 20:24:31.846  5686  7172 D Adjust  : Wrote Package queue: [event'1jqz5y']
08-11 20:24:31.848  5686  7172 D Adjust  : Package handler wrote 1 packages
08-11 20:24:31.848  5686  7172 V Adjust  : Package handler can send
08-11 20:24:31.864  3238 25293 I Auth    : [ReflectiveChannelBinder] Successfully bound channel!
08-11 20:24:31.881  5686  5686 W Bitmap  : Called reconfigure on a bitmap that is in use! This may cause graphical corruption!
08-11 20:24:31.893  5686  5686 W Bitmap  : Called reconfigure on a bitmap that is in use! This may cause graphical corruption!
08-11 20:24:31.940  5686  5686 W Bitmap  : Called reconfigure on a bitmap that is in use! This may cause graphical corruption!
08-11 20:24:31.952  5686  5686 W Bitmap  : Called reconfigure on a bitmap that is in use! This may cause graphical corruption!
08-11 20:24:31.998  5686  5686 W Bitmap  : Called reconfigure on a bitmap that is in use! This may cause graphical corruption!
08-11 20:24:32.008  5686  5686 W Bitmap  : Called reconfigure on a bitmap that is in use! This may cause graphical corruption!
08-11 20:24:32.057  5686  5686 W Bitmap  : Called reconfigure on a bitmap that is in use! This may cause graphical corruption!
08-11 20:24:32.067  5686  5686 W Bitmap  : Called reconfigure on a bitmap that is in use! This may cause graphical corruption!
08-11 20:24:32.099   611   706 I ThermalEngine: ACTION: GPU - Setting GPU[0] to 390000000
08-11 20:24:32.121  5686  5686 W Bitmap  : Called reconfigure on a bitmap that is in use! This may cause graphical corruption!
08-11 20:24:32.127  5686  5686 W Bitmap  : Called reconfigure on a bitmap that is in use! This may cause graphical corruption!
08-11 20:24:32.180  5686  5686 W Bitmap  : Called reconfigure on a bitmap that is in use! This may cause graphical corruption!
08-11 20:24:32.187  5686  5686 W Bitmap  : Called reconfigure on a bitmap that is in use! This may cause graphical corruption!
08-11 20:24:32.239  5686  5686 W Bitmap  : Called reconfigure on a bitmap that is in use! This may cause graphical corruption!
08-11 20:24:32.246  5686  5686 W Bitmap  : Called reconfigure on a bitmap that is in use! This may cause graphical corruption!
08-11 20:24:32.300  5686  5686 W Bitmap  : Called reconfigure on a bitmap that is in use! This may cause graphical corruption!
08-11 20:24:32.309  5686  5686 W Bitmap  : Called reconfigure on a bitmap that is in use! This may cause graphical corruption!
08-11 20:24:32.361  5686  5686 W Bitmap  : Called reconfigure on a bitmap that is in use! This may cause graphical corruption!
08-11 20:24:32.367  5686  5686 W Bitmap  : Called reconfigure on a bitmap that is in use! This may cause graphical corruption!
08-11 20:24:32.407  5686  7173 V Adjust  : Response: {"app_token":"puue7pqf3sf7","adid":"efbadd7ede937457092f61059967c1e1","attribution":{"tracker_token":"nonk7i","tracker_name":"Organic","network":"Organic"}}
08-11 20:24:32.407  5686  7173 I Adjust  : No message found
08-11 20:24:32.411  5686  7191 D Adjust  : Wrote Package queue: []
08-11 20:24:32.412  5686  7191 D Adjust  : Package handler wrote 0 packages
08-11 20:24:32.412  5686  7191 V Adjust  : Package handler can send
08-11 20:24:32.425  5686  5686 W Bitmap  : Called reconfigure on a bitmap that is in use! This may cause graphical corruption!
08-11 20:24:32.433  5686  5686 W Bitmap  : Called reconfigure on a bitmap that is in use! This may cause graphical corruption!
08-11 20:24:32.446  4819  4819 I ServiceManager: Waiting for service AtCmdFwd...
08-11 20:24:32.488  5686  5686 W Bitmap  : Called reconfigure on a bitmap that is in use! This may cause graphical corruption!
08-11 20:24:32.499  5686  5686 W Bitmap  : Called reconfigure on a bitmap that is in use! This may cause graphical corruption!
08-11 20:24:32.554  5686  5686 W Bitmap  : Called reconfigure on a bitmap that is in use! This may cause graphical corruption!
08-11 20:24:32.563  5686  5686 W Bitmap  : Called reconfigure on a bitmap that is in use! This may cause graphical corruption!
08-11 20:24:32.619  5686  5686 W Bitmap  : Called reconfigure on a bitmap that is in use! This may cause graphical corruption!
08-11 20:24:32.627  5686  5686 W Bitmap  : Called reconfigure on a bitmap that is in use! This may cause graphical corruption!
08-11 20:24:32.683  5686  5686 W Bitmap  : Called reconfigure on a bitmap that is in use! This may cause graphical corruption!
08-11 20:24:32.690  5686  5686 W Bitmap  : Called reconfigure on a bitmap that is in use! This may cause graphical corruption!
08-11 20:24:32.742  5686  5686 W Bitmap  : Called reconfigure on a bitmap that is in use! This may cause graphical corruption!
08-11 20:24:32.750  5686  5686 W Bitmap  : Called reconfigure on a bitmap that is in use! This may cause graphical corruption!
08-11 20:24:32.768  3667  9277 I Icing   : Indexing E0879F0328B2E8C6B84355C0762AF6F8249EBCAF from com.google.android.gms
08-11 20:24:32.804  5686  5686 W Bitmap  : Called reconfigure on a bitmap that is in use! This may cause graphical corruption!
08-11 20:24:32.816  5686  5686 W Bitmap  : Called reconfigure on a bitmap that is in use! This may cause graphical corruption!
08-11 20:24:32.867  5686  5686 W Bitmap  : Called reconfigure on a bitmap that is in use! This may cause graphical corruption!
08-11 20:24:32.876  5686  5686 W Bitmap  : Called reconfigure on a bitmap that is in use! This may cause graphical corruption!
08-11 20:24:32.896  7192  7192 W ps      : type=1400 audit(0.0:10913): avc: denied { getattr } for path="/proc/337" dev="proc" ino=582867 scontext=u:r:shell:s0 tcontext=u:r:logd:s0 tclass=dir permissive=0
08-11 20:24:32.896  7192  7192 W ps      : type=1400 audit(0.0:10914): avc: denied { read } for name="task" dev="proc" ino=582871 scontext=u:r:shell:s0 tcontext=u:r:logd:s0 tclass=dir permissive=0
08-11 20:24:32.933  5686  5686 W Bitmap  : Called reconfigure on a bitmap that is in use! This may cause graphical corruption!
08-11 20:24:32.952  5686  5686 W Bitmap  : Called reconfigure on a bitmap that is in use! This may cause graphical corruption!
08-11 20:24:33.007  5686  5686 W Bitmap  : Called reconfigure on a bitmap that is in use! This may cause graphical corruption!
08-11 20:24:33.036  5686  5686 W Bitmap  : Called reconfigure on a bitmap that is in use! This may cause graphical corruption!
08-11 20:24:33.086  5686  5686 W Bitmap  : Called reconfigure on a bitmap that is in use! This may cause graphical corruption!
08-11 20:24:33.104  5686  5686 W Bitmap  : Called reconfigure on a bitmap that is in use! This may cause graphical corruption!
08-11 20:24:33.159  5686  5686 W Bitmap  : Called reconfigure on a bitmap that is in use! This may cause graphical corruption!
08-11 20:24:33.166  5686  5686 W Bitmap  : Called reconfigure on a bitmap that is in use! This may cause graphical corruption!
08-11 20:24:33.224  5686  5686 W Bitmap  : Called reconfigure on a bitmap that is in use! This may cause graphical corruption!
08-11 20:24:33.250  5686  5686 W Bitmap  : Called reconfigure on a bitmap that is in use! This may cause graphical corruption!
