08-11 20:23:53.456  6400  6400 W ps      : type=1400 audit(0.0:10855): avc: denied { getattr } for path="/proc/337" dev="proc" ino=545411 scontext=u:r:shell:s0 tcontext=u:r:logd:s0 tclass=dir permissive=0
08-11 20:23:53.456  6400  6400 W ps      : type=1400 audit(0.0:10856): avc: denied { read } for name="task" dev="proc" ino=545747 scontext=u:r:shell:s0 tcontext=u:r:logd:s0 tclass=dir permissive=0
08-11 20:23:53.579  5686  5686 W Bitmap  : Called reconfigure on a bitmap that is in use! This may cause graphical corruption!
08-11 20:23:54.856  6416  6416 W ps      : type=1400 audit(0.0:10857): avc: denied { getattr } for path="/proc/337" dev="proc" ino=545411 scontext=u:r:shell:s0 tcontext=u:r:logd:s0 tclass=dir permissive=0
08-11 20:23:54.856  6416  6416 W ps      : type=1400 audit(0.0:10858): avc: denied { read } for name="task" dev="proc" ino=545747 scontext=u:r:shell:s0 tcontext=u:r:logd:s0 tclass=dir permissive=0
08-11 20:23:56.066  1029 25253 D WifiService: acquireWifiLockLocked: WifiLock{NlpWifiLock type=2 binder=android.os.BinderProxy@c213329}
08-11 20:23:56.069  1029  3002 D wifi    : Initialized common fields 10000, 25, 100, 10
08-11 20:23:56.069  1029  3002 D wifi    : bucket[0] = 2:3:10000:2
08-11 20:23:56.266  6438  6438 W ps      : type=1400 audit(0.0:10859): avc: denied { getattr } for path="/proc/337" dev="proc" ino=545411 scontext=u:r:shell:s0 tcontext=u:r:logd:s0 tclass=dir permissive=0
08-11 20:23:56.266  6438  6438 W ps      : type=1400 audit(0.0:10860): avc: denied { read } for name="task" dev="proc" ino=545747 scontext=u:r:shell:s0 tcontext=u:r:logd:s0 tclass=dir permissive=0
08-11 20:23:56.437  4819  4819 I ServiceManager: Waiting for service AtCmdFwd...
08-11 20:23:57.041  3312  3312 D Geolocation: {"bearing":0,"timestamp":1502497436667,"speed":0,"time_created":1502497437040,"lat_lon":{"lon":-79.9454689,"lat":40.4432516},"accuracy":19.657,"provider":"fused"}
08-11 20:23:57.045  1029  3103 D WifiService: releaseWifiLockLocked: WifiLock{NlpWifiLock type=2 binder=android.os.BinderProxy@c213329}
08-11 20:23:57.056  3238  4903 I GCoreUlr: Successfully inserted 1 locations
08-11 20:23:57.437  4819  4819 I ServiceManager: Waiting for service AtCmdFwd...
08-11 20:23:57.517  3894  3894 W SearchService: Abort, client detached.
08-11 20:23:57.589  3894  5020 W ErrorReporter: reportError [type: 29, code: 917507]: null
08-11 20:23:57.594  3238  3238 W GCM-DMM : broadcast intent callback: result=CANCELLED forIntent { act=com.google.android.c2dm.intent.RECEIVE pkg=com.google.android.googlequicksearchbox (has extras) }
08-11 20:23:57.656  6461  6461 W ps      : type=1400 audit(0.0:10861): avc: denied { getattr } for path="/proc/337" dev="proc" ino=545411 scontext=u:r:shell:s0 tcontext=u:r:logd:s0 tclass=dir permissive=0
08-11 20:23:57.656  6461  6461 W ps      : type=1400 audit(0.0:10862): avc: denied { read } for name="task" dev="proc" ino=545747 scontext=u:r:shell:s0 tcontext=u:r:logd:s0 tclass=dir permissive=0
08-11 20:23:57.838  6459  6459 D AndroidRuntime: >>>>>> START com.android.internal.os.RuntimeInit uid 2000 <<<<<<
08-11 20:23:57.844  6459  6459 D AndroidRuntime: CheckJNI is OFF
08-11 20:23:57.885  6459  6459 D ICU     : No timezone override file found: /data/misc/zoneinfo/current/icu/icu_tzdata.dat
08-11 20:23:57.929  6459  6459 I Radio-JNI: register_android_hardware_Radio DONE
08-11 20:23:57.957  6459  6459 D AndroidRuntime: Calling main entry com.android.commands.input.Input
08-11 20:23:57.960  6459  6459 I Input   : injectMotionEvent: MotionEvent { action=ACTION_DOWN, actionButton=0, id[0]=0, x[0]=1296.0, y[0]=2294.0, toolType[0]=TOOL_TYPE_UNKNOWN, buttonState=0, metaState=0, flags=0x0, edgeFlags=0x0, pointerCount=1, historySize=0, eventTime=10538181, downTime=10538181, deviceId=0, source=0x1002 }
08-11 20:23:57.965  6459  6459 I Input   : injectMotionEvent: MotionEvent { action=ACTION_MOVE, actionButton=0, id[0]=0, x[0]=1296.0, y[0]=2294.0, toolType[0]=TOOL_TYPE_UNKNOWN, buttonState=0, metaState=0, flags=0x0, edgeFlags=0x0, pointerCount=1, historySize=0, eventTime=10538181, downTime=10538181, deviceId=0, source=0x1002 }
08-11 20:23:57.984  6459  6459 I Input   : injectMotionEvent: MotionEvent { action=ACTION_MOVE, actionButton=0, id[0]=0, x[0]=1296.0, y[0]=2294.0, toolType[0]=TOOL_TYPE_UNKNOWN, buttonState=0, metaState=0, flags=0x0, edgeFlags=0x0, pointerCount=1, historySize=0, eventTime=10538206, downTime=10538206, deviceId=0, source=0x1002 }
08-11 20:23:58.000  6459  6459 I Input   : injectMotionEvent: MotionEvent { action=ACTION_MOVE, actionButton=0, id[0]=0, x[0]=1296.0, y[0]=2294.0, toolType[0]=TOOL_TYPE_UNKNOWN, buttonState=0, metaState=0, flags=0x0, edgeFlags=0x0, pointerCount=1, historySize=0, eventTime=10538223, downTime=10538223, deviceId=0, source=0x1002 }
08-11 20:23:58.017  6459  6459 I Input   : injectMotionEvent: MotionEvent { action=ACTION_MOVE, actionButton=0, id[0]=0, x[0]=1296.0, y[0]=2294.0, toolType[0]=TOOL_TYPE_UNKNOWN, buttonState=0, metaState=0, flags=0x0, edgeFlags=0x0, pointerCount=1, historySize=0, eventTime=10538239, downTime=10538239, deviceId=0, source=0x1002 }
08-11 20:23:58.033  6459  6459 I Input   : injectMotionEvent: MotionEvent { action=ACTION_MOVE, actionButton=0, id[0]=0, x[0]=1296.0, y[0]=2294.0, toolType[0]=TOOL_TYPE_UNKNOWN, buttonState=0, metaState=0, flags=0x0, edgeFlags=0x0, pointerCount=1, historySize=0, eventTime=10538256, downTime=10538256, deviceId=0, source=0x1002 }
08-11 20:23:58.050  6459  6459 I Input   : injectMotionEvent: MotionEvent { action=ACTION_MOVE, actionButton=0, id[0]=0, x[0]=1296.0, y[0]=2294.0, toolType[0]=TOOL_TYPE_UNKNOWN, buttonState=0, metaState=0, flags=0x0, edgeFlags=0x0, pointerCount=1, historySize=0, eventTime=10538273, downTime=10538273, deviceId=0, source=0x1002 }
08-11 20:23:58.069  6459  6459 I Input   : injectMotionEvent: MotionEvent { action=ACTION_MOVE, actionButton=0, id[0]=0, x[0]=1296.0, y[0]=2294.0, toolType[0]=TOOL_TYPE_UNKNOWN, buttonState=0, metaState=0, flags=0x0, edgeFlags=0x0, pointerCount=1, historySize=0, eventTime=10538291, downTime=10538291, deviceId=0, source=0x1002 }
08-11 20:23:58.084  6459  6459 I Input   : injectMotionEvent: MotionEvent { action=ACTION_MOVE, actionButton=0, id[0]=0, x[0]=1296.0, y[0]=2294.0, toolType[0]=TOOL_TYPE_UNKNOWN, buttonState=0, metaState=0, flags=0x0, edgeFlags=0x0, pointerCount=1, historySize=0, eventTime=10538306, downTime=10538306, deviceId=0, source=0x1002 }
08-11 20:23:58.101  6459  6459 I Input   : injectMotionEvent: MotionEvent { action=ACTION_MOVE, actionButton=0, id[0]=0, x[0]=1296.0, y[0]=2294.0, toolType[0]=TOOL_TYPE_UNKNOWN, buttonState=0, metaState=0, flags=0x0, edgeFlags=0x0, pointerCount=1, historySize=0, eventTime=10538323, downTime=10538323, deviceId=0, source=0x1002 }
08-11 20:23:58.117  6459  6459 I Input   : injectMotionEvent: MotionEvent { action=ACTION_MOVE, actionButton=0, id[0]=0, x[0]=1296.0, y[0]=2294.0, toolType[0]=TOOL_TYPE_UNKNOWN, buttonState=0, metaState=0, flags=0x0, edgeFlags=0x0, pointerCount=1, historySize=0, eventTime=10538340, downTime=10538340, deviceId=0, source=0x1002 }
08-11 20:23:58.134  6459  6459 I Input   : injectMotionEvent: MotionEvent { action=ACTION_MOVE, actionButton=0, id[0]=0, x[0]=1296.0, y[0]=2294.0, toolType[0]=TOOL_TYPE_UNKNOWN, buttonState=0, metaState=0, flags=0x0, edgeFlags=0x0, pointerCount=1, historySize=0, eventTime=10538357, downTime=10538357, deviceId=0, source=0x1002 }
08-11 20:23:58.151  6459  6459 I Input   : injectMotionEvent: MotionEvent { action=ACTION_MOVE, actionButton=0, id[0]=0, x[0]=1296.0, y[0]=2294.0, toolType[0]=TOOL_TYPE_UNKNOWN, buttonState=0, metaState=0, flags=0x0, edgeFlags=0x0, pointerCount=1, historySize=0, eventTime=10538374, downTime=10538374, deviceId=0, source=0x1002 }
08-11 20:23:58.168  6459  6459 I Input   : injectMotionEvent: MotionEvent { action=ACTION_UP, actionButton=0, id[0]=0, x[0]=1296.0, y[0]=2294.0, toolType[0]=TOOL_TYPE_UNKNOWN, buttonState=0, metaState=0, flags=0x0, edgeFlags=0x0, pointerCount=1, historySize=0, eventTime=10538390, downTime=10538390, deviceId=0, source=0x1002 }
08-11 20:23:58.170  6459  6459 D AndroidRuntime: Shutting down VM
08-11 20:23:58.172   605  2877 D audio_hw_primary: out_set_parameters: enter: usecase(1: low-latency-playback) kvpairs: routing=2
08-11 20:23:58.186   605  2877 D audio_hw_primary: select_devices: out_snd_device(2: speaker) in_snd_device(0: none)
08-11 20:23:58.186   605  2877 D msm8974_platform: platform_send_audio_calibration: sending audio calibration for snd_device(2) acdb_id(15)
08-11 20:23:58.187   605  2877 I soundtrigger: audio_extn_sound_trigger_update_device_status: device 0x2 of type 0 for Event 1
08-11 20:23:58.198   605  2877 D audio_hw_primary: enable_snd_device: snd_device(2: speaker)
08-11 20:23:58.201   605  2877 D audio_hw_primary: enable_audio_route: apply and update mixer path: low-latency-playback speaker
08-11 20:23:58.438  4819  4819 I ServiceManager: Waiting for service AtCmdFwd...
08-11 20:23:58.739   605  2877 D audio_hw_primary: disable_audio_route: reset and update mixer path: low-latency-playback speaker
08-11 20:23:58.740   605  2877 D audio_hw_primary: disable_snd_device: snd_device(2: speaker)
08-11 20:23:58.748   605  2877 I soundtrigger: audio_extn_sound_trigger_update_device_status: device 0x2 of type 0 for Event 0
08-11 20:23:59.096  6476  6476 W ps      : type=1400 audit(0.0:10863): avc: denied { getattr } for path="/proc/337" dev="proc" ino=545411 scontext=u:r:shell:s0 tcontext=u:r:logd:s0 tclass=dir permissive=0
08-11 20:23:59.096  6476  6476 W ps      : type=1400 audit(0.0:10864): avc: denied { read } for name="task" dev="proc" ino=545747 scontext=u:r:shell:s0 tcontext=u:r:logd:s0 tclass=dir permissive=0
08-11 20:23:59.439  4819  4819 I ServiceManager: Waiting for service AtCmdFwd...
08-11 20:24:00.201  8113  8113 I com.tms.easyro.nopspro.NOPSPro_Receiver: [onReceive] ** START **
08-11 20:24:00.202  8113  8113 I com.tms.easyro.nopspro.NOPSPro_Receiver: [onReceive] ** END   **
08-11 20:24:00.206  8113  8113 I com.tms.easyro.nopspro.NOPSPro_Receiver: [toReceiveProcess] ** START **
08-11 20:24:00.208  8113  8113 I com.tms.easyro.nopspro.NOPSPro_Receiver: [toReceiveProcess] ActionName[START]=android.intent.action.TIME_TICK
08-11 20:24:00.210  8113  8113 I com.tms.easyro.nopspro.NOPSPro_Receiver: [toReceiveProcess] ActionName[END  ]=android.intent.action.TIME_TICK
08-11 20:24:00.211  8113  8113 I com.tms.easyro.nopspro.NOPSPro_Receiver: [toReceiveProcess] ** END   **
08-11 20:24:00.439  4819  4819 I ServiceManager: Waiting for service AtCmdFwd...
08-11 20:24:00.496  6498  6498 W ps      : type=1400 audit(0.0:10865): avc: denied { getattr } for path="/proc/337" dev="proc" ino=545411 scontext=u:r:shell:s0 tcontext=u:r:logd:s0 tclass=dir permissive=0
08-11 20:24:00.496  6498  6498 W ps      : type=1400 audit(0.0:10866): avc: denied { read } for name="task" dev="proc" ino=545747 scontext=u:r:shell:s0 tcontext=u:r:logd:s0 tclass=dir permissive=0
08-11 20:24:01.440  4819  4819 W Atfwd_Sendcmd: AtCmdFwd service not published, waiting... retryCnt : 2
08-11 20:24:01.906  6512  6512 W ps      : type=1400 audit(0.0:10867): avc: denied { getattr } for path="/proc/337" dev="proc" ino=545411 scontext=u:r:shell:s0 tcontext=u:r:logd:s0 tclass=dir permissive=0
08-11 20:24:01.906  6512  6512 W ps      : type=1400 audit(0.0:10868): avc: denied { read } for name="task" dev="proc" ino=545747 scontext=u:r:shell:s0 tcontext=u:r:logd:s0 tclass=dir permissive=0
08-11 20:24:02.044   611   706 I ThermalEngine: ACTION: GPU - Setting GPU[0] to 510000000
08-11 20:24:02.310  3312  3312 D Geolocation: {"bearing":0,"timestamp":1502497442931,"speed":0,"time_created":1502497442309,"lat_lon":{"lon":-79.9454713,"lat":40.4432541},"accuracy":1107,"provider":"fused"}
08-11 20:24:02.310  3312  8188 D DeviceState: {"wifi_bssid":"34:fc:b9:6f:10:f3","battery_level":60.000004,"is_connected":"true","time_created":1502497441738,"is_screen_on":"true"}
08-11 20:24:02.571  3894  2995 W GmsLocationProvider: Error removing location updates: 16
08-11 20:24:03.054  6529  6529 D AndroidRuntime: >>>>>> START com.android.internal.os.RuntimeInit uid 2000 <<<<<<
08-11 20:24:03.059  6529  6529 D AndroidRuntime: CheckJNI is OFF
08-11 20:24:03.090  6529  6529 D ICU     : No timezone override file found: /data/misc/zoneinfo/current/icu/icu_tzdata.dat
08-11 20:24:03.126  6529  6529 I Radio-JNI: register_android_hardware_Radio DONE
08-11 20:24:03.149  6529  6529 D AndroidRuntime: Calling main entry com.android.commands.input.Input
08-11 20:24:03.151  6529  6529 I Input   : injectMotionEvent: MotionEvent { action=ACTION_DOWN, actionButton=0, id[0]=0, x[0]=1008.0, y[0]=2294.0, toolType[0]=TOOL_TYPE_UNKNOWN, buttonState=0, metaState=0, flags=0x0, edgeFlags=0x0, pointerCount=1, historySize=0, eventTime=10543373, downTime=10543373, deviceId=0, source=0x1002 }
08-11 20:24:03.158  6529  6529 I Input   : injectMotionEvent: MotionEvent { action=ACTION_MOVE, actionButton=0, id[0]=0, x[0]=1008.0, y[0]=2294.0, toolType[0]=TOOL_TYPE_UNKNOWN, buttonState=0, metaState=0, flags=0x0, edgeFlags=0x0, pointerCount=1, historySize=0, eventTime=10543373, downTime=10543373, deviceId=0, source=0x1002 }
08-11 20:24:03.171  6529  6529 I Input   : injectMotionEvent: MotionEvent { action=ACTION_MOVE, actionButton=0, id[0]=0, x[0]=1008.0, y[0]=2294.0, toolType[0]=TOOL_TYPE_UNKNOWN, buttonState=0, metaState=0, flags=0x0, edgeFlags=0x0, pointerCount=1, historySize=0, eventTime=10543394, downTime=10543394, deviceId=0, source=0x1002 }
08-11 20:24:03.188  6529  6529 I Input   : injectMotionEvent: MotionEvent { action=ACTION_MOVE, actionButton=0, id[0]=0, x[0]=1008.0, y[0]=2294.0, toolType[0]=TOOL_TYPE_UNKNOWN, buttonState=0, metaState=0, flags=0x0, edgeFlags=0x0, pointerCount=1, historySize=0, eventTime=10543410, downTime=10543410, deviceId=0, source=0x1002 }
08-11 20:24:03.205  6529  6529 I Input   : injectMotionEvent: MotionEvent { action=ACTION_MOVE, actionButton=0, id[0]=0, x[0]=1008.0, y[0]=2294.0, toolType[0]=TOOL_TYPE_UNKNOWN, buttonState=0, metaState=0, flags=0x0, edgeFlags=0x0, pointerCount=1, historySize=0, eventTime=10543427, downTime=10543427, deviceId=0, source=0x1002 }
08-11 20:24:03.221  6529  6529 I Input   : injectMotionEvent: MotionEvent { action=ACTION_MOVE, actionButton=0, id[0]=0, x[0]=1008.0, y[0]=2294.0, toolType[0]=TOOL_TYPE_UNKNOWN, buttonState=0, metaState=0, flags=0x0, edgeFlags=0x0, pointerCount=1, historySize=0, eventTime=10543444, downTime=10543444, deviceId=0, source=0x1002 }
08-11 20:24:03.239  6529  6529 I Input   : injectMotionEvent: MotionEvent { action=ACTION_MOVE, actionButton=0, id[0]=0, x[0]=1008.0, y[0]=2294.0, toolType[0]=TOOL_TYPE_UNKNOWN, buttonState=0, metaState=0, flags=0x0, edgeFlags=0x0, pointerCount=1, historySize=0, eventTime=10543461, downTime=10543461, deviceId=0, source=0x1002 }
08-11 20:24:03.258  6529  6529 I Input   : injectMotionEvent: MotionEvent { action=ACTION_MOVE, actionButton=0, id[0]=0, x[0]=1008.0, y[0]=2294.0, toolType[0]=TOOL_TYPE_UNKNOWN, buttonState=0, metaState=0, flags=0x0, edgeFlags=0x0, pointerCount=1, historySize=0, eventTime=10543480, downTime=10543480, deviceId=0, source=0x1002 }
08-11 20:24:03.256  6542  6542 W ps      : type=1400 audit(0.0:10869): avc: denied { getattr } for path="/proc/337" dev="proc" ino=545411 scontext=u:r:shell:s0 tcontext=u:r:logd:s0 tclass=dir permissive=0
08-11 20:24:03.256  6542  6542 W ps      : type=1400 audit(0.0:10870): avc: denied { read } for name="task" dev="proc" ino=545747 scontext=u:r:shell:s0 tcontext=u:r:logd:s0 tclass=dir permissive=0
08-11 20:24:03.271  6529  6529 I Input   : injectMotionEvent: MotionEvent { action=ACTION_MOVE, actionButton=0, id[0]=0, x[0]=1008.0, y[0]=2294.0, toolType[0]=TOOL_TYPE_UNKNOWN, buttonState=0, metaState=0, flags=0x0, edgeFlags=0x0, pointerCount=1, historySize=0, eventTime=10543494, downTime=10543494, deviceId=0, source=0x1002 }
08-11 20:24:03.288  6529  6529 I Input   : injectMotionEvent: MotionEvent { action=ACTION_MOVE, actionButton=0, id[0]=0, x[0]=1008.0, y[0]=2294.0, toolType[0]=TOOL_TYPE_UNKNOWN, buttonState=0, metaState=0, flags=0x0, edgeFlags=0x0, pointerCount=1, historySize=0, eventTime=10543511, downTime=10543511, deviceId=0, source=0x1002 }
08-11 20:24:03.305  6529  6529 I Input   : injectMotionEvent: MotionEvent { action=ACTION_MOVE, actionButton=0, id[0]=0, x[0]=1008.0, y[0]=2294.0, toolType[0]=TOOL_TYPE_UNKNOWN, buttonState=0, metaState=0, flags=0x0, edgeFlags=0x0, pointerCount=1, historySize=0, eventTime=10543527, downTime=10543527, deviceId=0, source=0x1002 }
08-11 20:24:03.322  6529  6529 I Input   : injectMotionEvent: MotionEvent { action=ACTION_MOVE, actionButton=0, id[0]=0, x[0]=1008.0, y[0]=2294.0, toolType[0]=TOOL_TYPE_UNKNOWN, buttonState=0, metaState=0, flags=0x0, edgeFlags=0x0, pointerCount=1, historySize=0, eventTime=10543544, downTime=10543544, deviceId=0, source=0x1002 }
08-11 20:24:03.338  6529  6529 I Input   : injectMotionEvent: MotionEvent { action=ACTION_MOVE, actionButton=0, id[0]=0, x[0]=1008.0, y[0]=2294.0, toolType[0]=TOOL_TYPE_UNKNOWN, buttonState=0, metaState=0, flags=0x0, edgeFlags=0x0, pointerCount=1, historySize=0, eventTime=10543561, downTime=10543561, deviceId=0, source=0x1002 }
08-11 20:24:03.355  6529  6529 I Input   : injectMotionEvent: MotionEvent { action=ACTION_UP, actionButton=0, id[0]=0, x[0]=1008.0, y[0]=2294.0, toolType[0]=TOOL_TYPE_UNKNOWN, buttonState=0, metaState=0, flags=0x0, edgeFlags=0x0, pointerCount=1, historySize=0, eventTime=10543578, downTime=10543578, deviceId=0, source=0x1002 }
08-11 20:24:03.358  6529  6529 D AndroidRuntime: Shutting down VM
08-11 20:24:03.360   605  2877 D audio_hw_primary: out_set_parameters: enter: usecase(1: low-latency-playback) kvpairs: routing=2
08-11 20:24:03.360  1029  3143 I ActivityManager: START u0 {flg=0x10000 cmp=com.yelp.android/.ui.activities.feed.ActivityFeed (has extras)} from uid 10500 on display 0
08-11 20:24:03.372   605  2877 D audio_hw_primary: select_devices: out_snd_device(2: speaker) in_snd_device(0: none)
08-11 20:24:03.372   605  2877 D msm8974_platform: platform_send_audio_calibration: sending audio calibration for snd_device(2) acdb_id(15)
08-11 20:24:03.373   605  2877 I soundtrigger: audio_extn_sound_trigger_update_device_status: device 0x2 of type 0 for Event 1
08-11 20:24:03.378  5686  5732 V Adjust  : Foreground timer suspended with 24.5 seconds left
08-11 20:24:03.378  5686  5732 V Adjust  : Subsession end
08-11 20:24:03.384   605  2877 D audio_hw_primary: enable_snd_device: snd_device(2: speaker)
08-11 20:24:03.386   605  2877 D audio_hw_primary: enable_audio_route: apply and update mixer path: low-latency-playback speaker
08-11 20:24:03.387  5686  5732 D Adjust  : Wrote Activity state: ec:4 sc:1 ssc:1 sl:36.6 ts:36.6 la:11:12:13 uuid:794e33a6-8856-48ac-97e9-18be023da95a
08-11 20:24:03.420  5686  5686 I AppCompatViewInflater: app:theme is now deprecated. Please move to using android:theme instead.
08-11 20:24:03.529  5686  5686 D LOCDEBUG: init accuracy:MEDIUM_KM recentness:MINUTE_15
08-11 20:24:03.540  5686  5686 D LOCDEBUG: init accuracy:COARSE recentness:DAY
08-11 20:24:03.549  5686  5732 V Adjust  : Foreground timer starting
08-11 20:24:03.549  5686  5732 V Adjust  : Subsession start
08-11 20:24:03.549  5686  5732 V Adjust  : Time span since last activity too short for a new subsession
08-11 20:24:03.651  1029  2910 I ActivityManager: Displayed com.yelp.android/.ui.activities.feed.ActivityFeed: +276ms
08-11 20:24:03.654  5686  5686 W Bitmap  : Called reconfigure on a bitmap that is in use! This may cause graphical corruption!
08-11 20:24:03.680  5686  5686 W Bitmap  : Called reconfigure on a bitmap that is in use! This may cause graphical corruption!
08-11 20:24:03.719  5686  5686 W Bitmap  : Called reconfigure on a bitmap that is in use! This may cause graphical corruption!
08-11 20:24:03.742  5686  5686 W Bitmap  : Called reconfigure on a bitmap that is in use! This may cause graphical corruption!
08-11 20:24:03.781  5686  5686 W Bitmap  : Called reconfigure on a bitmap that is in use! This may cause graphical corruption!
08-11 20:24:03.795  5686  5686 W Bitmap  : Called reconfigure on a bitmap that is in use! This may cause graphical corruption!
08-11 20:24:03.842  5686  5686 W Bitmap  : Called reconfigure on a bitmap that is in use! This may cause graphical corruption!
08-11 20:24:03.849  5686  5686 W Bitmap  : Called reconfigure on a bitmap that is in use! This may cause graphical corruption!
08-11 20:24:03.905  5686  5686 W Bitmap  : Called reconfigure on a bitmap that is in use! This may cause graphical corruption!
08-11 20:24:03.912  5686  5686 W Bitmap  : Called reconfigure on a bitmap that is in use! This may cause graphical corruption!
08-11 20:24:03.919   605  2877 D audio_hw_primary: disable_audio_route: reset and update mixer path: low-latency-playback speaker
08-11 20:24:03.920   605  2877 D audio_hw_primary: disable_snd_device: snd_device(2: speaker)
08-11 20:24:03.931   605  2877 I soundtrigger: audio_extn_sound_trigger_update_device_status: device 0x2 of type 0 for Event 0
08-11 20:24:03.970  5686  5686 W Bitmap  : Called reconfigure on a bitmap that is in use! This may cause graphical corruption!
08-11 20:24:03.978  5686  5686 W Bitmap  : Called reconfigure on a bitmap that is in use! This may cause graphical corruption!
08-11 20:24:04.030  5686  5686 W Bitmap  : Called reconfigure on a bitmap that is in use! This may cause graphical corruption!
08-11 20:24:04.036  5686  5686 W Bitmap  : Called reconfigure on a bitmap that is in use! This may cause graphical corruption!
08-11 20:24:04.088  5686  5686 W Bitmap  : Called reconfigure on a bitmap that is in use! This may cause graphical corruption!
08-11 20:24:04.094  5686  5686 W Bitmap  : Called reconfigure on a bitmap that is in use! This may cause graphical corruption!
08-11 20:24:04.148  5686  5686 W Bitmap  : Called reconfigure on a bitmap that is in use! This may cause graphical corruption!
08-11 20:24:04.154  5686  5686 W Bitmap  : Called reconfigure on a bitmap that is in use! This may cause graphical corruption!
08-11 20:24:04.208  5686  5686 W Bitmap  : Called reconfigure on a bitmap that is in use! This may cause graphical corruption!
08-11 20:24:04.215  5686  5686 W Bitmap  : Called reconfigure on a bitmap that is in use! This may cause graphical corruption!
08-11 20:24:04.268  5686  5686 W Bitmap  : Called reconfigure on a bitmap that is in use! This may cause graphical corruption!
08-11 20:24:04.275  5686  5686 W Bitmap  : Called reconfigure on a bitmap that is in use! This may cause graphical corruption!
08-11 20:24:04.327  5686  5686 W Bitmap  : Called reconfigure on a bitmap that is in use! This may cause graphical corruption!
08-11 20:24:04.334  5686  5686 W Bitmap  : Called reconfigure on a bitmap that is in use! This may cause graphical corruption!
08-11 20:24:04.386  5686  5686 W Bitmap  : Called reconfigure on a bitmap that is in use! This may cause graphical corruption!
08-11 20:24:04.393  5686  5686 W Bitmap  : Called reconfigure on a bitmap that is in use! This may cause graphical corruption!
08-11 20:24:04.447  5686  5686 W Bitmap  : Called reconfigure on a bitmap that is in use! This may cause graphical corruption!
08-11 20:24:04.454  5686  5686 W Bitmap  : Called reconfigure on a bitmap that is in use! This may cause graphical corruption!
08-11 20:24:04.506  5686  5686 W Bitmap  : Called reconfigure on a bitmap that is in use! This may cause graphical corruption!
08-11 20:24:04.512  5686  5686 W Bitmap  : Called reconfigure on a bitmap that is in use! This may cause graphical corruption!
08-11 20:24:04.564  5686  5686 W Bitmap  : Called reconfigure on a bitmap that is in use! This may cause graphical corruption!
08-11 20:24:04.570  5686  5686 W Bitmap  : Called reconfigure on a bitmap that is in use! This may cause graphical corruption!
08-11 20:24:04.566  6556  6556 W ps      : type=1400 audit(0.0:10871): avc: denied { getattr } for path="/proc/337" dev="proc" ino=545411 scontext=u:r:shell:s0 tcontext=u:r:logd:s0 tclass=dir permissive=0
08-11 20:24:04.566  6556  6556 W ps      : type=1400 audit(0.0:10872): avc: denied { read } for name="task" dev="proc" ino=545747 scontext=u:r:shell:s0 tcontext=u:r:logd:s0 tclass=dir permissive=0
08-11 20:24:04.622  5686  5686 W Bitmap  : Called reconfigure on a bitmap that is in use! This may cause graphical corruption!
08-11 20:24:04.627  5686  5686 W Bitmap  : Called reconfigure on a bitmap that is in use! This may cause graphical corruption!
08-11 20:24:04.683  5686  5686 W Bitmap  : Called reconfigure on a bitmap that is in use! This may cause graphical corruption!
08-11 20:24:04.689  5686  5686 W Bitmap  : Called reconfigure on a bitmap that is in use! This may cause graphical corruption!
08-11 20:24:04.743  5686  5686 W Bitmap  : Called reconfigure on a bitmap that is in use! This may cause graphical corruption!
08-11 20:24:04.749  5686  5686 W Bitmap  : Called reconfigure on a bitmap that is in use! This may cause graphical corruption!
08-11 20:24:04.804  5686  5686 W Bitmap  : Called reconfigure on a bitmap that is in use! This may cause graphical corruption!
08-11 20:24:04.810  5686  5686 W Bitmap  : Called reconfigure on a bitmap that is in use! This may cause graphical corruption!
08-11 20:24:04.865  5686  5686 W Bitmap  : Called reconfigure on a bitmap that is in use! This may cause graphical corruption!
08-11 20:24:04.873  5686  5686 W Bitmap  : Called reconfigure on a bitmap that is in use! This may cause graphical corruption!
08-11 20:24:04.928  5686  5686 W Bitmap  : Called reconfigure on a bitmap that is in use! This may cause graphical corruption!
08-11 20:24:04.934  5686  5686 W Bitmap  : Called reconfigure on a bitmap that is in use! This may cause graphical corruption!
08-11 20:24:04.986  5686  5686 W Bitmap  : Called reconfigure on a bitmap that is in use! This may cause graphical corruption!
08-11 20:24:04.991  5686  5686 W Bitmap  : Called reconfigure on a bitmap that is in use! This may cause graphical corruption!
08-11 20:24:05.044  5686  5686 W Bitmap  : Called reconfigure on a bitmap that is in use! This may cause graphical corruption!
08-11 20:24:05.049   611   706 I ThermalEngine: ACTION: GPU - Setting GPU[0] to 450000000
08-11 20:24:05.051  5686  5686 W Bitmap  : Called reconfigure on a bitmap that is in use! This may cause graphical corruption!
08-11 20:24:05.105  5686  5686 W Bitmap  : Called reconfigure on a bitmap that is in use! This may cause graphical corruption!
08-11 20:24:05.113  5686  5686 W Bitmap  : Called reconfigure on a bitmap that is in use! This may cause graphical corruption!
08-11 20:24:05.169  5686  5686 W Bitmap  : Called reconfigure on a bitmap that is in use! This may cause graphical corruption!
08-11 20:24:05.177  5686  5686 W Bitmap  : Called reconfigure on a bitmap that is in use! This may cause graphical corruption!
08-11 20:24:05.232  5686  5686 W Bitmap  : Called reconfigure on a bitmap that is in use! This may cause graphical corruption!
08-11 20:24:05.239  5686  5686 W Bitmap  : Called reconfigure on a bitmap that is in use! This may cause graphical corruption!
08-11 20:24:05.294  5686  5686 W Bitmap  : Called reconfigure on a bitmap that is in use! This may cause graphical corruption!
08-11 20:24:05.301  5686  5686 W Bitmap  : Called reconfigure on a bitmap that is in use! This may cause graphical corruption!
08-11 20:24:05.363  5686  5686 W Bitmap  : Called reconfigure on a bitmap that is in use! This may cause graphical corruption!
08-11 20:24:05.375  5686  5686 W Bitmap  : Called reconfigure on a bitmap that is in use! This may cause graphical corruption!
08-11 20:24:05.431  5686  5686 W Bitmap  : Called reconfigure on a bitmap that is in use! This may cause graphical corruption!
08-11 20:24:05.439  5686  5686 W Bitmap  : Called reconfigure on a bitmap that is in use! This may cause graphical corruption!
08-11 20:24:05.491  5686  5686 W Bitmap  : Called reconfigure on a bitmap that is in use! This may cause graphical corruption!
08-11 20:24:05.498  5686  5686 W Bitmap  : Called reconfigure on a bitmap that is in use! This may cause graphical corruption!
08-11 20:24:05.550  5686  5686 W Bitmap  : Called reconfigure on a bitmap that is in use! This may cause graphical corruption!
08-11 20:24:05.556  5686  5686 W Bitmap  : Called reconfigure on a bitmap that is in use! This may cause graphical corruption!
08-11 20:24:05.608  5686  5686 W Bitmap  : Called reconfigure on a bitmap that is in use! This may cause graphical corruption!
08-11 20:24:05.614  5686  5686 W Bitmap  : Called reconfigure on a bitmap that is in use! This may cause graphical corruption!
08-11 20:24:05.667  5686  5686 W Bitmap  : Called reconfigure on a bitmap that is in use! This may cause graphical corruption!
08-11 20:24:05.672  5686  5686 W Bitmap  : Called reconfigure on a bitmap that is in use! This may cause graphical corruption!
08-11 20:24:05.725  5686  5686 W Bitmap  : Called reconfigure on a bitmap that is in use! This may cause graphical corruption!
08-11 20:24:05.731  5686  5686 W Bitmap  : Called reconfigure on a bitmap that is in use! This may cause graphical corruption!
08-11 20:24:05.783  5686  5686 W Bitmap  : Called reconfigure on a bitmap that is in use! This may cause graphical corruption!
08-11 20:24:05.791  5686  5686 W Bitmap  : Called reconfigure on a bitmap that is in use! This may cause graphical corruption!
08-11 20:24:05.845  5686  5686 W Bitmap  : Called reconfigure on a bitmap that is in use! This may cause graphical corruption!
08-11 20:24:05.851  5686  5686 W Bitmap  : Called reconfigure on a bitmap that is in use! This may cause graphical corruption!
08-11 20:24:05.896  6571  6571 W ps      : type=1400 audit(0.0:10873): avc: denied { getattr } for path="/proc/337" dev="proc" ino=545411 scontext=u:r:shell:s0 tcontext=u:r:logd:s0 tclass=dir permissive=0
08-11 20:24:05.896  6571  6571 W ps      : type=1400 audit(0.0:10874): avc: denied { read } for name="task" dev="proc" ino=545747 scontext=u:r:shell:s0 tcontext=u:r:logd:s0 tclass=dir permissive=0
08-11 20:24:05.903  5686  5686 W Bitmap  : Called reconfigure on a bitmap that is in use! This may cause graphical corruption!
08-11 20:24:05.909  5686  5686 W Bitmap  : Called reconfigure on a bitmap that is in use! This may cause graphical corruption!
08-11 20:24:05.962  5686  5686 W Bitmap  : Called reconfigure on a bitmap that is in use! This may cause graphical corruption!
08-11 20:24:05.968  5686  5686 W Bitmap  : Called reconfigure on a bitmap that is in use! This may cause graphical corruption!
08-11 20:24:06.021  5686  5686 W Bitmap  : Called reconfigure on a bitmap that is in use! This may cause graphical corruption!
08-11 20:24:06.027  5686  5686 W Bitmap  : Called reconfigure on a bitmap that is in use! This may cause graphical corruption!
08-11 20:24:06.080  5686  5686 W Bitmap  : Called reconfigure on a bitmap that is in use! This may cause graphical corruption!
08-11 20:24:06.086  5686  5686 W Bitmap  : Called reconfigure on a bitmap that is in use! This may cause graphical corruption!
08-11 20:24:06.140  5686  5686 W Bitmap  : Called reconfigure on a bitmap that is in use! This may cause graphical corruption!
08-11 20:24:06.146  5686  5686 W Bitmap  : Called reconfigure on a bitmap that is in use! This may cause graphical corruption!
08-11 20:24:06.202  5686  5686 W Bitmap  : Called reconfigure on a bitmap that is in use! This may cause graphical corruption!
08-11 20:24:06.208  5686  5686 W Bitmap  : Called reconfigure on a bitmap that is in use! This may cause graphical corruption!
08-11 20:24:06.263  5686  5686 W Bitmap  : Called reconfigure on a bitmap that is in use! This may cause graphical corruption!
08-11 20:24:06.269  5686  5686 W Bitmap  : Called reconfigure on a bitmap that is in use! This may cause graphical corruption!
08-11 20:24:06.323  5686  5686 W Bitmap  : Called reconfigure on a bitmap that is in use! This may cause graphical corruption!
08-11 20:24:06.329  5686  5686 W Bitmap  : Called reconfigure on a bitmap that is in use! This may cause graphical corruption!
08-11 20:24:06.384  5686  5686 W Bitmap  : Called reconfigure on a bitmap that is in use! This may cause graphical corruption!
08-11 20:24:06.389  5686  5686 W Bitmap  : Called reconfigure on a bitmap that is in use! This may cause graphical corruption!
08-11 20:24:06.438  1029  3511 D WifiService: acquireWifiLockLocked: WifiLock{NlpWifiLock type=2 binder=android.os.BinderProxy@c213329}
08-11 20:24:06.442  1029  3002 D wifi    : Initialized common fields 10000, 25, 100, 10
08-11 20:24:06.442  1029  3002 D wifi    : bucket[0] = 2:3:10000:2
08-11 20:24:06.444  5686  5686 W Bitmap  : Called reconfigure on a bitmap that is in use! This may cause graphical corruption!
08-11 20:24:06.450  5686  5686 W Bitmap  : Called reconfigure on a bitmap that is in use! This may cause graphical corruption!
08-11 20:24:06.501  5686  5686 W Bitmap  : Called reconfigure on a bitmap that is in use! This may cause graphical corruption!
08-11 20:24:06.510  5686  5686 W Bitmap  : Called reconfigure on a bitmap that is in use! This may cause graphical corruption!
08-11 20:24:06.563  5686  5686 W Bitmap  : Called reconfigure on a bitmap that is in use! This may cause graphical corruption!
08-11 20:24:06.568  5686  5686 W Bitmap  : Called reconfigure on a bitmap that is in use! This may cause graphical corruption!
08-11 20:24:06.624  5686  5686 W Bitmap  : Called reconfigure on a bitmap that is in use! This may cause graphical corruption!
08-11 20:24:06.630  5686  5686 W Bitmap  : Called reconfigure on a bitmap that is in use! This may cause graphical corruption!
08-11 20:24:06.685  5686  5686 W Bitmap  : Called reconfigure on a bitmap that is in use! This may cause graphical corruption!
08-11 20:24:06.691  5686  5686 W Bitmap  : Called reconfigure on a bitmap that is in use! This may cause graphical corruption!
08-11 20:24:06.745  5686  5686 W Bitmap  : Called reconfigure on a bitmap that is in use! This may cause graphical corruption!
08-11 20:24:06.751  5686  5686 W Bitmap  : Called reconfigure on a bitmap that is in use! This may cause graphical corruption!
08-11 20:24:06.805  5686  5686 W Bitmap  : Called reconfigure on a bitmap that is in use! This may cause graphical corruption!
08-11 20:24:06.812  5686  5686 W Bitmap  : Called reconfigure on a bitmap that is in use! This may cause graphical corruption!
08-11 20:24:06.868  5686  5686 W Bitmap  : Called reconfigure on a bitmap that is in use! This may cause graphical corruption!
08-11 20:24:06.876  5686  5686 W Bitmap  : Called reconfigure on a bitmap that is in use! This may cause graphical corruption!
08-11 20:24:06.927  5686  5686 W Bitmap  : Called reconfigure on a bitmap that is in use! This may cause graphical corruption!
08-11 20:24:06.932  5686  5686 W Bitmap  : Called reconfigure on a bitmap that is in use! This may cause graphical corruption!
08-11 20:24:06.986  5686  5686 W Bitmap  : Called reconfigure on a bitmap that is in use! This may cause graphical corruption!
08-11 20:24:06.992  5686  5686 W Bitmap  : Called reconfigure on a bitmap that is in use! This may cause graphical corruption!
08-11 20:24:07.046  5686  5686 W Bitmap  : Called reconfigure on a bitmap that is in use! This may cause graphical corruption!
08-11 20:24:07.053  5686  5686 W Bitmap  : Called reconfigure on a bitmap that is in use! This may cause graphical corruption!
08-11 20:24:07.106  5686  5686 W Bitmap  : Called reconfigure on a bitmap that is in use! This may cause graphical corruption!
08-11 20:24:07.111  5686  5686 W Bitmap  : Called reconfigure on a bitmap that is in use! This may cause graphical corruption!
08-11 20:24:07.164  5686  5686 W Bitmap  : Called reconfigure on a bitmap that is in use! This may cause graphical corruption!
08-11 20:24:07.169  5686  5686 W Bitmap  : Called reconfigure on a bitmap that is in use! This may cause graphical corruption!
08-11 20:24:07.222  5686  5686 W Bitmap  : Called reconfigure on a bitmap that is in use! This may cause graphical corruption!
08-11 20:24:07.229  5686  5686 W Bitmap  : Called reconfigure on a bitmap that is in use! This may cause graphical corruption!
08-11 20:24:07.280  5686  5686 W Bitmap  : Called reconfigure on a bitmap that is in use! This may cause graphical corruption!
08-11 20:24:07.287  5686  5686 W Bitmap  : Called reconfigure on a bitmap that is in use! This may cause graphical corruption!
08-11 20:24:07.296  6589  6589 W ps      : type=1400 audit(0.0:10875): avc: denied { getattr } for path="/proc/337" dev="proc" ino=545411 scontext=u:r:shell:s0 tcontext=u:r:logd:s0 tclass=dir permissive=0
08-11 20:24:07.296  6589  6589 W ps      : type=1400 audit(0.0:10876): avc: denied { read } for name="task" dev="proc" ino=545747 scontext=u:r:shell:s0 tcontext=u:r:logd:s0 tclass=dir permissive=0
08-11 20:24:07.339  5686  5686 W Bitmap  : Called reconfigure on a bitmap that is in use! This may cause graphical corruption!
08-11 20:24:07.345  5686  5686 W Bitmap  : Called reconfigure on a bitmap that is in use! This may cause graphical corruption!
08-11 20:24:07.397  5686  5686 W Bitmap  : Called reconfigure on a bitmap that is in use! This may cause graphical corruption!
08-11 20:24:07.403  5686  5686 W Bitmap  : Called reconfigure on a bitmap that is in use! This may cause graphical corruption!
08-11 20:24:07.455  5686  5686 W Bitmap  : Called reconfigure on a bitmap that is in use! This may cause graphical corruption!
08-11 20:24:07.460  5686  5686 W Bitmap  : Called reconfigure on a bitmap that is in use! This may cause graphical corruption!
08-11 20:24:07.501  3312  3312 D Geolocation: {"bearing":0,"timestamp":1502497447930,"speed":0,"time_created":1502497447500,"lat_lon":{"lon":-79.9454713,"lat":40.4432541},"accuracy":1214,"provider":"fused"}
08-11 20:24:07.509  1029  3143 D WifiService: releaseWifiLockLocked: WifiLock{NlpWifiLock type=2 binder=android.os.BinderProxy@c213329}
08-11 20:24:07.513  5686  5686 W Bitmap  : Called reconfigure on a bitmap that is in use! This may cause graphical corruption!
08-11 20:24:07.521  5686  5686 W Bitmap  : Called reconfigure on a bitmap that is in use! This may cause graphical corruption!
08-11 20:24:07.576  5686  5686 W Bitmap  : Called reconfigure on a bitmap that is in use! This may cause graphical corruption!
08-11 20:24:07.582  5686  5686 W Bitmap  : Called reconfigure on a bitmap that is in use! This may cause graphical corruption!
08-11 20:24:07.636  5686  5686 W Bitmap  : Called reconfigure on a bitmap that is in use! This may cause graphical corruption!
08-11 20:24:07.642  5686  5686 W Bitmap  : Called reconfigure on a bitmap that is in use! This may cause graphical corruption!
08-11 20:24:07.696  5686  5686 W Bitmap  : Called reconfigure on a bitmap that is in use! This may cause graphical corruption!
08-11 20:24:07.703  5686  5686 W Bitmap  : Called reconfigure on a bitmap that is in use! This may cause graphical corruption!
08-11 20:24:07.758  5686  5686 W Bitmap  : Called reconfigure on a bitmap that is in use! This may cause graphical corruption!
08-11 20:24:07.764  5686  5686 W Bitmap  : Called reconfigure on a bitmap that is in use! This may cause graphical corruption!
08-11 20:24:07.819  5686  5686 W Bitmap  : Called reconfigure on a bitmap that is in use! This may cause graphical corruption!
08-11 20:24:07.825  5686  5686 W Bitmap  : Called reconfigure on a bitmap that is in use! This may cause graphical corruption!
08-11 20:24:07.877  5686  5686 W Bitmap  : Called reconfigure on a bitmap that is in use! This may cause graphical corruption!
08-11 20:24:07.883  5686  5686 W Bitmap  : Called reconfigure on a bitmap that is in use! This may cause graphical corruption!
08-11 20:24:07.935  5686  5686 W Bitmap  : Called reconfigure on a bitmap that is in use! This may cause graphical corruption!
08-11 20:24:07.941  5686  5686 W Bitmap  : Called reconfigure on a bitmap that is in use! This may cause graphical corruption!
08-11 20:24:07.999  5686  5686 W Bitmap  : Called reconfigure on a bitmap that is in use! This may cause graphical corruption!
08-11 20:24:08.011  5686  5686 W Bitmap  : Called reconfigure on a bitmap that is in use! This may cause graphical corruption!
08-11 20:24:08.075  5686  5686 W Bitmap  : Called reconfigure on a bitmap that is in use! This may cause graphical corruption!
08-11 20:24:08.084  5686  5686 W Bitmap  : Called reconfigure on a bitmap that is in use! This may cause graphical corruption!
08-11 20:24:08.143  5686  5686 W Bitmap  : Called reconfigure on a bitmap that is in use! This may cause graphical corruption!
08-11 20:24:08.151  5686  5686 W Bitmap  : Called reconfigure on a bitmap that is in use! This may cause graphical corruption!
08-11 20:24:08.206  5686  5686 W Bitmap  : Called reconfigure on a bitmap that is in use! This may cause graphical corruption!
08-11 20:24:08.217  5686  5686 W Bitmap  : Called reconfigure on a bitmap that is in use! This may cause graphical corruption!
08-11 20:24:08.281  5686  5686 W Bitmap  : Called reconfigure on a bitmap that is in use! This may cause graphical corruption!
08-11 20:24:08.295  5686  5686 W Bitmap  : Called reconfigure on a bitmap that is in use! This may cause graphical corruption!
08-11 20:24:08.351  6605  6605 D AndroidRuntime: >>>>>> START com.android.internal.os.RuntimeInit uid 2000 <<<<<<
08-11 20:24:08.356  5686  5686 W Bitmap  : Called reconfigure on a bitmap that is in use! This may cause graphical corruption!
08-11 20:24:08.357  6605  6605 D AndroidRuntime: CheckJNI is OFF
08-11 20:24:08.366  5686  5686 W Bitmap  : Called reconfigure on a bitmap that is in use! This may cause graphical corruption!
08-11 20:24:08.401  6605  6605 D ICU     : No timezone override file found: /data/misc/zoneinfo/current/icu/icu_tzdata.dat
08-11 20:24:08.425  5686  5686 W Bitmap  : Called reconfigure on a bitmap that is in use! This may cause graphical corruption!
08-11 20:24:08.441  5686  5686 W Bitmap  : Called reconfigure on a bitmap that is in use! This may cause graphical corruption!
08-11 20:24:08.448  6605  6605 I Radio-JNI: register_android_hardware_Radio DONE
08-11 20:24:08.477  6605  6605 D AndroidRuntime: Calling main entry com.android.commands.input.Input
08-11 20:24:08.479  6605  6605 I Input   : injectMotionEvent: MotionEvent { action=ACTION_DOWN, actionButton=0, id[0]=0, x[0]=1296.0, y[0]=2294.0, toolType[0]=TOOL_TYPE_UNKNOWN, buttonState=0, metaState=0, flags=0x0, edgeFlags=0x0, pointerCount=1, historySize=0, eventTime=10548701, downTime=10548701, deviceId=0, source=0x1002 }
08-11 20:24:08.484  6605  6605 I Input   : injectMotionEvent: MotionEvent { action=ACTION_MOVE, actionButton=0, id[0]=0, x[0]=1296.0, y[0]=2294.0, toolType[0]=TOOL_TYPE_UNKNOWN, buttonState=0, metaState=0, flags=0x0, edgeFlags=0x0, pointerCount=1, historySize=0, eventTime=10548701, downTime=10548701, deviceId=0, source=0x1002 }
08-11 20:24:08.493  5686  5686 W Bitmap  : Called reconfigure on a bitmap that is in use! This may cause graphical corruption!
08-11 20:24:08.499  6605  6605 I Input   : injectMotionEvent: MotionEvent { action=ACTION_MOVE, actionButton=0, id[0]=0, x[0]=1296.0, y[0]=2294.0, toolType[0]=TOOL_TYPE_UNKNOWN, buttonState=0, metaState=0, flags=0x0, edgeFlags=0x0, pointerCount=1, historySize=0, eventTime=10548721, downTime=10548721, deviceId=0, source=0x1002 }
08-11 20:24:08.501  5686  5686 W Bitmap  : Called reconfigure on a bitmap that is in use! This may cause graphical corruption!
08-11 20:24:08.509  6605  6605 I Input   : injectMotionEvent: MotionEvent { action=ACTION_MOVE, actionButton=0, id[0]=0, x[0]=1296.0, y[0]=2294.0, toolType[0]=TOOL_TYPE_UNKNOWN, buttonState=0, metaState=0, flags=0x0, edgeFlags=0x0, pointerCount=1, historySize=0, eventTime=10548732, downTime=10548732, deviceId=0, source=0x1002 }
08-11 20:24:08.526  6605  6605 I Input   : injectMotionEvent: MotionEvent { action=ACTION_MOVE, actionButton=0, id[0]=0, x[0]=1296.0, y[0]=2294.0, toolType[0]=TOOL_TYPE_UNKNOWN, buttonState=0, metaState=0, flags=0x0, edgeFlags=0x0, pointerCount=1, historySize=0, eventTime=10548748, downTime=10548748, deviceId=0, source=0x1002 }
08-11 20:24:08.543  6605  6605 I Input   : injectMotionEvent: MotionEvent { action=ACTION_MOVE, actionButton=0, id[0]=0, x[0]=1296.0, y[0]=2294.0, toolType[0]=TOOL_TYPE_UNKNOWN, buttonState=0, metaState=0, flags=0x0, edgeFlags=0x0, pointerCount=1, historySize=0, eventTime=10548765, downTime=10548765, deviceId=0, source=0x1002 }
08-11 20:24:08.552  5686  5686 W Bitmap  : Called reconfigure on a bitmap that is in use! This may cause graphical corruption!
08-11 20:24:08.557  5686  5686 W Bitmap  : Called reconfigure on a bitmap that is in use! This may cause graphical corruption!
08-11 20:24:08.560  6605  6605 I Input   : injectMotionEvent: MotionEvent { action=ACTION_MOVE, actionButton=0, id[0]=0, x[0]=1296.0, y[0]=2294.0, toolType[0]=TOOL_TYPE_UNKNOWN, buttonState=0, metaState=0, flags=0x0, edgeFlags=0x0, pointerCount=1, historySize=0, eventTime=10548782, downTime=10548782, deviceId=0, source=0x1002 }
08-11 20:24:08.576  6605  6605 I Input   : injectMotionEvent: MotionEvent { action=ACTION_MOVE, actionButton=0, id[0]=0, x[0]=1296.0, y[0]=2294.0, toolType[0]=TOOL_TYPE_UNKNOWN, buttonState=0, metaState=0, flags=0x0, edgeFlags=0x0, pointerCount=1, historySize=0, eventTime=10548798, downTime=10548798, deviceId=0, source=0x1002 }
08-11 20:24:08.593  6605  6605 I Input   : injectMotionEvent: MotionEvent { action=ACTION_MOVE, actionButton=0, id[0]=0, x[0]=1296.0, y[0]=2294.0, toolType[0]=TOOL_TYPE_UNKNOWN, buttonState=0, metaState=0, flags=0x0, edgeFlags=0x0, pointerCount=1, historySize=0, eventTime=10548815, downTime=10548815, deviceId=0, source=0x1002 }
08-11 20:24:08.611  5686  5686 W Bitmap  : Called reconfigure on a bitmap that is in use! This may cause graphical corruption!
08-11 20:24:08.621  5686  5686 W Bitmap  : Called reconfigure on a bitmap that is in use! This may cause graphical corruption!
08-11 20:24:08.623  6605  6605 I Input   : injectMotionEvent: MotionEvent { action=ACTION_MOVE, actionButton=0, id[0]=0, x[0]=1296.0, y[0]=2294.0, toolType[0]=TOOL_TYPE_UNKNOWN, buttonState=0, metaState=0, flags=0x0, edgeFlags=0x0, pointerCount=1, historySize=0, eventTime=10548846, downTime=10548846, deviceId=0, source=0x1002 }
08-11 20:24:08.643  6605  6605 I Input   : injectMotionEvent: MotionEvent { action=ACTION_MOVE, actionButton=0, id[0]=0, x[0]=1296.0, y[0]=2294.0, toolType[0]=TOOL_TYPE_UNKNOWN, buttonState=0, metaState=0, flags=0x0, edgeFlags=0x0, pointerCount=1, historySize=0, eventTime=10548866, downTime=10548866, deviceId=0, source=0x1002 }
08-11 20:24:08.660  6605  6605 I Input   : injectMotionEvent: MotionEvent { action=ACTION_MOVE, actionButton=0, id[0]=0, x[0]=1296.0, y[0]=2294.0, toolType[0]=TOOL_TYPE_UNKNOWN, buttonState=0, metaState=0, flags=0x0, edgeFlags=0x0, pointerCount=1, historySize=0, eventTime=10548882, downTime=10548882, deviceId=0, source=0x1002 }
08-11 20:24:08.673  5686  5686 W Bitmap  : Called reconfigure on a bitmap that is in use! This may cause graphical corruption!
08-11 20:24:08.679  5686  5686 W Bitmap  : Called reconfigure on a bitmap that is in use! This may cause graphical corruption!
08-11 20:24:08.681  6605  6605 I Input   : injectMotionEvent: MotionEvent { action=ACTION_UP, actionButton=0, id[0]=0, x[0]=1296.0, y[0]=2294.0, toolType[0]=TOOL_TYPE_UNKNOWN, buttonState=0, metaState=0, flags=0x0, edgeFlags=0x0, pointerCount=1, historySize=0, eventTime=10548904, downTime=10548904, deviceId=0, source=0x1002 }
08-11 20:24:08.676  6618  6618 W ps      : type=1400 audit(0.0:10877): avc: denied { getattr } for path="/proc/337" dev="proc" ino=545411 scontext=u:r:shell:s0 tcontext=u:r:logd:s0 tclass=dir permissive=0
08-11 20:24:08.676  6618  6618 W ps      : type=1400 audit(0.0:10878): avc: denied { read } for name="task" dev="proc" ino=545747 scontext=u:r:shell:s0 tcontext=u:r:logd:s0 tclass=dir permissive=0
08-11 20:24:08.687   605  2877 D audio_hw_primary: out_set_parameters: enter: usecase(1: low-latency-playback) kvpairs: routing=2
08-11 20:24:08.691  1029  3562 I ActivityManager: START u0 {flg=0x10000 cmp=com.yelp.android/.ui.activities.bookmarks.ActivityBookmarks (has extras)} from uid 10500 on display 0
08-11 20:24:08.701   605  2877 D audio_hw_primary: select_devices: out_snd_device(2: speaker) in_snd_device(0: none)
08-11 20:24:08.701   605  2877 D msm8974_platform: platform_send_audio_calibration: sending audio calibration for snd_device(2) acdb_id(15)
08-11 20:24:08.701   605  2877 I soundtrigger: audio_extn_sound_trigger_update_device_status: device 0x2 of type 0 for Event 1
08-11 20:24:08.712   605  2877 D audio_hw_primary: enable_snd_device: snd_device(2: speaker)
08-11 20:24:08.713  5686  5732 V Adjust  : Foreground timer suspended with 19.4 seconds left
08-11 20:24:08.713  5686  5732 V Adjust  : Subsession end
08-11 20:24:08.715   605  2877 D audio_hw_primary: enable_audio_route: apply and update mixer path: low-latency-playback speaker
08-11 20:24:08.722  5686  5732 D Adjust  : Wrote Activity state: ec:4 sc:1 ssc:1 sl:41.9 ts:41.9 la:11:12:13 uuid:794e33a6-8856-48ac-97e9-18be023da95a
08-11 20:24:08.768  5686  5686 I AppCompatViewInflater: app:theme is now deprecated. Please move to using android:theme instead.
08-11 20:24:08.911  5686  5732 V Adjust  : Foreground timer starting
08-11 20:24:08.911  5686  5732 V Adjust  : Subsession start
08-11 20:24:08.912  5686  5732 V Adjust  : Time span since last activity too short for a new subsession
08-11 20:24:08.919  5686  5686 D LOCDEBUG: init accuracy:COARSE recentness:MINUTE_15
08-11 20:24:08.932  5686  5686 W Bitmap  : Called reconfigure on a bitmap that is in use! This may cause graphical corruption!
08-11 20:24:08.937  5686  5686 W Bitmap  : Called reconfigure on a bitmap that is in use! This may cause graphical corruption!
